cargo : warning: profiles for the non root package will be ignored, specify profiles at the workspace root:
At line:1 char:1
+ cargo test --manifest-path contracts/attestation/Cargo.toml > test_ou ...
+ ~~~~~~~~~~~~~~~~~~~~~~~~~~~~~~~~~~~~~~~~~~~~~~~~~~~~~~~~~~~~~~~~~~~~~
    + CategoryInfo          : NotSpecified: (warning: profil...workspace root::String) [], RemoteException
    + FullyQualifiedErrorId : NativeCommandError
 
package:   C:\Users\ADMIN\Desktop\remmy-drips\Veritasor-Contracts\contracts\aggregated-attestations\Cargo.toml
workspace: C:\Users\ADMIN\Desktop\remmy-drips\Veritasor-Contracts\Cargo.toml
warning: profiles for the non root package will be ignored, specify profiles at the workspace root:
package:   C:\Users\ADMIN\Desktop\remmy-drips\Veritasor-Contracts\contracts\attestation\Cargo.toml
workspace: C:\Users\ADMIN\Desktop\remmy-drips\Veritasor-Contracts\Cargo.toml
warning: profiles for the non root package will be ignored, specify profiles at the workspace root:
package:   C:\Users\ADMIN\Desktop\remmy-drips\Veritasor-Contracts\contracts\attestor-staking\Cargo.toml
workspace: C:\Users\ADMIN\Desktop\remmy-drips\Veritasor-Contracts\Cargo.toml
warning: profiles for the non root package will be ignored, specify profiles at the workspace root:
package:   C:\Users\ADMIN\Desktop\remmy-drips\Veritasor-Contracts\contracts\attestation-snapshot\Cargo.toml
workspace: C:\Users\ADMIN\Desktop\remmy-drips\Veritasor-Contracts\Cargo.toml
warning: profiles for the non root package will be ignored, specify profiles at the workspace root:
package:   C:\Users\ADMIN\Desktop\remmy-drips\Veritasor-Contracts\contracts\integration-registry\Cargo.toml
workspace: C:\Users\ADMIN\Desktop\remmy-drips\Veritasor-Contracts\Cargo.toml
warning: profiles for the non root package will be ignored, specify profiles at the workspace root:
package:   C:\Users\ADMIN\Desktop\remmy-drips\Veritasor-Contracts\contracts\protocol-dao\Cargo.toml
workspace: C:\Users\ADMIN\Desktop\remmy-drips\Veritasor-Contracts\Cargo.toml
warning: profiles for the non root package will be ignored, specify profiles at the workspace root:
package:   C:\Users\ADMIN\Desktop\remmy-drips\Veritasor-Contracts\contracts\attestation-registry\Cargo.toml
workspace: C:\Users\ADMIN\Desktop\remmy-drips\Veritasor-Contracts\Cargo.toml
warning: profiles for the non root package will be ignored, specify profiles at the workspace root:
package:   C:\Users\ADMIN\Desktop\remmy-drips\Veritasor-Contracts\contracts\audit-log\Cargo.toml
workspace: C:\Users\ADMIN\Desktop\remmy-drips\Veritasor-Contracts\Cargo.toml
warning: profiles for the non root package will be ignored, specify profiles at the workspace root:
package:   C:\Users\ADMIN\Desktop\remmy-drips\Veritasor-Contracts\contracts\business-config\Cargo.toml
workspace: C:\Users\ADMIN\Desktop\remmy-drips\Veritasor-Contracts\Cargo.toml
warning: profiles for the non root package will be ignored, specify profiles at the workspace root:
package:   C:\Users\ADMIN\Desktop\remmy-drips\Veritasor-Contracts\contracts\lender-access-list\Cargo.toml
workspace: C:\Users\ADMIN\Desktop\remmy-drips\Veritasor-Contracts\Cargo.toml
warning: profiles for the non root package will be ignored, specify profiles at the workspace root:
package:   C:\Users\ADMIN\Desktop\remmy-drips\Veritasor-Contracts\contracts\lender-consumer\Cargo.toml
workspace: C:\Users\ADMIN\Desktop\remmy-drips\Veritasor-Contracts\Cargo.toml
warning: profiles for the non root package will be ignored, specify profiles at the workspace root:
package:   C:\Users\ADMIN\Desktop\remmy-drips\Veritasor-Contracts\contracts\network-config\Cargo.toml
workspace: C:\Users\ADMIN\Desktop\remmy-drips\Veritasor-Contracts\Cargo.toml
warning: profiles for the non root package will be ignored, specify profiles at the workspace root:
package:   C:\Users\ADMIN\Desktop\remmy-drips\Veritasor-Contracts\contracts\protocol-simulation\Cargo.toml
workspace: C:\Users\ADMIN\Desktop\remmy-drips\Veritasor-Contracts\Cargo.toml
warning: profiles for the non root package will be ignored, specify profiles at the workspace root:
package:   C:\Users\ADMIN\Desktop\remmy-drips\Veritasor-Contracts\contracts\revenue-bonds\Cargo.toml
workspace: C:\Users\ADMIN\Desktop\remmy-drips\Veritasor-Contracts\Cargo.toml
warning: profiles for the non root package will be ignored, specify profiles at the workspace root:
package:   C:\Users\ADMIN\Desktop\remmy-drips\Veritasor-Contracts\contracts\revenue-curve\Cargo.toml
workspace: C:\Users\ADMIN\Desktop\remmy-drips\Veritasor-Contracts\Cargo.toml
warning: profiles for the non root package will be ignored, specify profiles at the workspace root:
package:   C:\Users\ADMIN\Desktop\remmy-drips\Veritasor-Contracts\contracts\revenue-share\Cargo.toml
workspace: C:\Users\ADMIN\Desktop\remmy-drips\Veritasor-Contracts\Cargo.toml
warning: profiles for the non root package will be ignored, specify profiles at the workspace root:
package:   C:\Users\ADMIN\Desktop\remmy-drips\Veritasor-Contracts\contracts\revenue-stream\Cargo.toml
workspace: C:\Users\ADMIN\Desktop\remmy-drips\Veritasor-Contracts\Cargo.toml
   Compiling veritasor-attestation v0.1.0 
(C:\Users\ADMIN\Desktop\remmy-drips\Veritasor-Contracts\contracts\attestation)
error[E0432]: unresolved import `crate::test`
 --> contracts\attestation\src\revocation_test.rs:4:12
  |
4 | use crate::test::TestEnv;
  |            ^^^^ could not find `test` in the crate root

error[E0425]: cannot find value `expiry_ts` in this scope
  --> contracts\attestation\src\expiry_test.rs:50:15
   |
50 |         &Some(expiry_ts),
   |               ^^^^^^^^^ not found in this scope

error[E0425]: cannot find value `root` in this scope
  --> contracts\attestation\src\expiry_test.rs:71:10
   |
71 |         &root,
   |          ^^^^ not found in this scope

error[E0425]: cannot find value `expiry_ts` in this scope
  --> contracts\attestation\src\expiry_test.rs:95:15
   |
95 |         &Some(expiry_ts),
   |               ^^^^^^^^^ not found in this scope

error[E0425]: cannot find value `expiry_ts` in this scope
   --> contracts\attestation\src\expiry_test.rs:115:15
    |
115 |         &Some(expiry_ts),
    |               ^^^^^^^^^ not found in this scope

error[E0425]: cannot find value `expiry_ts` in this scope
   --> contracts\attestation\src\expiry_test.rs:134:15
    |
134 |         &Some(expiry_ts),
    |               ^^^^^^^^^ not found in this scope

error[E0425]: cannot find value `expiry_ts` in this scope
   --> contracts\attestation\src\expiry_test.rs:159:15
    |
159 |         &Some(expiry_ts),
    |               ^^^^^^^^^ not found in this scope

error[E0425]: cannot find value `expiry_ts` in this scope
   --> contracts\attestation\src\expiry_test.rs:184:15
    |
184 |         &Some(expiry_ts),
    |               ^^^^^^^^^ not found in this scope

error[E0425]: cannot find type `Env` in this scope
   --> contracts\attestation\src\revocation_test.rs:427:28
    |
427 | fn setup_dispute_env() -> (Env, AttestationContractClient<'static>, Address) {
    |                            ^^^ not found in this scope
    |
help: consider importing one of these structs
    |
  3 + use crate::Env;
    |
  3 + use soroban_sdk::Env;
    |

error[E0425]: cannot find type `AttestationContractClient` in this scope
   --> contracts\attestation\src\revocation_test.rs:427:33
    |
427 | fn setup_dispute_env() -> (Env, AttestationContractClient<'static>, Address) {
    |                                 ^^^^^^^^^^^^^^^^^^^^^^^^^ not found in this scope
    |
help: consider importing this struct
    |
  3 + use crate::AttestationContractClient;
    |

error[E0433]: failed to resolve: use of undeclared type `Env`
   --> contracts\attestation\src\revocation_test.rs:428:15
    |
428 |     let env = Env::default();
    |               ^^^ use of undeclared type `Env`
    |
help: consider importing one of these structs
    |
  3 + use crate::Env;
    |
  3 + use soroban_sdk::Env;
    |

error[E0425]: cannot find value `AttestationContract` in this scope
   --> contracts\attestation\src\revocation_test.rs:430:36
    |
430 |     let contract_id = env.register(AttestationContract, ());
    |                                    ^^^^^^^^^^^^^^^^^^^ not found in this scope
    |
help: consider importing this unit struct
    |
  3 + use crate::AttestationContract;
    |

error[E0433]: failed to resolve: use of undeclared type `AttestationContractClient`
   --> contracts\attestation\src\revocation_test.rs:431:18
    |
431 |     let client = AttestationContractClient::new(&env, &contract_id);
    |                  ^^^^^^^^^^^^^^^^^^^^^^^^^ use of undeclared type `AttestationContractClient`
    |
help: consider importing this struct
    |
  3 + use crate::AttestationContractClient;
    |

error[E0277]: the trait bound `BatchAttestationItem: Clone` is not satisfied
   --> contracts\attestation\src\lib.rs:310:27
    |
310 |         for item in items.iter() {
    |                           ^^^^ the trait `Clone` is not implemented for `BatchAttestationItem`
    |
note: required by a bound in `soroban_sdk::Vec::<T>::iter`
   --> C:\Users\ADMIN\.cargo\registry\src\index.crates.io-1949cf8c6b5b557f\soroban-sdk-22.0.11\src\vec.rs:923:55
    |
921 |     pub fn iter(&self) -> UnwrappedIter<VecTryIter<T>, T, T::Error>
    |            ---- required by a bound in this associated function
922 |     where
923 |         T: IntoVal<Env, Val> + TryFromVal<Env, Val> + Clone,
    |                                                       ^^^^^ required by this bound in `Vec::<T>::iter`
help: consider annotating `BatchAttestationItem` with `#[derive(Clone)]`
    |
 65 + #[derive(Clone)]
 66 | pub struct BatchAttestationItem {
    |

error[E0061]: this function takes 3 arguments but 2 arguments were supplied
   --> contracts\attestation\src\lib.rs:748:9
    |
748 |         dynamic_fees::compute_fee(&env, &business)
    |         ^^^^^^^^^^^^^^^^^^^^^^^^^-----------------
    |                                  ||     |
    |                                  ||     expected `u32`, found `&Address`
    |                                  |expected `i128`, found `&Env`
    |                                  argument #3 of type `u32` is missing
    |
note: function defined here
   --> contracts\attestation\src\dynamic_fees.rs:324:8
    |
324 | pub fn compute_fee(base_fee: i128, tier_discount_bps: u32, volume_discount_bps: u32) -> i128 {
    |        ^^^^^^^^^^^ --------------  ----------------------  ------------------------
help: provide the argument
    |
748 -         dynamic_fees::compute_fee(&env, &business)
748 +         dynamic_fees::compute_fee(/* i128 */, /* u32 */, /* u32 */)
    |

error[E0061]: this method takes 8 arguments but 7 arguments were supplied
   --> contracts\attestation\src\proof_hash_test.rs:43:12
    |
 43 |       client.submit_attestation(
    |  ____________^^^^^^^^^^^^^^^^^^-
 44 | |         &business,
 45 | |         &period,
 46 | |         &root,
...   |
 50 | |         &None,
 51 | |     );
    | |_____- argument #8 of type `&u64` is missing
    |
note: method defined here
   --> contracts\attestation\src\lib.rs:183:12
    |
183 |     pub fn submit_attestation(
    |            ^^^^^^^^^^^^^^^^^^
...
192 |         nonce: u64,
    |         ----------
help: provide the argument
    |
 43 |     client.submit_attestation(
...
 50 |         &None,
 51 ~         /* &u64 */,
 52 ~     );
    |

error[E0061]: this method takes 8 arguments but 7 arguments were supplied
   --> contracts\attestation\src\proof_hash_test.rs:74:12
    |
 74 |       client.submit_attestation(
    |  ____________^^^^^^^^^^^^^^^^^^-
 75 | |         &business,
 76 | |         &period,
 77 | |         &root,
...   |
 81 | |         &None,
 82 | |     );
    | |_____- argument #8 of type `&u64` is missing
    |
note: method defined here
   --> contracts\attestation\src\lib.rs:183:12
    |
183 |     pub fn submit_attestation(
    |            ^^^^^^^^^^^^^^^^^^
...
192 |         nonce: u64,
    |         ----------
help: provide the argument
    |
 74 |     client.submit_attestation(
...
 81 |         &None,
 82 ~         /* &u64 */,
 83 ~     );
    |

error[E0061]: this method takes 8 arguments but 7 arguments were supplied
   --> contracts\attestation\src\proof_hash_test.rs:101:12
    |
101 |       client.submit_attestation(
    |  ____________^^^^^^^^^^^^^^^^^^-
102 | |         &business,
103 | |         &period,
104 | |         &root,
...   |
108 | |         &None,
109 | |     );
    | |_____- argument #8 of type `&u64` is missing
    |
note: method defined here
   --> contracts\attestation\src\lib.rs:183:12
    |
183 |     pub fn submit_attestation(
    |            ^^^^^^^^^^^^^^^^^^
...
192 |         nonce: u64,
    |         ----------
help: provide the argument
    |
101 |     client.submit_attestation(
...
108 |         &None,
109 ~         /* &u64 */,
110 ~     );
    |

error[E0061]: this method takes 8 arguments but 7 arguments were supplied
   --> contracts\attestation\src\proof_hash_test.rs:123:12
    |
123 |       client.submit_attestation(
    |  ____________^^^^^^^^^^^^^^^^^^-
124 | |         &business,
125 | |         &period,
126 | |         &root,
...   |
130 | |         &None,
131 | |     );
    | |_____- argument #8 of type `&u64` is missing
    |
note: method defined here
   --> contracts\attestation\src\lib.rs:183:12
    |
183 |     pub fn submit_attestation(
    |            ^^^^^^^^^^^^^^^^^^
...
192 |         nonce: u64,
    |         ----------
help: provide the argument
    |
123 |     client.submit_attestation(
...
130 |         &None,
131 ~         /* &u64 */,
132 ~     );
    |

error[E0061]: this method takes 8 arguments but 7 arguments were supplied
   --> contracts\attestation\src\proof_hash_test.rs:162:12
    |
162 |       client.submit_attestation(
    |  ____________^^^^^^^^^^^^^^^^^^-
163 | |         &business,
164 | |         &period,
165 | |         &old_root,
...   |
169 | |         &None,
170 | |     );
    | |_____- argument #8 of type `&u64` is missing
    |
note: method defined here
   --> contracts\attestation\src\lib.rs:183:12
    |
183 |     pub fn submit_attestation(
    |            ^^^^^^^^^^^^^^^^^^
...
192 |         nonce: u64,
    |         ----------
help: provide the argument
    |
162 |     client.submit_attestation(
...
169 |         &None,
170 ~         /* &u64 */,
171 ~     );
    |

error[E0061]: this method takes 6 arguments but 5 arguments were supplied
   --> contracts\attestation\src\proof_hash_test.rs:173:12
    |
173 |     client.migrate_attestation(&admin, &business, &period, &new_root, &2u32);
    |            ^^^^^^^^^^^^^^^^^^^---------------------------------------------- argument #6 of type `&u64` is 
missing
    |
note: method defined here
   --> contracts\attestation\src\lib.rs:336:12
    |
336 |     pub fn migrate_attestation(
    |            ^^^^^^^^^^^^^^^^^^^
...
343 |         _nonce: u64,
    |         -----------
help: provide the argument
    |
173 |     client.migrate_attestation(&admin, &business, &period, &new_root, &2u32, /* &u64 */);
    |                                                                            ++++++++++++

error[E0061]: this method takes 8 arguments but 7 arguments were supplied
   --> contracts\attestation\src\proof_hash_test.rs:194:12
    |
194 |       client.submit_attestation(
    |  ____________^^^^^^^^^^^^^^^^^^-
195 | |         &business,
196 | |         &period,
197 | |         &old_root,
...   |
201 | |         &None,
202 | |     );
    | |_____- argument #8 of type `&u64` is missing
    |
note: method defined here
   --> contracts\attestation\src\lib.rs:183:12
    |
183 |     pub fn submit_attestation(
    |            ^^^^^^^^^^^^^^^^^^
...
192 |         nonce: u64,
    |         ----------
help: provide the argument
    |
194 |     client.submit_attestation(
...
201 |         &None,
202 ~         /* &u64 */,
203 ~     );
    |

error[E0061]: this method takes 6 arguments but 5 arguments were supplied
   --> contracts\attestation\src\proof_hash_test.rs:204:12
    |
204 |     client.migrate_attestation(&admin, &business, &period, &new_root, &2u32);
    |            ^^^^^^^^^^^^^^^^^^^---------------------------------------------- argument #6 of type `&u64` is 
missing
    |
note: method defined here
   --> contracts\attestation\src\lib.rs:336:12
    |
336 |     pub fn migrate_attestation(
    |            ^^^^^^^^^^^^^^^^^^^
...
343 |         _nonce: u64,
    |         -----------
help: provide the argument
    |
204 |     client.migrate_attestation(&admin, &business, &period, &new_root, &2u32, /* &u64 */);
    |                                                                            ++++++++++++

error[E0061]: this method takes 8 arguments but 7 arguments were supplied
   --> contracts\attestation\src\proof_hash_test.rs:233:12
    |
233 |       client.submit_attestation(
    |  ____________^^^^^^^^^^^^^^^^^^-
234 | |         &business,
235 | |         &period,
236 | |         &root,
...   |
240 | |         &None,
241 | |     );
    | |_____- argument #8 of type `&u64` is missing
    |
note: method defined here
   --> contracts\attestation\src\lib.rs:183:12
    |
183 |     pub fn submit_attestation(
    |            ^^^^^^^^^^^^^^^^^^
...
192 |         nonce: u64,
    |         ----------
help: provide the argument
    |
233 |     client.submit_attestation(
...
240 |         &None,
241 ~         /* &u64 */,
242 ~     );
    |

error[E0061]: this method takes 8 arguments but 7 arguments were supplied
   --> contracts\attestation\src\proof_hash_test.rs:268:12
    |
268 |       client.submit_attestation(
    |  ____________^^^^^^^^^^^^^^^^^^-
269 | |         &business,
270 | |         &period,
271 | |         &root,
...   |
275 | |         &None,
276 | |     );
    | |_____- argument #8 of type `&u64` is missing
    |
note: method defined here
   --> contracts\attestation\src\lib.rs:183:12
    |
183 |     pub fn submit_attestation(
    |            ^^^^^^^^^^^^^^^^^^
...
192 |         nonce: u64,
    |         ----------
help: provide the argument
    |
268 |     client.submit_attestation(
...
275 |         &None,
276 ~         /* &u64 */,
277 ~     );
    |

error[E0061]: this method takes 8 arguments but 7 arguments were supplied
   --> contracts\attestation\src\proof_hash_test.rs:306:12
    |
306 |     client.submit_attestation(&business1, &period, &root, &1_700_000_000u64, &1u32, &Some(hash1.clone()), &None);
    |            ^^^^^^^^^^^^^^^^^^----------------------------------------------------------------------------------- 
argument #8 of type `&u64` is missing
    |
note: method defined here
   --> contracts\attestation\src\lib.rs:183:12
    |
183 |     pub fn submit_attestation(
    |            ^^^^^^^^^^^^^^^^^^
...
192 |         nonce: u64,
    |         ----------
help: provide the argument
    |
306 |     client.submit_attestation(&business1, &period, &root, &1_700_000_000u64, &1u32, &Some(hash1.clone()), &None, 
/* &u64 */);
    |                                                                                                                
++++++++++++

error[E0061]: this method takes 8 arguments but 7 arguments were supplied
   --> contracts\attestation\src\proof_hash_test.rs:307:12
    |
307 |     client.submit_attestation(&business2, &period, &root, &1_700_000_000u64, &1u32, &Some(hash2.clone()), &None);
    |            ^^^^^^^^^^^^^^^^^^----------------------------------------------------------------------------------- 
argument #8 of type `&u64` is missing
    |
note: method defined here
   --> contracts\attestation\src\lib.rs:183:12
    |
183 |     pub fn submit_attestation(
    |            ^^^^^^^^^^^^^^^^^^
...
192 |         nonce: u64,
    |         ----------
help: provide the argument
    |
307 |     client.submit_attestation(&business2, &period, &root, &1_700_000_000u64, &1u32, &Some(hash2.clone()), &None, 
/* &u64 */);
    |                                                                                                                
++++++++++++

error[E0061]: this method takes 8 arguments but 7 arguments were supplied
   --> contracts\attestation\src\proof_hash_test.rs:327:12
    |
327 |     client.submit_attestation(&business_zero, &period, &root, &1_700_000_000u64, &1u32, 
&Some(zero_hash.clone()), &None);
    |            
^^^^^^^^^^^^^^^^^^------------------------------------------------------------------------------------------- argument 
#8 of type `&u64` is missing
    |
note: method defined here
   --> contracts\attestation\src\lib.rs:183:12
    |
183 |     pub fn submit_attestation(
    |            ^^^^^^^^^^^^^^^^^^
...
192 |         nonce: u64,
    |         ----------
help: provide the argument
    |
327 |     client.submit_attestation(&business_zero, &period, &root, &1_700_000_000u64, &1u32, 
&Some(zero_hash.clone()), &None, /* &u64 */);
    |                                                                                                                  
      ++++++++++++

error[E0061]: this method takes 8 arguments but 7 arguments were supplied
   --> contracts\attestation\src\proof_hash_test.rs:328:12
    |
328 |     client.submit_attestation(&business_max, &period, &root, &1_700_000_000u64, &1u32, &Some(max_hash.clone()), 
&None);
    |            
^^^^^^^^^^^^^^^^^^----------------------------------------------------------------------------------------- argument 
#8 of type `&u64` is missing
    |
note: method defined here
   --> contracts\attestation\src\lib.rs:183:12
    |
183 |     pub fn submit_attestation(
    |            ^^^^^^^^^^^^^^^^^^
...
192 |         nonce: u64,
    |         ----------
help: provide the argument
    |
328 |     client.submit_attestation(&business_max, &period, &root, &1_700_000_000u64, &1u32, &Some(max_hash.clone()), 
&None, /* &u64 */);
    |                                                                                                                  
    ++++++++++++

error[E0061]: this method takes 8 arguments but 7 arguments were supplied
   --> contracts\attestation\src\proof_hash_test.rs:346:12
    |
346 |     client.submit_attestation(&business1, &period1, &root, &1_700_000_000u64, &1u32, &Some(shared_hash.clone()), 
&None);
    |            
^^^^^^^^^^^^^^^^^^------------------------------------------------------------------------------------------ argument 
#8 of type `&u64` is missing
    |
note: method defined here
   --> contracts\attestation\src\lib.rs:183:12
    |
183 |     pub fn submit_attestation(
    |            ^^^^^^^^^^^^^^^^^^
...
192 |         nonce: u64,
    |         ----------
help: provide the argument
    |
346 |     client.submit_attestation(&business1, &period1, &root, &1_700_000_000u64, &1u32, &Some(shared_hash.clone()), 
&None, /* &u64 */);
    |                                                                                                                  
     ++++++++++++

error[E0061]: this method takes 8 arguments but 7 arguments were supplied
   --> contracts\attestation\src\proof_hash_test.rs:347:12
    |
347 |     client.submit_attestation(&business2, &period2, &root, &1_700_000_000u64, &1u32, &Some(shared_hash.clone()), 
&None);
    |            
^^^^^^^^^^^^^^^^^^------------------------------------------------------------------------------------------ argument 
#8 of type `&u64` is missing
    |
note: method defined here
   --> contracts\attestation\src\lib.rs:183:12
    |
183 |     pub fn submit_attestation(
    |            ^^^^^^^^^^^^^^^^^^
...
192 |         nonce: u64,
    |         ----------
help: provide the argument
    |
347 |     client.submit_attestation(&business2, &period2, &root, &1_700_000_000u64, &1u32, &Some(shared_hash.clone()), 
&None, /* &u64 */);
    |                                                                                                                  
     ++++++++++++

error[E0061]: this method takes 8 arguments but 7 arguments were supplied
   --> contracts\attestation\src\proof_hash_test.rs:364:12
    |
364 |     client.submit_attestation(&business, &period, &root, &1_700_000_000u64, &1u32, &Some(hash1), &None);
    |            ^^^^^^^^^^^^^^^^^^-------------------------------------------------------------------------- argument 
#8 of type `&u64` is missing
    |
note: method defined here
   --> contracts\attestation\src\lib.rs:183:12
    |
183 |     pub fn submit_attestation(
    |            ^^^^^^^^^^^^^^^^^^
...
192 |         nonce: u64,
    |         ----------
help: provide the argument
    |
364 |     client.submit_attestation(&business, &period, &root, &1_700_000_000u64, &1u32, &Some(hash1), &None, /* &u64 
*/);
    |                                                                                                       
++++++++++++

error[E0061]: this method takes 8 arguments but 7 arguments were supplied
   --> contracts\attestation\src\proof_hash_test.rs:367:12
    |
367 |     client.submit_attestation(&business, &period, &root, &1_700_000_001u64, &1u32, &Some(hash2), &None);
    |            ^^^^^^^^^^^^^^^^^^-------------------------------------------------------------------------- argument 
#8 of type `&u64` is missing
    |
note: method defined here
   --> contracts\attestation\src\lib.rs:183:12
    |
183 |     pub fn submit_attestation(
    |            ^^^^^^^^^^^^^^^^^^
...
192 |         nonce: u64,
    |         ----------
help: provide the argument
    |
367 |     client.submit_attestation(&business, &period, &root, &1_700_000_001u64, &1u32, &Some(hash2), &None, /* &u64 
*/);
    |                                                                                                       
++++++++++++

error[E0061]: this method takes 8 arguments but 7 arguments were supplied
   --> contracts\attestation\src\property_test.rs:312:16
    |
312 |         client.submit_attestation(&business, &period, &root, &timestamp, &version, &None, &None);
    |                ^^^^^^^^^^^^^^^^^^--------------------------------------------------------------- argument #8 of 
type `&u64` is missing
    |
note: method defined here
   --> contracts\attestation\src\lib.rs:183:12
    |
183 |     pub fn submit_attestation(
    |            ^^^^^^^^^^^^^^^^^^
...
192 |         nonce: u64,
    |         ----------
help: provide the argument
    |
312 |         client.submit_attestation(&business, &period, &root, &timestamp, &version, &None, &None, /* &u64 */);
    |                                                                                                ++++++++++++

error[E0308]: mismatched types
   --> contracts\attestation\src\property_test.rs:315:13
    |
315 |           let (got_root, got_ts, got_ver, got_fee, _, _, _) = client
    |  _____________^^^^^^^^^^^^^^^^^^^^^^^^^^^^^^^^^^^^^^^^^^^^^___-
    | |             |
    | |             expected a tuple with 6 elements, found one with 7 elements
316 | |             .get_attestation(&business, &period)
317 | |             .unwrap_or_else(|| {
318 | |                 panic!("case {idx} [{period_str}]: attestation must exist after submit")
319 | |             });
    | |______________- this expression has type `(BytesN<32>, u64, u32, i128, Option<BytesN<32>>, Option<u64>)`
    |
    = note: expected tuple `(soroban_sdk::BytesN<32>, u64, u32, i128, core::option::Option<soroban_sdk::BytesN<32>>, 
core::option::Option<u64>)`
               found tuple `(_, _, _, _, _, _, _)`
    = note: the full name for the type has been written to 'C:\Users\ADMIN\Desktop\remmy-drips\Veritasor-Contracts\targ
et\debug\deps\veritasor_attestation-ab0736ca72a1453d.long-type-443871552347791910.txt'
    = note: consider using `--verbose` to print the full type name to the console

error[E0061]: this method takes 8 arguments but 7 arguments were supplied
   --> contracts\attestation\src\property_test.rs:344:16
    |
344 |         client.submit_attestation(&business, &period2, &root, &timestamp, &version, &None, &None);
    |                ^^^^^^^^^^^^^^^^^^---------------------------------------------------------------- argument #8 of 
type `&u64` is missing
    |
note: method defined here
   --> contracts\attestation\src\lib.rs:183:12
    |
183 |     pub fn submit_attestation(
    |            ^^^^^^^^^^^^^^^^^^
...
192 |         nonce: u64,
    |         ----------
help: provide the argument
    |
344 |         client.submit_attestation(&business, &period2, &root, &timestamp, &version, &None, &None, /* &u64 */);
    |                                                                                                 ++++++++++++

error[E0061]: this method takes 8 arguments but 7 arguments were supplied
   --> contracts\attestation\src\property_test.rs:389:16
    |
389 |           client.submit_attestation(
    |  ________________^^^^^^^^^^^^^^^^^^-
390 | |             &business,
391 | |             &period,
392 | |             &submitted_root,
...   |
396 | |             &None,
397 | |         );
    | |_________- argument #8 of type `&u64` is missing
    |
note: method defined here
   --> contracts\attestation\src\lib.rs:183:12
    |
183 |     pub fn submit_attestation(
    |            ^^^^^^^^^^^^^^^^^^
...
192 |         nonce: u64,
    |         ----------
help: provide the argument
    |
389 |         client.submit_attestation(
...
396 |             &None,
397 ~             /* &u64 */,
398 ~         );
    |

error[E0061]: this method takes 8 arguments but 7 arguments were supplied
   --> contracts\attestation\src\property_test.rs:441:16
    |
441 |         client.submit_attestation(&business, &period, &submitted_root, &1_000_000, &1, &None, &None);
    |                ^^^^^^^^^^^^^^^^^^------------------------------------------------------------------- argument #8 
of type `&u64` is missing
    |
note: method defined here
   --> contracts\attestation\src\lib.rs:183:12
    |
183 |     pub fn submit_attestation(
    |            ^^^^^^^^^^^^^^^^^^
...
192 |         nonce: u64,
    |         ----------
help: provide the argument
    |
441 |         client.submit_attestation(&business, &period, &submitted_root, &1_000_000, &1, &None, &None, /* &u64 */);
    |                                                                                                    ++++++++++++

error[E0061]: this method takes 8 arguments but 7 arguments were supplied
   --> contracts\attestation\src\property_test.rs:504:20
    |
504 |             client.submit_attestation(&business, &period, &root, &1_000_000, &1, &None, &None);
    |                    ^^^^^^^^^^^^^^^^^^--------------------------------------------------------- argument #8 of 
type `&u64` is missing
    |
note: method defined here
   --> contracts\attestation\src\lib.rs:183:12
    |
183 |     pub fn submit_attestation(
    |            ^^^^^^^^^^^^^^^^^^
...
192 |         nonce: u64,
    |         ----------
help: provide the argument
    |
504 |             client.submit_attestation(&business, &period, &root, &1_000_000, &1, &None, &None, /* &u64 */);
    |                                                                                              ++++++++++++

error[E0061]: this method takes 8 arguments but 7 arguments were supplied
   --> contracts\attestation\src\property_test.rs:506:20
    |
506 |             client.submit_attestation(&business, &period, &root, &2_000_000, &2, &None, &None);
    |                    ^^^^^^^^^^^^^^^^^^--------------------------------------------------------- argument #8 of 
type `&u64` is missing
    |
note: method defined here
   --> contracts\attestation\src\lib.rs:183:12
    |
183 |     pub fn submit_attestation(
    |            ^^^^^^^^^^^^^^^^^^
...
192 |         nonce: u64,
    |         ----------
help: provide the argument
    |
506 |             client.submit_attestation(&business, &period, &root, &2_000_000, &2, &None, &None, /* &u64 */);
    |                                                                                              ++++++++++++

error[E0061]: this method takes 8 arguments but 7 arguments were supplied
   --> contracts\attestation\src\property_test.rs:548:16
    |
548 |         client.submit_attestation(&business, &period, &old_root, &1_000_000, &old_ver, &None, &None);
    |                ^^^^^^^^^^^^^^^^^^------------------------------------------------------------------- argument #8 
of type `&u64` is missing
    |
note: method defined here
   --> contracts\attestation\src\lib.rs:183:12
    |
183 |     pub fn submit_attestation(
    |            ^^^^^^^^^^^^^^^^^^
...
192 |         nonce: u64,
    |         ----------
help: provide the argument
    |
548 |         client.submit_attestation(&business, &period, &old_root, &1_000_000, &old_ver, &None, &None, /* &u64 */);
    |                                                                                                    ++++++++++++

error[E0061]: this method takes 6 arguments but 5 arguments were supplied
   --> contracts\attestation\src\property_test.rs:549:16
    |
549 |         client.migrate_attestation(&admin, &business, &period, &new_root, &new_ver);
    |                ^^^^^^^^^^^^^^^^^^^------------------------------------------------- argument #6 of type `&u64` 
is missing
    |
note: method defined here
   --> contracts\attestation\src\lib.rs:336:12
    |
336 |     pub fn migrate_attestation(
    |            ^^^^^^^^^^^^^^^^^^^
...
343 |         _nonce: u64,
    |         -----------
help: provide the argument
    |
549 |         client.migrate_attestation(&admin, &business, &period, &new_root, &new_ver, /* &u64 */);
    |                                                                                   ++++++++++++

error[E0308]: mismatched types
   --> contracts\attestation\src\property_test.rs:551:13
    |
551 |         let (got_root, _, got_ver, _, _, _, _) = client.get_attestation(&business, &period).unwrap();
    |             ^^^^^^^^^^^^^^^^^^^^^^^^^^^^^^^^^^   --------------------------------------------------- this 
expression has type `(BytesN<32>, u64, u32, i128, Option<BytesN<32>>, Option<u64>)`
    |             |
    |             expected a tuple with 6 elements, found one with 7 elements
    |
    = note: expected tuple `(soroban_sdk::BytesN<32>, u64, u32, i128, core::option::Option<soroban_sdk::BytesN<32>>, 
core::option::Option<u64>)`
               found tuple `(_, _, _, _, _, _, _)`
    = note: the full name for the type has been written to 'C:\Users\ADMIN\Desktop\remmy-drips\Veritasor-Contracts\targ
et\debug\deps\veritasor_attestation-ab0736ca72a1453d.long-type-443871552347791910.txt'
    = note: consider using `--verbose` to print the full type name to the console

error[E0061]: this method takes 8 arguments but 7 arguments were supplied
   --> contracts\attestation\src\property_test.rs:587:20
    |
587 |             client.submit_attestation(&business, &period, &old_root, &1_000_000, &old_ver, &None, &None);
    |                    ^^^^^^^^^^^^^^^^^^------------------------------------------------------------------- 
argument #8 of type `&u64` is missing
    |
note: method defined here
   --> contracts\attestation\src\lib.rs:183:12
    |
183 |     pub fn submit_attestation(
    |            ^^^^^^^^^^^^^^^^^^
...
192 |         nonce: u64,
    |         ----------
help: provide the argument
    |
587 |             client.submit_attestation(&business, &period, &old_root, &1_000_000, &old_ver, &None, &None, /* &u64 
*/);
    |                                                                                                        
++++++++++++

error[E0061]: this method takes 6 arguments but 5 arguments were supplied
   --> contracts\attestation\src\property_test.rs:588:20
    |
588 |             client.migrate_attestation(&admin_addr, &business, &period, &new_root, &bad_new_ver);
    |                    ^^^^^^^^^^^^^^^^^^^---------------------------------------------------------- argument #6 of 
type `&u64` is missing
    |
note: method defined here
   --> contracts\attestation\src\lib.rs:336:12
    |
336 |     pub fn migrate_attestation(
    |            ^^^^^^^^^^^^^^^^^^^
...
343 |         _nonce: u64,
    |         -----------
help: provide the argument
    |
588 |             client.migrate_attestation(&admin_addr, &business, &period, &new_root, &bad_new_ver, /* &u64 */);
    |                                                                                                ++++++++++++

error[E0061]: this method takes 2 arguments but 3 arguments were supplied
   --> contracts\attestation\src\property_test.rs:615:16
    |
615 |         client.set_tier_discount(&client.get_admin(), &0u32, &discount);
    |                ^^^^^^^^^^^^^^^^^ ------------------- unexpected argument #1 of type `&soroban_sdk::Address`
    |
note: method defined here
   --> contracts\attestation\src\lib.rs:101:12
    |
101 |     pub fn set_tier_discount(env: Env, tier: u32, discount_bps: u32) {
    |            ^^^^^^^^^^^^^^^^^
help: remove the extra argument
    |
615 -         client.set_tier_discount(&client.get_admin(), &0u32, &discount);
615 +         client.set_tier_discount(&0u32, &discount);
    |

error[E0061]: this method takes 2 arguments but 3 arguments were supplied
   --> contracts\attestation\src\property_test.rs:630:20
    |
630 |             client.set_tier_discount(&client.get_admin(), &0u32, &discount);
    |                    ^^^^^^^^^^^^^^^^^ ------------------- unexpected argument #1 of type `&soroban_sdk::Address`
    |
note: method defined here
   --> contracts\attestation\src\lib.rs:101:12
    |
101 |     pub fn set_tier_discount(env: Env, tier: u32, discount_bps: u32) {
    |            ^^^^^^^^^^^^^^^^^
help: remove the extra argument
    |
630 -             client.set_tier_discount(&client.get_admin(), &0u32, &discount);
630 +             client.set_tier_discount(&0u32, &discount);
    |

error[E0061]: this method takes 2 arguments but 3 arguments were supplied
   --> contracts\attestation\src\property_test.rs:679:16
    |
679 |         client.set_volume_brackets(&client.get_admin(), &soroban_t, &soroban_d);
    |                ^^^^^^^^^^^^^^^^^^^ ------------------- unexpected argument #1 of type `&soroban_sdk::Address`
    |
note: method defined here
   --> contracts\attestation\src\lib.rs:111:12
    |
111 |     pub fn set_volume_brackets(env: Env, thresholds: Vec<u64>, discounts: Vec<u32>) {
    |            ^^^^^^^^^^^^^^^^^^^
help: remove the extra argument
    |
679 -         client.set_volume_brackets(&client.get_admin(), &soroban_t, &soroban_d);
679 +         client.set_volume_brackets(&soroban_t, &soroban_d);
    |

error[E0061]: this method takes 2 arguments but 3 arguments were supplied
   --> contracts\attestation\src\property_test.rs:718:20
    |
718 |             client.set_volume_brackets(&client.get_admin(), &soroban_t, &soroban_d);
    |                    ^^^^^^^^^^^^^^^^^^^ ------------------- unexpected argument #1 of type `&soroban_sdk::Address`
    |
note: method defined here
   --> contracts\attestation\src\lib.rs:111:12
    |
111 |     pub fn set_volume_brackets(env: Env, thresholds: Vec<u64>, discounts: Vec<u32>) {
    |            ^^^^^^^^^^^^^^^^^^^
help: remove the extra argument
    |
718 -             client.set_volume_brackets(&client.get_admin(), &soroban_t, &soroban_d);
718 +             client.set_volume_brackets(&soroban_t, &soroban_d);
    |

error[E0061]: this method takes 2 arguments but 3 arguments were supplied
   --> contracts\attestation\src\property_test.rs:761:20
    |
761 |             client.set_volume_brackets(&client.get_admin(), &soroban_t, &soroban_d);
    |                    ^^^^^^^^^^^^^^^^^^^ ------------------- unexpected argument #1 of type `&soroban_sdk::Address`
    |
note: method defined here
   --> contracts\attestation\src\lib.rs:111:12
    |
111 |     pub fn set_volume_brackets(env: Env, thresholds: Vec<u64>, discounts: Vec<u32>) {
    |            ^^^^^^^^^^^^^^^^^^^
help: remove the extra argument
    |
761 -             client.set_volume_brackets(&client.get_admin(), &soroban_t, &soroban_d);
761 +             client.set_volume_brackets(&soroban_t, &soroban_d);
    |

error[E0061]: this method takes 8 arguments but 7 arguments were supplied
   --> contracts\attestation\src\property_test.rs:791:12
    |
791 |     client.submit_attestation(&biz_a, &period, &root_a, &1_000, &1, &None, &None);
    |            ^^^^^^^^^^^^^^^^^^---------------------------------------------------- argument #8 of type `&u64` is 
missing
    |
note: method defined here
   --> contracts\attestation\src\lib.rs:183:12
    |
183 |     pub fn submit_attestation(
    |            ^^^^^^^^^^^^^^^^^^
...
192 |         nonce: u64,
    |         ----------
help: provide the argument
    |
791 |     client.submit_attestation(&biz_a, &period, &root_a, &1_000, &1, &None, &None, /* &u64 */);
    |                                                                                 ++++++++++++

error[E0061]: this method takes 8 arguments but 7 arguments were supplied
   --> contracts\attestation\src\property_test.rs:792:12
    |
792 |     client.submit_attestation(&biz_b, &period, &root_b, &2_000, &2, &None, &None);
    |            ^^^^^^^^^^^^^^^^^^---------------------------------------------------- argument #8 of type `&u64` is 
missing
    |
note: method defined here
   --> contracts\attestation\src\lib.rs:183:12
    |
183 |     pub fn submit_attestation(
    |            ^^^^^^^^^^^^^^^^^^
...
192 |         nonce: u64,
    |         ----------
help: provide the argument
    |
792 |     client.submit_attestation(&biz_b, &period, &root_b, &2_000, &2, &None, &None, /* &u64 */);
    |                                                                                 ++++++++++++

error[E0308]: mismatched types
   --> contracts\attestation\src\property_test.rs:810:9
    |
810 |     let (a_root, _, a_ver, _, _, _, _) = client.get_attestation(&biz_a, &period).unwrap();
    |         ^^^^^^^^^^^^^^^^^^^^^^^^^^^^^^   ------------------------------------------------ this expression has 
type `(BytesN<32>, u64, u32, i128, Option<BytesN<32>>, Option<u64>)`
    |         |
    |         expected a tuple with 6 elements, found one with 7 elements
    |
    = note: expected tuple `(soroban_sdk::BytesN<32>, u64, u32, i128, core::option::Option<soroban_sdk::BytesN<32>>, 
core::option::Option<u64>)`
               found tuple `(_, _, _, _, _, _, _)`
    = note: the full name for the type has been written to 'C:\Users\ADMIN\Desktop\remmy-drips\Veritasor-Contracts\targ
et\debug\deps\veritasor_attestation-ab0736ca72a1453d.long-type-443871552347791910.txt'
    = note: consider using `--verbose` to print the full type name to the console

error[E0308]: mismatched types
   --> contracts\attestation\src\property_test.rs:811:9
    |
811 |     let (b_root, _, b_ver, _, _, _, _) = client.get_attestation(&biz_b, &period).unwrap();
    |         ^^^^^^^^^^^^^^^^^^^^^^^^^^^^^^   ------------------------------------------------ this expression has 
type `(BytesN<32>, u64, u32, i128, Option<BytesN<32>>, Option<u64>)`
    |         |
    |         expected a tuple with 6 elements, found one with 7 elements
    |
    = note: expected tuple `(soroban_sdk::BytesN<32>, u64, u32, i128, core::option::Option<soroban_sdk::BytesN<32>>, 
core::option::Option<u64>)`
               found tuple `(_, _, _, _, _, _, _)`
    = note: the full name for the type has been written to 'C:\Users\ADMIN\Desktop\remmy-drips\Veritasor-Contracts\targ
et\debug\deps\veritasor_attestation-ab0736ca72a1453d.long-type-443871552347791910.txt'
    = note: consider using `--verbose` to print the full type name to the console

error[E0061]: this method takes 2 arguments but 1 argument was supplied
   --> contracts\attestation\src\property_test.rs:869:20
    |
869 |             client.pause(&client.get_admin());
    |                    ^^^^^--------------------- argument #2 of type `&u64` is missing
    |
note: method defined here
   --> contracts\attestation\src\lib.rs:720:12
    |
720 |     pub fn pause(env: Env, caller: Address, _nonce: u64) {
    |            ^^^^^                            -----------
help: provide the argument
    |
869 |             client.pause(&client.get_admin(), /* &u64 */);
    |                                             ++++++++++++

error[E0061]: this method takes 8 arguments but 7 arguments were supplied
   --> contracts\attestation\src\property_test.rs:873:20
    |
873 |             client.submit_attestation(&business, &period, &root, &1_000, &1, &None, &None);
    |                    ^^^^^^^^^^^^^^^^^^----------------------------------------------------- argument #8 of type 
`&u64` is missing
    |
note: method defined here
   --> contracts\attestation\src\lib.rs:183:12
    |
183 |     pub fn submit_attestation(
    |            ^^^^^^^^^^^^^^^^^^
...
192 |         nonce: u64,
    |         ----------
help: provide the argument
    |
873 |             client.submit_attestation(&business, &period, &root, &1_000, &1, &None, &None, /* &u64 */);
    |                                                                                          ++++++++++++

error[E0061]: this method takes 2 arguments but 1 argument was supplied
   --> contracts\attestation\src\property_test.rs:896:12
    |
896 |     client.pause(&client.get_admin());
    |            ^^^^^--------------------- argument #2 of type `&u64` is missing
    |
note: method defined here
   --> contracts\attestation\src\lib.rs:720:12
    |
720 |     pub fn pause(env: Env, caller: Address, _nonce: u64) {
    |            ^^^^^                            -----------
help: provide the argument
    |
896 |     client.pause(&client.get_admin(), /* &u64 */);
    |                                     ++++++++++++

error[E0061]: this method takes 2 arguments but 1 argument was supplied
   --> contracts\attestation\src\property_test.rs:897:12
    |
897 |     client.unpause(&client.get_admin());
    |            ^^^^^^^--------------------- argument #2 of type `&u64` is missing
    |
note: method defined here
   --> contracts\attestation\src\lib.rs:726:12
    |
726 |     pub fn unpause(env: Env, caller: Address, _nonce: u64) {
    |            ^^^^^^^                            -----------
help: provide the argument
    |
897 |     client.unpause(&client.get_admin(), /* &u64 */);
    |                                       ++++++++++++

error[E0061]: this method takes 8 arguments but 7 arguments were supplied
   --> contracts\attestation\src\property_test.rs:900:12
    |
900 |     client.submit_attestation(&business, &period, &root, &1_000, &1, &None, &None);
    |            ^^^^^^^^^^^^^^^^^^----------------------------------------------------- argument #8 of type `&u64` is 
missing
    |
note: method defined here
   --> contracts\attestation\src\lib.rs:183:12
    |
183 |     pub fn submit_attestation(
    |            ^^^^^^^^^^^^^^^^^^
...
192 |         nonce: u64,
    |         ----------
help: provide the argument
    |
900 |     client.submit_attestation(&business, &period, &root, &1_000, &1, &None, &None, /* &u64 */);
    |                                                                                  ++++++++++++

error[E0061]: this method takes 2 arguments but 3 arguments were supplied
   --> contracts\attestation\src\property_test.rs:939:20
    |
939 |             client.set_tier_discount(&client.get_admin(), &1u32, &tier_disc);
    |                    ^^^^^^^^^^^^^^^^^ ------------------- unexpected argument #1 of type `&soroban_sdk::Address`
    |
note: method defined here
   --> contracts\attestation\src\lib.rs:101:12
    |
101 |     pub fn set_tier_discount(env: Env, tier: u32, discount_bps: u32) {
    |            ^^^^^^^^^^^^^^^^^
help: remove the extra argument
    |
939 -             client.set_tier_discount(&client.get_admin(), &1u32, &tier_disc);
939 +             client.set_tier_discount(&1u32, &tier_disc);
    |

error[E0061]: this method takes 2 arguments but 3 arguments were supplied
   --> contracts\attestation\src\property_test.rs:940:20
    |
940 |             client.set_business_tier(&client.get_admin(), &business, &1u32);
    |                    ^^^^^^^^^^^^^^^^^                      --------- unexpected argument #2 of type 
`&soroban_sdk::Address`
    |
note: method defined here
   --> contracts\attestation\src\lib.rs:106:12
    |
106 |     pub fn set_business_tier(env: Env, business: Address, tier: u32) {
    |            ^^^^^^^^^^^^^^^^^
help: remove the extra argument
    |
940 -             client.set_business_tier(&client.get_admin(), &business, &1u32);
940 +             client.set_business_tier(&client.get_admin(), &1u32);
    |

error[E0061]: this method takes 2 arguments but 3 arguments were supplied
   --> contracts\attestation\src\property_test.rs:947:20
    |
947 |             client.set_volume_brackets(&client.get_admin(), &thresholds, &discounts);
    |                    ^^^^^^^^^^^^^^^^^^^ ------------------- unexpected argument #1 of type `&soroban_sdk::Address`
    |
note: method defined here
   --> contracts\attestation\src\lib.rs:111:12
    |
111 |     pub fn set_volume_brackets(env: Env, thresholds: Vec<u64>, discounts: Vec<u32>) {
    |            ^^^^^^^^^^^^^^^^^^^
help: remove the extra argument
    |
947 -             client.set_volume_brackets(&client.get_admin(), &thresholds, &discounts);
947 +             client.set_volume_brackets(&thresholds, &discounts);
    |

error[E0061]: this method takes 8 arguments but 7 arguments were supplied
   --> contracts\attestation\src\property_test.rs:959:20
    |
959 |             client.submit_attestation(&business, &warm_period, &warm_root, &1, &1, &None, &None);
    |                    ^^^^^^^^^^^^^^^^^^----------------------------------------------------------- argument #8 of 
type `&u64` is missing
    |
note: method defined here
   --> contracts\attestation\src\lib.rs:183:12
    |
183 |     pub fn submit_attestation(
    |            ^^^^^^^^^^^^^^^^^^
...
192 |         nonce: u64,
    |         ----------
help: provide the argument
    |
959 |             client.submit_attestation(&business, &warm_period, &warm_root, &1, &1, &None, &None, /* &u64 */);
    |                                                                                                ++++++++++++

error[E0061]: this method takes 8 arguments but 7 arguments were supplied
   --> contracts\attestation\src\property_test.rs:968:16
    |
968 |         client.submit_attestation(&business, &test_period, &test_root, &1_000_000, &1, &None, &None);
    |                ^^^^^^^^^^^^^^^^^^------------------------------------------------------------------- argument #8 
of type `&u64` is missing
    |
note: method defined here
   --> contracts\attestation\src\lib.rs:183:12
    |
183 |     pub fn submit_attestation(
    |            ^^^^^^^^^^^^^^^^^^
...
192 |         nonce: u64,
    |         ----------
help: provide the argument
    |
968 |         client.submit_attestation(&business, &test_period, &test_root, &1_000_000, &1, &None, &None, /* &u64 */);
    |                                                                                                    ++++++++++++

error[E0308]: mismatched types
   --> contracts\attestation\src\property_test.rs:980:13
    |
980 |         let (_, _, _, fee_in_record, _, _, _) = client.get_attestation(&business, &test_period).unwrap();
    |             ^^^^^^^^^^^^^^^^^^^^^^^^^^^^^^^^^   -------------------------------------------------------- this 
expression has type `(BytesN<32>, u64, u32, i128, Option<BytesN<32>>, Option<u64>)`
    |             |
    |             expected a tuple with 6 elements, found one with 7 elements
    |
    = note: expected tuple `(soroban_sdk::BytesN<32>, u64, u32, i128, core::option::Option<soroban_sdk::BytesN<32>>, 
core::option::Option<u64>)`
               found tuple `(_, _, _, _, _, _, _)`
    = note: the full name for the type has been written to 'C:\Users\ADMIN\Desktop\remmy-drips\Veritasor-Contracts\targ
et\debug\deps\veritasor_attestation-ab0736ca72a1453d.long-type-443871552347791910.txt'
    = note: consider using `--verbose` to print the full type name to the console

error[E0061]: this method takes 2 arguments but 3 arguments were supplied
    --> contracts\attestation\src\property_test.rs:1178:16
     |
1178 |         client.set_tier_discount(&client.get_admin(), &tier_level, &discount_bps);
     |                ^^^^^^^^^^^^^^^^^ ------------------- unexpected argument #1 of type `&soroban_sdk::Address`
     |
note: method defined here
    --> contracts\attestation\src\lib.rs:101:12
     |
 101 |     pub fn set_tier_discount(env: Env, tier: u32, discount_bps: u32) {
     |            ^^^^^^^^^^^^^^^^^
help: remove the extra argument
     |
1178 -         client.set_tier_discount(&client.get_admin(), &tier_level, &discount_bps);
1178 +         client.set_tier_discount(&tier_level, &discount_bps);
     |

error[E0061]: this method takes 2 arguments but 3 arguments were supplied
    --> contracts\attestation\src\property_test.rs:1187:16
     |
1187 |         client.set_business_tier(&client.get_admin(), &business, &tier_level);
     |                ^^^^^^^^^^^^^^^^^                      --------- unexpected argument #2 of type 
`&soroban_sdk::Address`
     |
note: method defined here
    --> contracts\attestation\src\lib.rs:106:12
     |
 106 |     pub fn set_business_tier(env: Env, business: Address, tier: u32) {
     |            ^^^^^^^^^^^^^^^^^
help: remove the extra argument
     |
1187 -         client.set_business_tier(&client.get_admin(), &business, &tier_level);
1187 +         client.set_business_tier(&client.get_admin(), &tier_level);
     |

error[E0061]: this method takes 2 arguments but 3 arguments were supplied
    --> contracts\attestation\src\property_test.rs:1242:12
     |
1242 |     client.set_volume_brackets(&client.get_admin(), &soroban_thresholds, &soroban_discounts);
     |            ^^^^^^^^^^^^^^^^^^^ ------------------- unexpected argument #1 of type `&soroban_sdk::Address`
     |
note: method defined here
    --> contracts\attestation\src\lib.rs:111:12
     |
 111 |     pub fn set_volume_brackets(env: Env, thresholds: Vec<u64>, discounts: Vec<u32>) {
     |            ^^^^^^^^^^^^^^^^^^^
help: remove the extra argument
     |
1242 -     client.set_volume_brackets(&client.get_admin(), &soroban_thresholds, &soroban_discounts);
1242 +     client.set_volume_brackets(&soroban_thresholds, &soroban_discounts);
     |

error[E0061]: this method takes 8 arguments but 7 arguments were supplied
    --> contracts\attestation\src\property_test.rs:1263:20
     |
1263 |             client.submit_attestation(&business, &period, &root, &1_000_000, &1, &None, &None);
     |                    ^^^^^^^^^^^^^^^^^^--------------------------------------------------------- argument #8 of 
type `&u64` is missing
     |
note: method defined here
    --> contracts\attestation\src\lib.rs:183:12
     |
 183 |     pub fn submit_attestation(
     |            ^^^^^^^^^^^^^^^^^^
...
 192 |         nonce: u64,
     |         ----------
help: provide the argument
     |
1263 |             client.submit_attestation(&business, &period, &root, &1_000_000, &1, &None, &None, /* &u64 */);
     |                                                                                              ++++++++++++

error[E0061]: this method takes 2 arguments but 3 arguments were supplied
    --> contracts\attestation\src\property_test.rs:1295:12
     |
1295 |     client.set_volume_brackets(&client.get_admin(), &soroban_thresholds, &soroban_discounts);
     |            ^^^^^^^^^^^^^^^^^^^ ------------------- unexpected argument #1 of type `&soroban_sdk::Address`
     |
note: method defined here
    --> contracts\attestation\src\lib.rs:111:12
     |
 111 |     pub fn set_volume_brackets(env: Env, thresholds: Vec<u64>, discounts: Vec<u32>) {
     |            ^^^^^^^^^^^^^^^^^^^
help: remove the extra argument
     |
1295 -     client.set_volume_brackets(&client.get_admin(), &soroban_thresholds, &soroban_discounts);
1295 +     client.set_volume_brackets(&soroban_thresholds, &soroban_discounts);
     |

error[E0061]: this method takes 8 arguments but 7 arguments were supplied
    --> contracts\attestation\src\property_test.rs:1305:16
     |
1305 |         client.submit_attestation(&business, &period, &root, &1_000_000, &1, &None, &None);
     |                ^^^^^^^^^^^^^^^^^^--------------------------------------------------------- argument #8 of type 
`&u64` is missing
     |
note: method defined here
    --> contracts\attestation\src\lib.rs:183:12
     |
 183 |     pub fn submit_attestation(
     |            ^^^^^^^^^^^^^^^^^^
...
 192 |         nonce: u64,
     |         ----------
help: provide the argument
     |
1305 |         client.submit_attestation(&business, &period, &root, &1_000_000, &1, &None, &None, /* &u64 */);
     |                                                                                          ++++++++++++

error[E0308]: mismatched types
    --> contracts\attestation\src\property_test.rs:1307:13
     |
1307 |         let (_, _, _, fee_paid, _, _, _) = client.get_attestation(&business, &period).unwrap();
     |             ^^^^^^^^^^^^^^^^^^^^^^^^^^^^   --------------------------------------------------- this expression 
has type `(BytesN<32>, u64, u32, i128, Option<BytesN<32>>, Option<u64>)`
     |             |
     |             expected a tuple with 6 elements, found one with 7 elements
     |
     = note: expected tuple `(soroban_sdk::BytesN<32>, u64, u32, i128, core::option::Option<soroban_sdk::BytesN<32>>, 
core::option::Option<u64>)`
                found tuple `(_, _, _, _, _, _, _)`
     = note: the full name for the type has been written to 'C:\Users\ADMIN\Desktop\remmy-drips\Veritasor-Contracts\tar
get\debug\deps\veritasor_attestation-ab0736ca72a1453d.long-type-443871552347791910.txt'
     = note: consider using `--verbose` to print the full type name to the console

error[E0061]: this method takes 2 arguments but 3 arguments were supplied
    --> contracts\attestation\src\property_test.rs:1356:16
     |
1356 |         client.set_tier_discount(&client.get_admin(), &1u32, &tier_bps);
     |                ^^^^^^^^^^^^^^^^^ ------------------- unexpected argument #1 of type `&soroban_sdk::Address`
     |
note: method defined here
    --> contracts\attestation\src\lib.rs:101:12
     |
 101 |     pub fn set_tier_discount(env: Env, tier: u32, discount_bps: u32) {
     |            ^^^^^^^^^^^^^^^^^
help: remove the extra argument
     |
1356 -         client.set_tier_discount(&client.get_admin(), &1u32, &tier_bps);
1356 +         client.set_tier_discount(&1u32, &tier_bps);
     |

error[E0061]: this method takes 2 arguments but 3 arguments were supplied
    --> contracts\attestation\src\property_test.rs:1357:16
     |
1357 |         client.set_business_tier(&client.get_admin(), &business, &1u32);
     |                ^^^^^^^^^^^^^^^^^                      --------- unexpected argument #2 of type 
`&soroban_sdk::Address`
     |
note: method defined here
    --> contracts\attestation\src\lib.rs:106:12
     |
 106 |     pub fn set_business_tier(env: Env, business: Address, tier: u32) {
     |            ^^^^^^^^^^^^^^^^^
help: remove the extra argument
     |
1357 -         client.set_business_tier(&client.get_admin(), &business, &1u32);
1357 +         client.set_business_tier(&client.get_admin(), &1u32);
     |

error[E0061]: this method takes 2 arguments but 3 arguments were supplied
    --> contracts\attestation\src\property_test.rs:1362:20
     |
1362 |             client.set_volume_brackets(&client.get_admin(), &soroban_thresholds, &soroban_discounts);
     |                    ^^^^^^^^^^^^^^^^^^^ ------------------- unexpected argument #1 of type 
`&soroban_sdk::Address`
     |
note: method defined here
    --> contracts\attestation\src\lib.rs:111:12
     |
 111 |     pub fn set_volume_brackets(env: Env, thresholds: Vec<u64>, discounts: Vec<u32>) {
     |            ^^^^^^^^^^^^^^^^^^^
help: remove the extra argument
     |
1362 -             client.set_volume_brackets(&client.get_admin(), &soroban_thresholds, &soroban_discounts);
1362 +             client.set_volume_brackets(&soroban_thresholds, &soroban_discounts);
     |

error[E0061]: this method takes 2 arguments but 3 arguments were supplied
    --> contracts\attestation\src\property_test.rs:1504:16
     |
1504 |         client.set_tier_discount(&client.get_admin(), &99u32, &discount_bps);
     |                ^^^^^^^^^^^^^^^^^ ------------------- unexpected argument #1 of type `&soroban_sdk::Address`
     |
note: method defined here
    --> contracts\attestation\src\lib.rs:101:12
     |
 101 |     pub fn set_tier_discount(env: Env, tier: u32, discount_bps: u32) {
     |            ^^^^^^^^^^^^^^^^^
help: remove the extra argument
     |
1504 -         client.set_tier_discount(&client.get_admin(), &99u32, &discount_bps);
1504 +         client.set_tier_discount(&99u32, &discount_bps);
     |

error[E0061]: this method takes 2 arguments but 3 arguments were supplied
    --> contracts\attestation\src\property_test.rs:1505:16
     |
1505 |         client.set_business_tier(&client.get_admin(), &business, &99u32);
     |                ^^^^^^^^^^^^^^^^^                      --------- unexpected argument #2 of type 
`&soroban_sdk::Address`
     |
note: method defined here
    --> contracts\attestation\src\lib.rs:106:12
     |
 106 |     pub fn set_business_tier(env: Env, business: Address, tier: u32) {
     |            ^^^^^^^^^^^^^^^^^
help: remove the extra argument
     |
1505 -         client.set_business_tier(&client.get_admin(), &business, &99u32);
1505 +         client.set_business_tier(&client.get_admin(), &99u32);
     |

error[E0061]: this method takes 2 arguments but 3 arguments were supplied
    --> contracts\attestation\src\property_test.rs:1529:12
     |
1529 |     client.set_tier_discount(&client.get_admin(), &1u32, &2_000u32);
     |            ^^^^^^^^^^^^^^^^^ ------------------- unexpected argument #1 of type `&soroban_sdk::Address`
     |
note: method defined here
    --> contracts\attestation\src\lib.rs:101:12
     |
 101 |     pub fn set_tier_discount(env: Env, tier: u32, discount_bps: u32) {
     |            ^^^^^^^^^^^^^^^^^
help: remove the extra argument
     |
1529 -     client.set_tier_discount(&client.get_admin(), &1u32, &2_000u32);
1529 +     client.set_tier_discount(&1u32, &2_000u32);
     |

error[E0061]: this method takes 2 arguments but 3 arguments were supplied
    --> contracts\attestation\src\property_test.rs:1530:12
     |
1530 |     client.set_business_tier(&client.get_admin(), &business, &1u32);
     |            ^^^^^^^^^^^^^^^^^                      --------- unexpected argument #2 of type 
`&soroban_sdk::Address`
     |
note: method defined here
    --> contracts\attestation\src\lib.rs:106:12
     |
 106 |     pub fn set_business_tier(env: Env, business: Address, tier: u32) {
     |            ^^^^^^^^^^^^^^^^^
help: remove the extra argument
     |
1530 -     client.set_business_tier(&client.get_admin(), &business, &1u32);
1530 +     client.set_business_tier(&client.get_admin(), &1u32);
     |

error[E0061]: this method takes 2 arguments but 3 arguments were supplied
    --> contracts\attestation\src\property_test.rs:1534:12
     |
1534 |     client.set_volume_brackets(&client.get_admin(), &soroban_thresholds, &soroban_discounts);
     |            ^^^^^^^^^^^^^^^^^^^ ------------------- unexpected argument #1 of type `&soroban_sdk::Address`
     |
note: method defined here
    --> contracts\attestation\src\lib.rs:111:12
     |
 111 |     pub fn set_volume_brackets(env: Env, thresholds: Vec<u64>, discounts: Vec<u32>) {
     |            ^^^^^^^^^^^^^^^^^^^
help: remove the extra argument
     |
1534 -     client.set_volume_brackets(&client.get_admin(), &soroban_thresholds, &soroban_discounts);
1534 +     client.set_volume_brackets(&soroban_thresholds, &soroban_discounts);
     |

error[E0061]: this method takes 1 argument but 2 arguments were supplied
    --> contracts\attestation\src\property_test.rs:1540:16
     |
1540 |         client.set_fee_enabled(&client.get_admin(), &true);
     |                ^^^^^^^^^^^^^^^ ------------------- unexpected argument #1 of type `&soroban_sdk::Address`
     |
note: method defined here
    --> contracts\attestation\src\lib.rs:116:12
     |
 116 |     pub fn set_fee_enabled(env: Env, enabled: bool) {
     |            ^^^^^^^^^^^^^^^
help: remove the extra argument
     |
1540 -         client.set_fee_enabled(&client.get_admin(), &true);
1540 +         client.set_fee_enabled(&true);
     |

error[E0061]: this method takes 1 argument but 2 arguments were supplied
    --> contracts\attestation\src\property_test.rs:1547:16
     |
1547 |         client.set_fee_enabled(&client.get_admin(), &false);
     |                ^^^^^^^^^^^^^^^ ------------------- unexpected argument #1 of type `&soroban_sdk::Address`
     |
note: method defined here
    --> contracts\attestation\src\lib.rs:116:12
     |
 116 |     pub fn set_fee_enabled(env: Env, enabled: bool) {
     |            ^^^^^^^^^^^^^^^
help: remove the extra argument
     |
1547 -         client.set_fee_enabled(&client.get_admin(), &false);
1547 +         client.set_fee_enabled(&false);
     |

error[E0061]: this method takes 2 arguments but 3 arguments were supplied
    --> contracts\attestation\src\property_test.rs:1568:12
     |
1568 |     client.set_volume_brackets(&client.get_admin(), &soroban_thresholds, &soroban_discounts);
     |            ^^^^^^^^^^^^^^^^^^^ ------------------- unexpected argument #1 of type `&soroban_sdk::Address`
     |
note: method defined here
    --> contracts\attestation\src\lib.rs:111:12
     |
 111 |     pub fn set_volume_brackets(env: Env, thresholds: Vec<u64>, discounts: Vec<u32>) {
     |            ^^^^^^^^^^^^^^^^^^^
help: remove the extra argument
     |
1568 -     client.set_volume_brackets(&client.get_admin(), &soroban_thresholds, &soroban_discounts);
1568 +     client.set_volume_brackets(&soroban_thresholds, &soroban_discounts);
     |

error[E0061]: this method takes 8 arguments but 7 arguments were supplied
    --> contracts\attestation\src\property_test.rs:1584:12
     |
1584 |     client.submit_attestation(&business, &period, &root, &1_000_000, &1, &None, &None);
     |            ^^^^^^^^^^^^^^^^^^--------------------------------------------------------- argument #8 of type 
`&u64` is missing
     |
note: method defined here
    --> contracts\attestation\src\lib.rs:183:12
     |
 183 |     pub fn submit_attestation(
     |            ^^^^^^^^^^^^^^^^^^
...
 192 |         nonce: u64,
     |         ----------
help: provide the argument
     |
1584 |     client.submit_attestation(&business, &period, &root, &1_000_000, &1, &None, &None, /* &u64 */);
     |                                                                                      ++++++++++++

error[E0061]: this method takes 2 arguments but 3 arguments were supplied
    --> contracts\attestation\src\property_test.rs:1603:16
     |
1603 |         client.set_tier_discount(&client.get_admin(), &tier, &disc);
     |                ^^^^^^^^^^^^^^^^^ ------------------- unexpected argument #1 of type `&soroban_sdk::Address`
     |
note: method defined here
    --> contracts\attestation\src\lib.rs:101:12
     |
 101 |     pub fn set_tier_discount(env: Env, tier: u32, discount_bps: u32) {
     |            ^^^^^^^^^^^^^^^^^
help: remove the extra argument
     |
1603 -         client.set_tier_discount(&client.get_admin(), &tier, &disc);
1603 +         client.set_tier_discount(&tier, &disc);
     |

error[E0061]: this method takes 2 arguments but 3 arguments were supplied
    --> contracts\attestation\src\property_test.rs:1608:16
     |
1608 |         client.set_business_tier(&client.get_admin(), &business, &t);
     |                ^^^^^^^^^^^^^^^^^                      --------- unexpected argument #2 of type 
`&soroban_sdk::Address`
     |
note: method defined here
    --> contracts\attestation\src\lib.rs:106:12
     |
 106 |     pub fn set_business_tier(env: Env, business: Address, tier: u32) {
     |            ^^^^^^^^^^^^^^^^^
help: remove the extra argument
     |
1608 -         client.set_business_tier(&client.get_admin(), &business, &t);
1608 +         client.set_business_tier(&client.get_admin(), &t);
     |

error[E0061]: this method takes 2 arguments but 3 arguments were supplied
    --> contracts\attestation\src\property_test.rs:1651:12
     |
1651 |     client.set_tier_discount(&client.get_admin(), &1u32, &2_000u32); // 20%
     |            ^^^^^^^^^^^^^^^^^ ------------------- unexpected argument #1 of type `&soroban_sdk::Address`
     |
note: method defined here
    --> contracts\attestation\src\lib.rs:101:12
     |
 101 |     pub fn set_tier_discount(env: Env, tier: u32, discount_bps: u32) {
     |            ^^^^^^^^^^^^^^^^^
help: remove the extra argument
     |
1651 -     client.set_tier_discount(&client.get_admin(), &1u32, &2_000u32); // 20%
1651 +     client.set_tier_discount(&1u32, &2_000u32); // 20%
     |

error[E0061]: this method takes 2 arguments but 3 arguments were supplied
    --> contracts\attestation\src\property_test.rs:1655:12
     |
1655 |     client.set_volume_brackets(&client.get_admin(), &soroban_thresholds, &soroban_discounts);
     |            ^^^^^^^^^^^^^^^^^^^ ------------------- unexpected argument #1 of type `&soroban_sdk::Address`
     |
note: method defined here
    --> contracts\attestation\src\lib.rs:111:12
     |
 111 |     pub fn set_volume_brackets(env: Env, thresholds: Vec<u64>, discounts: Vec<u32>) {
     |            ^^^^^^^^^^^^^^^^^^^
help: remove the extra argument
     |
1655 -     client.set_volume_brackets(&client.get_admin(), &soroban_thresholds, &soroban_discounts);
1655 +     client.set_volume_brackets(&soroban_thresholds, &soroban_discounts);
     |

error[E0061]: this method takes 2 arguments but 3 arguments were supplied
    --> contracts\attestation\src\property_test.rs:1658:12
     |
1658 |     client.set_business_tier(&client.get_admin(), &business, &1u32);
     |            ^^^^^^^^^^^^^^^^^                      --------- unexpected argument #2 of type 
`&soroban_sdk::Address`
     |
note: method defined here
    --> contracts\attestation\src\lib.rs:106:12
     |
 106 |     pub fn set_business_tier(env: Env, business: Address, tier: u32) {
     |            ^^^^^^^^^^^^^^^^^
help: remove the extra argument
     |
1658 -     client.set_business_tier(&client.get_admin(), &business, &1u32);
1658 +     client.set_business_tier(&client.get_admin(), &1u32);
     |

error[E0061]: this method takes 8 arguments but 7 arguments were supplied
    --> contracts\attestation\src\property_test.rs:1665:16
     |
1665 |         client.submit_attestation(&business, &period, &root, &1_700_000_000, &1, &None, &None);
     |                ^^^^^^^^^^^^^^^^^^------------------------------------------------------------- argument #8 of 
type `&u64` is missing
     |
note: method defined here
    --> contracts\attestation\src\lib.rs:183:12
     |
 183 |     pub fn submit_attestation(
     |            ^^^^^^^^^^^^^^^^^^
...
 192 |         nonce: u64,
     |         ----------
help: provide the argument
     |
1665 |         client.submit_attestation(&business, &period, &root, &1_700_000_000, &1, &None, &None, /* &u64 */);
     |                                                                                              ++++++++++++

error[E0061]: this method takes 2 arguments but 3 arguments were supplied
    --> contracts\attestation\src\property_test.rs:1682:12
     |
1682 |     client.set_tier_discount(&client.get_admin(), &1u32, &1_500u32);
     |            ^^^^^^^^^^^^^^^^^ ------------------- unexpected argument #1 of type `&soroban_sdk::Address`
     |
note: method defined here
    --> contracts\attestation\src\lib.rs:101:12
     |
 101 |     pub fn set_tier_discount(env: Env, tier: u32, discount_bps: u32) {
     |            ^^^^^^^^^^^^^^^^^
help: remove the extra argument
     |
1682 -     client.set_tier_discount(&client.get_admin(), &1u32, &1_500u32);
1682 +     client.set_tier_discount(&1u32, &1_500u32);
     |

error[E0061]: this method takes 2 arguments but 3 arguments were supplied
    --> contracts\attestation\src\property_test.rs:1684:12
     |
1684 |     client.set_business_tier(&client.get_admin(), &business, &1u32);
     |            ^^^^^^^^^^^^^^^^^                      --------- unexpected argument #2 of type 
`&soroban_sdk::Address`
     |
note: method defined here
    --> contracts\attestation\src\lib.rs:106:12
     |
 106 |     pub fn set_business_tier(env: Env, business: Address, tier: u32) {
     |            ^^^^^^^^^^^^^^^^^
help: remove the extra argument
     |
1684 -     client.set_business_tier(&client.get_admin(), &business, &1u32);
1684 +     client.set_business_tier(&client.get_admin(), &1u32);
     |

error[E0061]: this method takes 2 arguments but 3 arguments were supplied
    --> contracts\attestation\src\property_test.rs:1688:12
     |
1688 |     client.set_volume_brackets(&client.get_admin(), &soroban_thresholds, &soroban_discounts);
     |            ^^^^^^^^^^^^^^^^^^^ ------------------- unexpected argument #1 of type `&soroban_sdk::Address`
     |
note: method defined here
    --> contracts\attestation\src\lib.rs:111:12
     |
 111 |     pub fn set_volume_brackets(env: Env, thresholds: Vec<u64>, discounts: Vec<u32>) {
     |            ^^^^^^^^^^^^^^^^^^^
help: remove the extra argument
     |
1688 -     client.set_volume_brackets(&client.get_admin(), &soroban_thresholds, &soroban_discounts);
1688 +     client.set_volume_brackets(&soroban_thresholds, &soroban_discounts);
     |

error[E0061]: this method takes 2 arguments but 3 arguments were supplied
    --> contracts\attestation\src\property_test.rs:1740:12
     |
1740 |     client.set_tier_discount(&client.get_admin(), &0u32, &0u32);
     |            ^^^^^^^^^^^^^^^^^ ------------------- unexpected argument #1 of type `&soroban_sdk::Address`
     |
note: method defined here
    --> contracts\attestation\src\lib.rs:101:12
     |
 101 |     pub fn set_tier_discount(env: Env, tier: u32, discount_bps: u32) {
     |            ^^^^^^^^^^^^^^^^^
help: remove the extra argument
     |
1740 -     client.set_tier_discount(&client.get_admin(), &0u32, &0u32);
1740 +     client.set_tier_discount(&0u32, &0u32);
     |

error[E0061]: this method takes 2 arguments but 3 arguments were supplied
    --> contracts\attestation\src\property_test.rs:1741:12
     |
1741 |     client.set_tier_discount(&client.get_admin(), &1u32, &1_500u32); // 15%
     |            ^^^^^^^^^^^^^^^^^ ------------------- unexpected argument #1 of type `&soroban_sdk::Address`
     |
note: method defined here
    --> contracts\attestation\src\lib.rs:101:12
     |
 101 |     pub fn set_tier_discount(env: Env, tier: u32, discount_bps: u32) {
     |            ^^^^^^^^^^^^^^^^^
help: remove the extra argument
     |
1741 -     client.set_tier_discount(&client.get_admin(), &1u32, &1_500u32); // 15%
1741 +     client.set_tier_discount(&1u32, &1_500u32); // 15%
     |

error[E0061]: this method takes 2 arguments but 3 arguments were supplied
    --> contracts\attestation\src\property_test.rs:1742:12
     |
1742 |     client.set_tier_discount(&client.get_admin(), &2u32, &3_000u32); // 30%
     |            ^^^^^^^^^^^^^^^^^ ------------------- unexpected argument #1 of type `&soroban_sdk::Address`
     |
note: method defined here
    --> contracts\attestation\src\lib.rs:101:12
     |
 101 |     pub fn set_tier_discount(env: Env, tier: u32, discount_bps: u32) {
     |            ^^^^^^^^^^^^^^^^^
help: remove the extra argument
     |
1742 -     client.set_tier_discount(&client.get_admin(), &2u32, &3_000u32); // 30%
1742 +     client.set_tier_discount(&2u32, &3_000u32); // 30%
     |

error[E0061]: this method takes 2 arguments but 3 arguments were supplied
    --> contracts\attestation\src\property_test.rs:1746:12
     |
1746 |     client.set_volume_brackets(&client.get_admin(), &soroban_thresholds, &soroban_discounts);
     |            ^^^^^^^^^^^^^^^^^^^ ------------------- unexpected argument #1 of type `&soroban_sdk::Address`
     |
note: method defined here
    --> contracts\attestation\src\lib.rs:111:12
     |
 111 |     pub fn set_volume_brackets(env: Env, thresholds: Vec<u64>, discounts: Vec<u32>) {
     |            ^^^^^^^^^^^^^^^^^^^
help: remove the extra argument
     |
1746 -     client.set_volume_brackets(&client.get_admin(), &soroban_thresholds, &soroban_discounts);
1746 +     client.set_volume_brackets(&soroban_thresholds, &soroban_discounts);
     |

error[E0061]: this method takes 2 arguments but 3 arguments were supplied
    --> contracts\attestation\src\property_test.rs:1752:12
     |
1752 |     client.set_business_tier(&client.get_admin(), &biz_standard,     &0u32);
     |            ^^^^^^^^^^^^^^^^^                      ------------- unexpected argument #2 of type 
`&soroban_sdk::Address`
     |
note: method defined here
    --> contracts\attestation\src\lib.rs:106:12
     |
 106 |     pub fn set_business_tier(env: Env, business: Address, tier: u32) {
     |            ^^^^^^^^^^^^^^^^^
help: remove the extra argument
     |
1752 -     client.set_business_tier(&client.get_admin(), &biz_standard,     &0u32);
1752 +     client.set_business_tier(&client.get_admin(),     &0u32);
     |

error[E0061]: this method takes 2 arguments but 3 arguments were supplied
    --> contracts\attestation\src\property_test.rs:1753:12
     |
1753 |     client.set_business_tier(&client.get_admin(), &biz_professional, &1u32);
     |            ^^^^^^^^^^^^^^^^^                      ----------------- unexpected argument #2 of type 
`&soroban_sdk::Address`
     |
note: method defined here
    --> contracts\attestation\src\lib.rs:106:12
     |
 106 |     pub fn set_business_tier(env: Env, business: Address, tier: u32) {
     |            ^^^^^^^^^^^^^^^^^
help: remove the extra argument
     |
1753 -     client.set_business_tier(&client.get_admin(), &biz_professional, &1u32);
1753 +     client.set_business_tier(&client.get_admin(), &1u32);
     |

error[E0061]: this method takes 2 arguments but 3 arguments were supplied
    --> contracts\attestation\src\property_test.rs:1754:12
     |
1754 |     client.set_business_tier(&client.get_admin(), &biz_enterprise,   &2u32);
     |            ^^^^^^^^^^^^^^^^^                      --------------- unexpected argument #2 of type 
`&soroban_sdk::Address`
     |
note: method defined here
    --> contracts\attestation\src\lib.rs:106:12
     |
 106 |     pub fn set_business_tier(env: Env, business: Address, tier: u32) {
     |            ^^^^^^^^^^^^^^^^^
help: remove the extra argument
     |
1754 -     client.set_business_tier(&client.get_admin(), &biz_enterprise,   &2u32);
1754 +     client.set_business_tier(&client.get_admin(),   &2u32);
     |

error[E0061]: this method takes 8 arguments but 7 arguments were supplied
    --> contracts\attestation\src\property_test.rs:1769:20
     |
1769 |             client.submit_attestation(biz, &period, &root, &1_700_000_000, &1, &None, &None);
     |                    ^^^^^^^^^^^^^^^^^^------------------------------------------------------- argument #8 of 
type `&u64` is missing
     |
note: method defined here
    --> contracts\attestation\src\lib.rs:183:12
     |
 183 |     pub fn submit_attestation(
     |            ^^^^^^^^^^^^^^^^^^
...
 192 |         nonce: u64,
     |         ----------
help: provide the argument
     |
1769 |             client.submit_attestation(biz, &period, &root, &1_700_000_000, &1, &None, &None, /* &u64 */);
     |                                                                                            ++++++++++++

error[E0599]: no method named `get_effective_flat_fee_config` found for struct `AttestationContractClient<'a>` in the 
current scope
   --> contracts\attestation\src\fees_test.rs:165:27
    |
165 |     let config = t.client.get_effective_flat_fee_config().unwrap();
    |                           ^^^^^^^^^^^^^^^^^^^^^^^^^^^^^
    |
   ::: contracts\attestation\src\lib.rs:74:1
    |
 74 | #[contract]
    | ----------- method `get_effective_flat_fee_config` not found for this struct
    |
help: there is a method `get_flat_fee_config` with a similar name
    |
165 -     let config = t.client.get_effective_flat_fee_config().unwrap();
165 +     let config = t.client.get_flat_fee_config().unwrap();
    |

error[E0599]: no method named `configure_rate_limit` found for reference `&AttestationContractClient<'_>` in the 
current scope
  --> contracts\attestation\src\rate_limit_test.rs:57:12
   |
57 |     client.configure_rate_limit(
   |     -------^^^^^^^^^^^^^^^^^^^^
   |
help: there is a method `configure_fees` with a similar name, but with different arguments
  --> contracts\attestation\src\lib.rs:77:1
   |
77 | #[contractimpl]
   | ^^^^^^^^^^^^^^^
   = note: this error originates in the attribute macro `soroban_sdk::contractclient` (in Nightly builds, run with -Z 
macro-backtrace for more info)

error[E0599]: no method named `get_rate_limit_config` found for struct `AttestationContractClient<'a>` in the current 
scope
  --> contracts\attestation\src\rate_limit_test.rs:71:20
   |
71 |     assert!(client.get_rate_limit_config().is_none());
   |                    ^^^^^^^^^^^^^^^^^^^^^
   |
  ::: contracts\attestation\src\lib.rs:74:1
   |
74 | #[contract]
   | ----------- method `get_rate_limit_config` not found for this struct
   |
help: there is a method `get_flat_fee_config` with a similar name
   |
71 -     assert!(client.get_rate_limit_config().is_none());
71 +     assert!(client.get_flat_fee_config().is_none());
   |

error[E0599]: no method named `get_rate_limit_config` found for struct `AttestationContractClient<'a>` in the current 
scope
  --> contracts\attestation\src\rate_limit_test.rs:76:25
   |
76 |     let config = client.get_rate_limit_config().unwrap();
   |                         ^^^^^^^^^^^^^^^^^^^^^
   |
  ::: contracts\attestation\src\lib.rs:74:1
   |
74 | #[contract]
   | ----------- method `get_rate_limit_config` not found for this struct
   |
help: there is a method `get_flat_fee_config` with a similar name
   |
76 -     let config = client.get_rate_limit_config().unwrap();
76 +     let config = client.get_flat_fee_config().unwrap();
   |

error[E0599]: no method named `get_submission_window_count` found for struct `AttestationContractClient<'a>` in the 
current scope
   --> contracts\attestation\src\rate_limit_test.rs:133:23
    |
133 |     assert_eq!(client.get_submission_window_count(&business), 2);
    |                       ^^^^^^^^^^^^^^^^^^^^^^^^^^^
    |
   ::: contracts\attestation\src\lib.rs:74:1
    |
 74 | #[contract]
    | ----------- method `get_submission_window_count` not found for this struct
    |
help: there is a method `get_business_count` with a similar name
    |
133 -     assert_eq!(client.get_submission_window_count(&business), 2);
133 +     assert_eq!(client.get_business_count(&business), 2);
    |

error[E0599]: no method named `get_submission_burst_count` found for struct `AttestationContractClient<'a>` in the 
current scope
   --> contracts\attestation\src\rate_limit_test.rs:134:23
    |
134 |     assert_eq!(client.get_submission_burst_count(&business), 2);
    |                       ^^^^^^^^^^^^^^^^^^^^^^^^^^
    |
   ::: contracts\attestation\src\lib.rs:74:1
    |
 74 | #[contract]
    | ----------- method `get_submission_burst_count` not found for this struct
    |
help: there is a method `get_business_count` with a similar name
    |
134 -     assert_eq!(client.get_submission_burst_count(&business), 2);
134 +     assert_eq!(client.get_business_count(&business), 2);
    |

error[E0599]: no method named `get_submission_window_count` found for struct `AttestationContractClient<'a>` in the 
current scope
   --> contracts\attestation\src\rate_limit_test.rs:169:23
    |
169 |     assert_eq!(client.get_submission_window_count(&business), 3);
    |                       ^^^^^^^^^^^^^^^^^^^^^^^^^^^
    |
   ::: contracts\attestation\src\lib.rs:74:1
    |
 74 | #[contract]
    | ----------- method `get_submission_window_count` not found for this struct
    |
help: there is a method `get_business_count` with a similar name
    |
169 -     assert_eq!(client.get_submission_window_count(&business), 3);
169 +     assert_eq!(client.get_business_count(&business), 3);
    |

error[E0599]: no method named `get_submission_burst_count` found for struct `AttestationContractClient<'a>` in the 
current scope
   --> contracts\attestation\src\rate_limit_test.rs:170:23
    |
170 |     assert_eq!(client.get_submission_burst_count(&business), 1);
    |                       ^^^^^^^^^^^^^^^^^^^^^^^^^^
    |
   ::: contracts\attestation\src\lib.rs:74:1
    |
 74 | #[contract]
    | ----------- method `get_submission_burst_count` not found for this struct
    |
help: there is a method `get_business_count` with a similar name
    |
170 -     assert_eq!(client.get_submission_burst_count(&business), 1);
170 +     assert_eq!(client.get_business_count(&business), 1);
    |

error[E0599]: no method named `get_submission_window_count` found for struct `AttestationContractClient<'a>` in the 
current scope
   --> contracts\attestation\src\rate_limit_test.rs:191:23
    |
191 |     assert_eq!(client.get_submission_window_count(&business), 3);
    |                       ^^^^^^^^^^^^^^^^^^^^^^^^^^^
    |
   ::: contracts\attestation\src\lib.rs:74:1
    |
 74 | #[contract]
    | ----------- method `get_submission_window_count` not found for this struct
    |
help: there is a method `get_business_count` with a similar name
    |
191 -     assert_eq!(client.get_submission_window_count(&business), 3);
191 +     assert_eq!(client.get_business_count(&business), 3);
    |

error[E0599]: no method named `get_submission_burst_count` found for struct `AttestationContractClient<'a>` in the 
current scope
   --> contracts\attestation\src\rate_limit_test.rs:192:23
    |
192 |     assert_eq!(client.get_submission_burst_count(&business), 1);
    |                       ^^^^^^^^^^^^^^^^^^^^^^^^^^
    |
   ::: contracts\attestation\src\lib.rs:74:1
    |
 74 | #[contract]
    | ----------- method `get_submission_burst_count` not found for this struct
    |
help: there is a method `get_business_count` with a similar name
    |
192 -     assert_eq!(client.get_submission_burst_count(&business), 1);
192 +     assert_eq!(client.get_business_count(&business), 1);
    |

error[E0599]: no method named `get_submission_window_count` found for struct `AttestationContractClient<'a>` in the 
current scope
   --> contracts\attestation\src\rate_limit_test.rs:208:23
    |
208 |     assert_eq!(client.get_submission_window_count(&business), 2);
    |                       ^^^^^^^^^^^^^^^^^^^^^^^^^^^
    |
   ::: contracts\attestation\src\lib.rs:74:1
    |
 74 | #[contract]
    | ----------- method `get_submission_window_count` not found for this struct
    |
help: there is a method `get_business_count` with a similar name
    |
208 -     assert_eq!(client.get_submission_window_count(&business), 2);
208 +     assert_eq!(client.get_business_count(&business), 2);
    |

error[E0599]: no method named `get_submission_burst_count` found for struct `AttestationContractClient<'a>` in the 
current scope
   --> contracts\attestation\src\rate_limit_test.rs:209:23
    |
209 |     assert_eq!(client.get_submission_burst_count(&business), 1);
    |                       ^^^^^^^^^^^^^^^^^^^^^^^^^^
    |
   ::: contracts\attestation\src\lib.rs:74:1
    |
 74 | #[contract]
    | ----------- method `get_submission_burst_count` not found for this struct
    |
help: there is a method `get_business_count` with a similar name
    |
209 -     assert_eq!(client.get_submission_burst_count(&business), 1);
209 +     assert_eq!(client.get_business_count(&business), 1);
    |

error[E0599]: no method named `get_submission_window_count` found for struct `AttestationContractClient<'a>` in the 
current scope
   --> contracts\attestation\src\rate_limit_test.rs:226:23
    |
226 |     assert_eq!(client.get_submission_window_count(&business_a), 2);
    |                       ^^^^^^^^^^^^^^^^^^^^^^^^^^^
    |
   ::: contracts\attestation\src\lib.rs:74:1
    |
 74 | #[contract]
    | ----------- method `get_submission_window_count` not found for this struct
    |
help: there is a method `get_business_count` with a similar name
    |
226 -     assert_eq!(client.get_submission_window_count(&business_a), 2);
226 +     assert_eq!(client.get_business_count(&business_a), 2);
    |

error[E0599]: no method named `get_submission_burst_count` found for struct `AttestationContractClient<'a>` in the 
current scope
   --> contracts\attestation\src\rate_limit_test.rs:227:23
    |
227 |     assert_eq!(client.get_submission_burst_count(&business_a), 2);
    |                       ^^^^^^^^^^^^^^^^^^^^^^^^^^
    |
   ::: contracts\attestation\src\lib.rs:74:1
    |
 74 | #[contract]
    | ----------- method `get_submission_burst_count` not found for this struct
    |
help: there is a method `get_business_count` with a similar name
    |
227 -     assert_eq!(client.get_submission_burst_count(&business_a), 2);
227 +     assert_eq!(client.get_business_count(&business_a), 2);
    |

error[E0599]: no method named `get_submission_window_count` found for struct `AttestationContractClient<'a>` in the 
current scope
   --> contracts\attestation\src\rate_limit_test.rs:228:23
    |
228 |     assert_eq!(client.get_submission_window_count(&business_b), 1);
    |                       ^^^^^^^^^^^^^^^^^^^^^^^^^^^
    |
   ::: contracts\attestation\src\lib.rs:74:1
    |
 74 | #[contract]
    | ----------- method `get_submission_window_count` not found for this struct
    |
help: there is a method `get_business_count` with a similar name
    |
228 -     assert_eq!(client.get_submission_window_count(&business_b), 1);
228 +     assert_eq!(client.get_business_count(&business_b), 1);
    |

error[E0599]: no method named `get_submission_burst_count` found for struct `AttestationContractClient<'a>` in the 
current scope
   --> contracts\attestation\src\rate_limit_test.rs:229:23
    |
229 |     assert_eq!(client.get_submission_burst_count(&business_b), 1);
    |                       ^^^^^^^^^^^^^^^^^^^^^^^^^^
    |
   ::: contracts\attestation\src\lib.rs:74:1
    |
 74 | #[contract]
    | ----------- method `get_submission_burst_count` not found for this struct
    |
help: there is a method `get_business_count` with a similar name
    |
229 -     assert_eq!(client.get_submission_burst_count(&business_b), 1);
229 +     assert_eq!(client.get_business_count(&business_b), 1);
    |

error[E0599]: no method named `get_submission_window_count` found for struct `AttestationContractClient<'a>` in the 
current scope
   --> contracts\attestation\src\rate_limit_test.rs:242:23
    |
242 |     assert_eq!(client.get_submission_window_count(&business), 0);
    |                       ^^^^^^^^^^^^^^^^^^^^^^^^^^^
    |
   ::: contracts\attestation\src\lib.rs:74:1
    |
 74 | #[contract]
    | ----------- method `get_submission_window_count` not found for this struct
    |
help: there is a method `get_business_count` with a similar name
    |
242 -     assert_eq!(client.get_submission_window_count(&business), 0);
242 +     assert_eq!(client.get_business_count(&business), 0);
    |

error[E0599]: no method named `get_submission_burst_count` found for struct `AttestationContractClient<'a>` in the 
current scope
   --> contracts\attestation\src\rate_limit_test.rs:243:23
    |
243 |     assert_eq!(client.get_submission_burst_count(&business), 0);
    |                       ^^^^^^^^^^^^^^^^^^^^^^^^^^
    |
   ::: contracts\attestation\src\lib.rs:74:1
    |
 74 | #[contract]
    | ----------- method `get_submission_burst_count` not found for this struct
    |
help: there is a method `get_business_count` with a similar name
    |
243 -     assert_eq!(client.get_submission_burst_count(&business), 0);
243 +     assert_eq!(client.get_business_count(&business), 0);
    |

error[E0599]: no method named `get_submission_window_count` found for struct `AttestationContractClient<'a>` in the 
current scope
   --> contracts\attestation\src\rate_limit_test.rs:259:23
    |
259 |     assert_eq!(client.get_submission_window_count(&business), 0);
    |                       ^^^^^^^^^^^^^^^^^^^^^^^^^^^
    |
   ::: contracts\attestation\src\lib.rs:74:1
    |
 74 | #[contract]
    | ----------- method `get_submission_window_count` not found for this struct
    |
help: there is a method `get_business_count` with a similar name
    |
259 -     assert_eq!(client.get_submission_window_count(&business), 0);
259 +     assert_eq!(client.get_business_count(&business), 0);
    |

error[E0599]: no method named `get_submission_burst_count` found for struct `AttestationContractClient<'a>` in the 
current scope
   --> contracts\attestation\src\rate_limit_test.rs:260:23
    |
260 |     assert_eq!(client.get_submission_burst_count(&business), 0);
    |                       ^^^^^^^^^^^^^^^^^^^^^^^^^^
    |
   ::: contracts\attestation\src\lib.rs:74:1
    |
 74 | #[contract]
    | ----------- method `get_submission_burst_count` not found for this struct
    |
help: there is a method `get_business_count` with a similar name
    |
260 -     assert_eq!(client.get_submission_burst_count(&business), 0);
260 +     assert_eq!(client.get_business_count(&business), 0);
    |

error[E0599]: no method named `get_roles` found for struct `AttestationContractClient<'a>` in the current scope
  --> contracts\attestation\src\access_control_test.rs:55:24
   |
55 |     let roles = client.get_roles(&user);
   |                        ^^^^^^^^^ method not found in `AttestationContractClient<'_>`
   |
  ::: contracts\attestation\src\lib.rs:74:1
   |
74 | #[contract]
   | ----------- method `get_roles` not found for this struct

error[E0599]: no method named `get_role_holders` found for struct `AttestationContractClient<'a>` in the current scope
  --> contracts\attestation\src\access_control_test.rs:94:26
   |
94 |     let holders = client.get_role_holders();
   |                          ^^^^^^^^^^^^^^^^ method not found in `AttestationContractClient<'_>`
   |
  ::: contracts\attestation\src\lib.rs:74:1
   |
74 | #[contract]
   | ----------- method `get_role_holders` not found for this struct

error[E0599]: no method named `get_roles` found for struct `AttestationContractClient<'a>` in the current scope
   --> contracts\attestation\src\access_control_test.rs:262:23
    |
262 |     assert_eq!(client.get_roles(&user), 0);
    |                       ^^^^^^^^^ method not found in `AttestationContractClient<'_>`
    |
   ::: contracts\attestation\src\lib.rs:74:1
    |
 74 | #[contract]
    | ----------- method `get_roles` not found for this struct

error[E0599]: no method named `get_roles` found for struct `AttestationContractClient<'a>` in the current scope
   --> contracts\attestation\src\access_control_test.rs:280:24
    |
280 |     let roles = client.get_roles(&user);
    |                        ^^^^^^^^^ method not found in `AttestationContractClient<'_>`
    |
   ::: contracts\attestation\src\lib.rs:74:1
    |
 74 | #[contract]
    | ----------- method `get_roles` not found for this struct

error[E0599]: no method named `get_roles` found for struct `AttestationContractClient<'a>` in the current scope
   --> contracts\attestation\src\access_control_test.rs:288:24
    |
288 |     let roles = client.get_roles(&user);
    |                        ^^^^^^^^^ method not found in `AttestationContractClient<'_>`
    |
   ::: contracts\attestation\src\lib.rs:74:1
    |
 74 | #[contract]
    | ----------- method `get_roles` not found for this struct

error[E0061]: this method takes 1 argument but 2 arguments were supplied
   --> contracts\attestation\src\anomaly_test.rs:10:12
    |
 10 |     client.init(&admin, &0u64);
    |            ^^^^         ----- unexpected argument #2 of type `&u64`
    |
note: method defined here
   --> contracts\attestation\src\lib.rs:539:12
    |
539 |     pub fn init(env: Env, admin: Address) {
    |            ^^^^
help: remove the extra argument
    |
 10 -     client.init(&admin, &0u64);
 10 +     client.init(&admin);
    |

error[E0061]: this method takes 1 argument but 2 arguments were supplied
   --> contracts\attestation\src\anomaly_test.rs:21:12
    |
 21 |     client.init(&admin, &0u64);
    |            ^^^^         ----- unexpected argument #2 of type `&u64`
    |
note: method defined here
   --> contracts\attestation\src\lib.rs:539:12
    |
539 |     pub fn init(env: Env, admin: Address) {
    |            ^^^^
help: remove the extra argument
    |
 21 -     client.init(&admin, &0u64);
 21 +     client.init(&admin);
    |

error[E0061]: this method takes 2 arguments but 3 arguments were supplied
   --> contracts\attestation\src\anomaly_test.rs:22:12
    |
 22 |     client.add_authorized_analytics(&admin, &Address::generate(&env), &0u64);
    |            ^^^^^^^^^^^^^^^^^^^^^^^^                                   ----- unexpected argument #3 of type `&u64`
    |
note: method defined here
   --> contracts\attestation\src\lib.rs:547:12
    |
547 |     pub fn add_authorized_analytics(env: Env, caller: Address, analytics: Address) {
    |            ^^^^^^^^^^^^^^^^^^^^^^^^
help: remove the extra argument
    |
 22 -     client.add_authorized_analytics(&admin, &Address::generate(&env), &0u64);
 22 +     client.add_authorized_analytics(&admin, &Address::generate(&env));
    |

error[E0061]: this method takes 1 argument but 2 arguments were supplied
   --> contracts\attestation\src\anomaly_test.rs:33:12
    |
 33 |     client.init(&admin, &0u64);
    |            ^^^^         ----- unexpected argument #2 of type `&u64`
    |
note: method defined here
   --> contracts\attestation\src\lib.rs:539:12
    |
539 |     pub fn init(env: Env, admin: Address) {
    |            ^^^^
help: remove the extra argument
    |
 33 -     client.init(&admin, &0u64);
 33 +     client.init(&admin);
    |

error[E0061]: this method takes 1 argument but 2 arguments were supplied
   --> contracts\attestation\src\anomaly_test.rs:34:12
    |
 34 |     client.init(&admin, &1u64);
    |            ^^^^         ----- unexpected argument #2 of type `&u64`
    |
note: method defined here
   --> contracts\attestation\src\lib.rs:539:12
    |
539 |     pub fn init(env: Env, admin: Address) {
    |            ^^^^
help: remove the extra argument
    |
 34 -     client.init(&admin, &1u64);
 34 +     client.init(&admin);
    |

error[E0061]: this method takes 2 arguments but 3 arguments were supplied
   --> contracts\attestation\src\anomaly_test.rs:42:12
    |
 42 |     client.add_authorized_analytics(&admin, &analytics, &0u64);
    |            ^^^^^^^^^^^^^^^^^^^^^^^^                     ----- unexpected argument #3 of type `&u64`
    |
note: method defined here
   --> contracts\attestation\src\lib.rs:547:12
    |
547 |     pub fn add_authorized_analytics(env: Env, caller: Address, analytics: Address) {
    |            ^^^^^^^^^^^^^^^^^^^^^^^^
help: remove the extra argument
    |
 42 -     client.add_authorized_analytics(&admin, &analytics, &0u64);
 42 +     client.add_authorized_analytics(&admin, &analytics);
    |

error[E0061]: this method takes 2 arguments but 3 arguments were supplied
   --> contracts\attestation\src\anomaly_test.rs:43:12
    |
 43 |     client.remove_authorized_analytics(&admin, &analytics, &1u64);
    |            ^^^^^^^^^^^^^^^^^^^^^^^^^^^                     ----- unexpected argument #3 of type `&u64`
    |
note: method defined here
   --> contracts\attestation\src\lib.rs:561:12
    |
561 |     pub fn remove_authorized_analytics(env: Env, caller: Address, analytics: Address) {
    |            ^^^^^^^^^^^^^^^^^^^^^^^^^^^
help: remove the extra argument
    |
 43 -     client.remove_authorized_analytics(&admin, &analytics, &1u64);
 43 +     client.remove_authorized_analytics(&admin, &analytics);
    |

error[E0061]: this method takes 2 arguments but 3 arguments were supplied
   --> contracts\attestation\src\anomaly_test.rs:53:12
    |
 53 |     client.add_authorized_analytics(&other, &analytics, &0u64);
    |            ^^^^^^^^^^^^^^^^^^^^^^^^                     ----- unexpected argument #3 of type `&u64`
    |
note: method defined here
   --> contracts\attestation\src\lib.rs:547:12
    |
547 |     pub fn add_authorized_analytics(env: Env, caller: Address, analytics: Address) {
    |            ^^^^^^^^^^^^^^^^^^^^^^^^
help: remove the extra argument
    |
 53 -     client.add_authorized_analytics(&other, &analytics, &0u64);
 53 +     client.add_authorized_analytics(&other, &analytics);
    |

error[E0061]: this method takes 2 arguments but 3 arguments were supplied
   --> contracts\attestation\src\anomaly_test.rs:65:12
    |
 65 |     client.add_authorized_analytics(&admin, &analytics, &0u64);
    |            ^^^^^^^^^^^^^^^^^^^^^^^^                     ----- unexpected argument #3 of type `&u64`
    |
note: method defined here
   --> contracts\attestation\src\lib.rs:547:12
    |
547 |     pub fn add_authorized_analytics(env: Env, caller: Address, analytics: Address) {
    |            ^^^^^^^^^^^^^^^^^^^^^^^^
help: remove the extra argument
    |
 65 -     client.add_authorized_analytics(&admin, &analytics, &0u64);
 65 +     client.add_authorized_analytics(&admin, &analytics);
    |

error[E0061]: this method takes 2 arguments but 3 arguments were supplied
   --> contracts\attestation\src\anomaly_test.rs:73:12
    |
 73 |     client.add_authorized_analytics(&admin, &analytics, &0u64);
    |            ^^^^^^^^^^^^^^^^^^^^^^^^                     ----- unexpected argument #3 of type `&u64`
    |
note: method defined here
   --> contracts\attestation\src\lib.rs:547:12
    |
547 |     pub fn add_authorized_analytics(env: Env, caller: Address, analytics: Address) {
    |            ^^^^^^^^^^^^^^^^^^^^^^^^
help: remove the extra argument
    |
 73 -     client.add_authorized_analytics(&admin, &analytics, &0u64);
 73 +     client.add_authorized_analytics(&admin, &analytics);
    |

error[E0061]: this method takes 8 arguments but 7 arguments were supplied
   --> contracts\attestation\src\anomaly_test.rs:77:12
    |
 77 |     client.submit_attestation(&business, &period, &root, &1700000000u64, &1u32, &None, &0u64);
    |            ^^^^^^^^^^^^^^^^^^                                                          ----- argument #7 of type 
`&core::option::Option<u64>` is missing
    |
note: method defined here
   --> contracts\attestation\src\lib.rs:183:12
    |
183 |     pub fn submit_attestation(
    |            ^^^^^^^^^^^^^^^^^^
...
191 |         expiry_timestamp: Option<u64>,
    |         -----------------------------
help: provide the argument
    |
 77 |     client.submit_attestation(&business, &period, &root, &1700000000u64, &1u32, &None, /* 
&core::option::Option<u64> */, &0u64);
    |                                                                                        
+++++++++++++++++++++++++++++++++

error[E0061]: this method takes 5 arguments but 6 arguments were supplied
   --> contracts\attestation\src\anomaly_test.rs:78:12
    |
 78 |     client.set_anomaly(&analytics, &business, &period, &1u32, &50u32, &0u64);
    |            ^^^^^^^^^^^                                                ----- unexpected argument #6 of type `&u64`
    |
note: method defined here
   --> contracts\attestation\src\lib.rs:575:12
    |
575 |     pub fn set_anomaly(
    |            ^^^^^^^^^^^
help: remove the extra argument
    |
 78 -     client.set_anomaly(&analytics, &business, &period, &1u32, &50u32, &0u64);
 78 +     client.set_anomaly(&analytics, &business, &period, &1u32, &50u32);
    |

error[E0061]: this method takes 2 arguments but 3 arguments were supplied
   --> contracts\attestation\src\anomaly_test.rs:89:12
    |
 89 |     client.add_authorized_analytics(&admin, &analytics, &0u64);
    |            ^^^^^^^^^^^^^^^^^^^^^^^^                     ----- unexpected argument #3 of type `&u64`
    |
note: method defined here
   --> contracts\attestation\src\lib.rs:547:12
    |
547 |     pub fn add_authorized_analytics(env: Env, caller: Address, analytics: Address) {
    |            ^^^^^^^^^^^^^^^^^^^^^^^^
help: remove the extra argument
    |
 89 -     client.add_authorized_analytics(&admin, &analytics, &0u64);
 89 +     client.add_authorized_analytics(&admin, &analytics);
    |

error[E0061]: this method takes 8 arguments but 7 arguments were supplied
   --> contracts\attestation\src\anomaly_test.rs:93:12
    |
 93 |     client.submit_attestation(&business, &period, &root, &1700000000u64, &1u32, &None, &0u64);
    |            ^^^^^^^^^^^^^^^^^^                                                          ----- argument #7 of type 
`&core::option::Option<u64>` is missing
    |
note: method defined here
   --> contracts\attestation\src\lib.rs:183:12
    |
183 |     pub fn submit_attestation(
    |            ^^^^^^^^^^^^^^^^^^
...
191 |         expiry_timestamp: Option<u64>,
    |         -----------------------------
help: provide the argument
    |
 93 |     client.submit_attestation(&business, &period, &root, &1700000000u64, &1u32, &None, /* 
&core::option::Option<u64> */, &0u64);
    |                                                                                        
+++++++++++++++++++++++++++++++++

error[E0061]: this method takes 5 arguments but 6 arguments were supplied
   --> contracts\attestation\src\anomaly_test.rs:94:12
    |
 94 |     client.set_anomaly(&analytics, &business, &period, &1u32, &10u32, &0u64);
    |            ^^^^^^^^^^^                                                ----- unexpected argument #6 of type `&u64`
    |
note: method defined here
   --> contracts\attestation\src\lib.rs:575:12
    |
575 |     pub fn set_anomaly(
    |            ^^^^^^^^^^^
help: remove the extra argument
    |
 94 -     client.set_anomaly(&analytics, &business, &period, &1u32, &10u32, &0u64);
 94 +     client.set_anomaly(&analytics, &business, &period, &1u32, &10u32);
    |

error[E0061]: this method takes 5 arguments but 6 arguments were supplied
   --> contracts\attestation\src\anomaly_test.rs:95:12
    |
 95 |     client.set_anomaly(&analytics, &business, &period, &2u32, &90u32, &1u64);
    |            ^^^^^^^^^^^                                                ----- unexpected argument #6 of type `&u64`
    |
note: method defined here
   --> contracts\attestation\src\lib.rs:575:12
    |
575 |     pub fn set_anomaly(
    |            ^^^^^^^^^^^
help: remove the extra argument
    |
 95 -     client.set_anomaly(&analytics, &business, &period, &2u32, &90u32, &1u64);
 95 +     client.set_anomaly(&analytics, &business, &period, &2u32, &90u32);
    |

error[E0061]: this method takes 2 arguments but 3 arguments were supplied
   --> contracts\attestation\src\anomaly_test.rs:107:12
    |
107 |     client.add_authorized_analytics(&admin, &analytics, &0u64);
    |            ^^^^^^^^^^^^^^^^^^^^^^^^                     ----- unexpected argument #3 of type `&u64`
    |
note: method defined here
   --> contracts\attestation\src\lib.rs:547:12
    |
547 |     pub fn add_authorized_analytics(env: Env, caller: Address, analytics: Address) {
    |            ^^^^^^^^^^^^^^^^^^^^^^^^
help: remove the extra argument
    |
107 -     client.add_authorized_analytics(&admin, &analytics, &0u64);
107 +     client.add_authorized_analytics(&admin, &analytics);
    |

error[E0061]: this method takes 8 arguments but 7 arguments were supplied
   --> contracts\attestation\src\anomaly_test.rs:112:12
    |
112 |     client.submit_attestation(&business, &period, &root, &1700000000u64, &1u32, &None, &0u64);
    |            ^^^^^^^^^^^^^^^^^^                                                          ----- argument #7 of type 
`&core::option::Option<u64>` is missing
    |
note: method defined here
   --> contracts\attestation\src\lib.rs:183:12
    |
183 |     pub fn submit_attestation(
    |            ^^^^^^^^^^^^^^^^^^
...
191 |         expiry_timestamp: Option<u64>,
    |         -----------------------------
help: provide the argument
    |
112 |     client.submit_attestation(&business, &period, &root, &1700000000u64, &1u32, &None, /* 
&core::option::Option<u64> */, &0u64);
    |                                                                                        
+++++++++++++++++++++++++++++++++

error[E0061]: this method takes 5 arguments but 6 arguments were supplied
   --> contracts\attestation\src\anomaly_test.rs:113:12
    |
113 |     client.set_anomaly(&unauthorized, &business, &period, &1u32, &50u32, &0u64);
    |            ^^^^^^^^^^^                                                   ----- unexpected argument #6 of type 
`&u64`
    |
note: method defined here
   --> contracts\attestation\src\lib.rs:575:12
    |
575 |     pub fn set_anomaly(
    |            ^^^^^^^^^^^
help: remove the extra argument
    |
113 -     client.set_anomaly(&unauthorized, &business, &period, &1u32, &50u32, &0u64);
113 +     client.set_anomaly(&unauthorized, &business, &period, &1u32, &50u32);
    |

error[E0061]: this method takes 2 arguments but 3 arguments were supplied
   --> contracts\attestation\src\anomaly_test.rs:122:12
    |
122 |     client.add_authorized_analytics(&admin, &analytics, &0u64);
    |            ^^^^^^^^^^^^^^^^^^^^^^^^                     ----- unexpected argument #3 of type `&u64`
    |
note: method defined here
   --> contracts\attestation\src\lib.rs:547:12
    |
547 |     pub fn add_authorized_analytics(env: Env, caller: Address, analytics: Address) {
    |            ^^^^^^^^^^^^^^^^^^^^^^^^
help: remove the extra argument
    |
122 -     client.add_authorized_analytics(&admin, &analytics, &0u64);
122 +     client.add_authorized_analytics(&admin, &analytics);
    |

error[E0061]: this method takes 5 arguments but 6 arguments were supplied
   --> contracts\attestation\src\anomaly_test.rs:125:12
    |
125 |     client.set_anomaly(&analytics, &business, &period, &1u32, &50u32, &0u64);
    |            ^^^^^^^^^^^                                                ----- unexpected argument #6 of type `&u64`
    |
note: method defined here
   --> contracts\attestation\src\lib.rs:575:12
    |
575 |     pub fn set_anomaly(
    |            ^^^^^^^^^^^
help: remove the extra argument
    |
125 -     client.set_anomaly(&analytics, &business, &period, &1u32, &50u32, &0u64);
125 +     client.set_anomaly(&analytics, &business, &period, &1u32, &50u32);
    |

error[E0061]: this method takes 2 arguments but 3 arguments were supplied
   --> contracts\attestation\src\anomaly_test.rs:134:12
    |
134 |     client.add_authorized_analytics(&admin, &analytics, &0u64);
    |            ^^^^^^^^^^^^^^^^^^^^^^^^                     ----- unexpected argument #3 of type `&u64`
    |
note: method defined here
   --> contracts\attestation\src\lib.rs:547:12
    |
547 |     pub fn add_authorized_analytics(env: Env, caller: Address, analytics: Address) {
    |            ^^^^^^^^^^^^^^^^^^^^^^^^
help: remove the extra argument
    |
134 -     client.add_authorized_analytics(&admin, &analytics, &0u64);
134 +     client.add_authorized_analytics(&admin, &analytics);
    |

error[E0061]: this method takes 8 arguments but 7 arguments were supplied
   --> contracts\attestation\src\anomaly_test.rs:138:12
    |
138 |     client.submit_attestation(&business, &period, &root, &1700000000u64, &1u32, &None, &0u64);
    |            ^^^^^^^^^^^^^^^^^^                                                          ----- argument #7 of type 
`&core::option::Option<u64>` is missing
    |
note: method defined here
   --> contracts\attestation\src\lib.rs:183:12
    |
183 |     pub fn submit_attestation(
    |            ^^^^^^^^^^^^^^^^^^
...
191 |         expiry_timestamp: Option<u64>,
    |         -----------------------------
help: provide the argument
    |
138 |     client.submit_attestation(&business, &period, &root, &1700000000u64, &1u32, &None, /* 
&core::option::Option<u64> */, &0u64);
    |                                                                                        
+++++++++++++++++++++++++++++++++

error[E0061]: this method takes 5 arguments but 6 arguments were supplied
   --> contracts\attestation\src\anomaly_test.rs:139:12
    |
139 |     client.set_anomaly(&analytics, &business, &period, &0u32, &101u32, &0u64);
    |            ^^^^^^^^^^^                                                 ----- unexpected argument #6 of type 
`&u64`
    |
note: method defined here
   --> contracts\attestation\src\lib.rs:575:12
    |
575 |     pub fn set_anomaly(
    |            ^^^^^^^^^^^
help: remove the extra argument
    |
139 -     client.set_anomaly(&analytics, &business, &period, &0u32, &101u32, &0u64);
139 +     client.set_anomaly(&analytics, &business, &period, &0u32, &101u32);
    |

error[E0061]: this method takes 2 arguments but 3 arguments were supplied
   --> contracts\attestation\src\anomaly_test.rs:147:12
    |
147 |     client.add_authorized_analytics(&admin, &analytics, &0u64);
    |            ^^^^^^^^^^^^^^^^^^^^^^^^                     ----- unexpected argument #3 of type `&u64`
    |
note: method defined here
   --> contracts\attestation\src\lib.rs:547:12
    |
547 |     pub fn add_authorized_analytics(env: Env, caller: Address, analytics: Address) {
    |            ^^^^^^^^^^^^^^^^^^^^^^^^
help: remove the extra argument
    |
147 -     client.add_authorized_analytics(&admin, &analytics, &0u64);
147 +     client.add_authorized_analytics(&admin, &analytics);
    |

error[E0061]: this method takes 8 arguments but 7 arguments were supplied
   --> contracts\attestation\src\anomaly_test.rs:151:12
    |
151 |     client.submit_attestation(&business, &period, &root, &1700000000u64, &1u32, &None, &0u64);
    |            ^^^^^^^^^^^^^^^^^^                                                          ----- argument #7 of type 
`&core::option::Option<u64>` is missing
    |
note: method defined here
   --> contracts\attestation\src\lib.rs:183:12
    |
183 |     pub fn submit_attestation(
    |            ^^^^^^^^^^^^^^^^^^
...
191 |         expiry_timestamp: Option<u64>,
    |         -----------------------------
help: provide the argument
    |
151 |     client.submit_attestation(&business, &period, &root, &1700000000u64, &1u32, &None, /* 
&core::option::Option<u64> */, &0u64);
    |                                                                                        
+++++++++++++++++++++++++++++++++

error[E0061]: this method takes 5 arguments but 6 arguments were supplied
   --> contracts\attestation\src\anomaly_test.rs:152:12
    |
152 |     client.set_anomaly(&analytics, &business, &period, &0u32, &100u32, &0u64);
    |            ^^^^^^^^^^^                                                 ----- unexpected argument #6 of type 
`&u64`
    |
note: method defined here
   --> contracts\attestation\src\lib.rs:575:12
    |
575 |     pub fn set_anomaly(
    |            ^^^^^^^^^^^
help: remove the extra argument
    |
152 -     client.set_anomaly(&analytics, &business, &period, &0u32, &100u32, &0u64);
152 +     client.set_anomaly(&analytics, &business, &period, &0u32, &100u32);
    |

error[E0061]: this method takes 2 arguments but 3 arguments were supplied
   --> contracts\attestation\src\anomaly_test.rs:162:12
    |
162 |     client.add_authorized_analytics(&admin, &analytics, &0u64);
    |            ^^^^^^^^^^^^^^^^^^^^^^^^                     ----- unexpected argument #3 of type `&u64`
    |
note: method defined here
   --> contracts\attestation\src\lib.rs:547:12
    |
547 |     pub fn add_authorized_analytics(env: Env, caller: Address, analytics: Address) {
    |            ^^^^^^^^^^^^^^^^^^^^^^^^
help: remove the extra argument
    |
162 -     client.add_authorized_analytics(&admin, &analytics, &0u64);
162 +     client.add_authorized_analytics(&admin, &analytics);
    |

error[E0061]: this method takes 8 arguments but 7 arguments were supplied
   --> contracts\attestation\src\anomaly_test.rs:166:12
    |
166 |     client.submit_attestation(&business, &period, &root, &1700000000u64, &1u32, &None, &0u64);
    |            ^^^^^^^^^^^^^^^^^^                                                          ----- argument #7 of type 
`&core::option::Option<u64>` is missing
    |
note: method defined here
   --> contracts\attestation\src\lib.rs:183:12
    |
183 |     pub fn submit_attestation(
    |            ^^^^^^^^^^^^^^^^^^
...
191 |         expiry_timestamp: Option<u64>,
    |         -----------------------------
help: provide the argument
    |
166 |     client.submit_attestation(&business, &period, &root, &1700000000u64, &1u32, &None, /* 
&core::option::Option<u64> */, &0u64);
    |                                                                                        
+++++++++++++++++++++++++++++++++

error[E0061]: this method takes 5 arguments but 6 arguments were supplied
   --> contracts\attestation\src\anomaly_test.rs:167:12
    |
167 |     client.set_anomaly(&analytics, &business, &period, &0u32, &49u32, &0u64);
    |            ^^^^^^^^^^^                                                ----- unexpected argument #6 of type `&u64`
    |
note: method defined here
   --> contracts\attestation\src\lib.rs:575:12
    |
575 |     pub fn set_anomaly(
    |            ^^^^^^^^^^^
help: remove the extra argument
    |
167 -     client.set_anomaly(&analytics, &business, &period, &0u32, &49u32, &0u64);
167 +     client.set_anomaly(&analytics, &business, &period, &0u32, &49u32);
    |

error[E0599]: no method named `get_anomaly_escalation` found for struct `AttestationContractClient<'a>` in the current 
scope
   --> contracts\attestation\src\anomaly_test.rs:168:23
    |
168 |     assert_eq!(client.get_anomaly_escalation(&business), None);
    |                       ^^^^^^^^^^^^^^^^^^^^^^
    |
   ::: contracts\attestation\src\lib.rs:74:1
    |
 74 | #[contract]
    | ----------- method `get_anomaly_escalation` not found for this struct
    |
help: there is a method `get_anomaly` with a similar name, but with different arguments
   --> contracts\attestation\src\lib.rs:77:1
    |
 77 | #[contractimpl]
    | ^^^^^^^^^^^^^^^
    = note: this error originates in the attribute macro `soroban_sdk::contractclient` (in Nightly builds, run with -Z 
macro-backtrace for more info)

error[E0061]: this method takes 2 arguments but 3 arguments were supplied
   --> contracts\attestation\src\anomaly_test.rs:176:12
    |
176 |     client.add_authorized_analytics(&admin, &analytics, &0u64);
    |            ^^^^^^^^^^^^^^^^^^^^^^^^                     ----- unexpected argument #3 of type `&u64`
    |
note: method defined here
   --> contracts\attestation\src\lib.rs:547:12
    |
547 |     pub fn add_authorized_analytics(env: Env, caller: Address, analytics: Address) {
    |            ^^^^^^^^^^^^^^^^^^^^^^^^
help: remove the extra argument
    |
176 -     client.add_authorized_analytics(&admin, &analytics, &0u64);
176 +     client.add_authorized_analytics(&admin, &analytics);
    |

error[E0061]: this method takes 8 arguments but 7 arguments were supplied
   --> contracts\attestation\src\anomaly_test.rs:181:12
    |
181 |     client.submit_attestation(&business, &period1, &root, &1700000000u64, &1u32, &None, &0u64);
    |            ^^^^^^^^^^^^^^^^^^                                                           ----- argument #7 of 
type `&core::option::Option<u64>` is missing
    |
note: method defined here
   --> contracts\attestation\src\lib.rs:183:12
    |
183 |     pub fn submit_attestation(
    |            ^^^^^^^^^^^^^^^^^^
...
191 |         expiry_timestamp: Option<u64>,
    |         -----------------------------
help: provide the argument
    |
181 |     client.submit_attestation(&business, &period1, &root, &1700000000u64, &1u32, &None, /* 
&core::option::Option<u64> */, &0u64);
    |                                                                                         
+++++++++++++++++++++++++++++++++

error[E0061]: this method takes 8 arguments but 7 arguments were supplied
   --> contracts\attestation\src\anomaly_test.rs:182:12
    |
182 |     client.submit_attestation(&business, &period2, &root, &1700000000u64, &1u32, &None, &0u64);
    |            ^^^^^^^^^^^^^^^^^^                                                           ----- argument #7 of 
type `&core::option::Option<u64>` is missing
    |
note: method defined here
   --> contracts\attestation\src\lib.rs:183:12
    |
183 |     pub fn submit_attestation(
    |            ^^^^^^^^^^^^^^^^^^
...
191 |         expiry_timestamp: Option<u64>,
    |         -----------------------------
help: provide the argument
    |
182 |     client.submit_attestation(&business, &period2, &root, &1700000000u64, &1u32, &None, /* 
&core::option::Option<u64> */, &0u64);
    |                                                                                         
+++++++++++++++++++++++++++++++++

error[E0061]: this method takes 5 arguments but 6 arguments were supplied
   --> contracts\attestation\src\anomaly_test.rs:184:12
    |
184 |     client.set_anomaly(&analytics, &business, &period1, &0u32, &60u32, &0u64);
    |            ^^^^^^^^^^^                                                 ----- unexpected argument #6 of type 
`&u64`
    |
note: method defined here
   --> contracts\attestation\src\lib.rs:575:12
    |
575 |     pub fn set_anomaly(
    |            ^^^^^^^^^^^
help: remove the extra argument
    |
184 -     client.set_anomaly(&analytics, &business, &period1, &0u32, &60u32, &0u64);
184 +     client.set_anomaly(&analytics, &business, &period1, &0u32, &60u32);
    |

error[E0599]: no method named `get_anomaly_escalation` found for struct `AttestationContractClient<'a>` in the current 
scope
   --> contracts\attestation\src\anomaly_test.rs:185:23
    |
185 |     assert_eq!(client.get_anomaly_escalation(&business), Some(1u32));
    |                       ^^^^^^^^^^^^^^^^^^^^^^
    |
   ::: contracts\attestation\src\lib.rs:74:1
    |
 74 | #[contract]
    | ----------- method `get_anomaly_escalation` not found for this struct
    |
help: there is a method `get_anomaly` with a similar name, but with different arguments
   --> contracts\attestation\src\lib.rs:77:1
    |
 77 | #[contractimpl]
    | ^^^^^^^^^^^^^^^
    = note: this error originates in the attribute macro `soroban_sdk::contractclient` (in Nightly builds, run with -Z 
macro-backtrace for more info)

error[E0061]: this method takes 5 arguments but 6 arguments were supplied
   --> contracts\attestation\src\anomaly_test.rs:187:12
    |
187 |     client.set_anomaly(&analytics, &business, &period2, &0u32, &85u32, &1u64);
    |            ^^^^^^^^^^^                                                 ----- unexpected argument #6 of type 
`&u64`
    |
note: method defined here
   --> contracts\attestation\src\lib.rs:575:12
    |
575 |     pub fn set_anomaly(
    |            ^^^^^^^^^^^
help: remove the extra argument
    |
187 -     client.set_anomaly(&analytics, &business, &period2, &0u32, &85u32, &1u64);
187 +     client.set_anomaly(&analytics, &business, &period2, &0u32, &85u32);
    |

error[E0599]: no method named `get_anomaly_escalation` found for struct `AttestationContractClient<'a>` in the current 
scope
   --> contracts\attestation\src\anomaly_test.rs:188:23
    |
188 |     assert_eq!(client.get_anomaly_escalation(&business), Some(2u32));
    |                       ^^^^^^^^^^^^^^^^^^^^^^
    |
   ::: contracts\attestation\src\lib.rs:74:1
    |
 74 | #[contract]
    | ----------- method `get_anomaly_escalation` not found for this struct
    |
help: there is a method `get_anomaly` with a similar name, but with different arguments
   --> contracts\attestation\src\lib.rs:77:1
    |
 77 | #[contractimpl]
    | ^^^^^^^^^^^^^^^
    = note: this error originates in the attribute macro `soroban_sdk::contractclient` (in Nightly builds, run with -Z 
macro-backtrace for more info)

error[E0061]: this method takes 5 arguments but 6 arguments were supplied
   --> contracts\attestation\src\anomaly_test.rs:190:12
    |
190 |     client.set_anomaly(&analytics, &business, &period1, &0u32, &70u32, &2u64);
    |            ^^^^^^^^^^^                                                 ----- unexpected argument #6 of type 
`&u64`
    |
note: method defined here
   --> contracts\attestation\src\lib.rs:575:12
    |
575 |     pub fn set_anomaly(
    |            ^^^^^^^^^^^
help: remove the extra argument
    |
190 -     client.set_anomaly(&analytics, &business, &period1, &0u32, &70u32, &2u64);
190 +     client.set_anomaly(&analytics, &business, &period1, &0u32, &70u32);
    |

error[E0599]: no method named `get_anomaly_escalation` found for struct `AttestationContractClient<'a>` in the current 
scope
   --> contracts\attestation\src\anomaly_test.rs:191:23
    |
191 |     assert_eq!(client.get_anomaly_escalation(&business), Some(2u32));
    |                       ^^^^^^^^^^^^^^^^^^^^^^
    |
   ::: contracts\attestation\src\lib.rs:74:1
    |
 74 | #[contract]
    | ----------- method `get_anomaly_escalation` not found for this struct
    |
help: there is a method `get_anomaly` with a similar name, but with different arguments
   --> contracts\attestation\src\lib.rs:77:1
    |
 77 | #[contractimpl]
    | ^^^^^^^^^^^^^^^
    = note: this error originates in the attribute macro `soroban_sdk::contractclient` (in Nightly builds, run with -Z 
macro-backtrace for more info)

error[E0061]: this method takes 5 arguments but 6 arguments were supplied
   --> contracts\attestation\src\anomaly_test.rs:193:12
    |
193 |     client.set_anomaly(&analytics, &business, &period2, &0u32, &95u32, &3u64);
    |            ^^^^^^^^^^^                                                 ----- unexpected argument #6 of type 
`&u64`
    |
note: method defined here
   --> contracts\attestation\src\lib.rs:575:12
    |
575 |     pub fn set_anomaly(
    |            ^^^^^^^^^^^
help: remove the extra argument
    |
193 -     client.set_anomaly(&analytics, &business, &period2, &0u32, &95u32, &3u64);
193 +     client.set_anomaly(&analytics, &business, &period2, &0u32, &95u32);
    |

error[E0599]: no method named `get_anomaly_escalation` found for struct `AttestationContractClient<'a>` in the current 
scope
   --> contracts\attestation\src\anomaly_test.rs:194:23
    |
194 |     assert_eq!(client.get_anomaly_escalation(&business), Some(3u32));
    |                       ^^^^^^^^^^^^^^^^^^^^^^
    |
   ::: contracts\attestation\src\lib.rs:74:1
    |
 74 | #[contract]
    | ----------- method `get_anomaly_escalation` not found for this struct
    |
help: there is a method `get_anomaly` with a similar name, but with different arguments
   --> contracts\attestation\src\lib.rs:77:1
    |
 77 | #[contractimpl]
    | ^^^^^^^^^^^^^^^
    = note: this error originates in the attribute macro `soroban_sdk::contractclient` (in Nightly builds, run with -Z 
macro-backtrace for more info)

error[E0061]: this method takes 2 arguments but 3 arguments were supplied
   --> contracts\attestation\src\anomaly_test.rs:202:12
    |
202 |     client.add_authorized_analytics(&admin, &analytics, &0u64);
    |            ^^^^^^^^^^^^^^^^^^^^^^^^                     ----- unexpected argument #3 of type `&u64`
    |
note: method defined here
   --> contracts\attestation\src\lib.rs:547:12
    |
547 |     pub fn add_authorized_analytics(env: Env, caller: Address, analytics: Address) {
    |            ^^^^^^^^^^^^^^^^^^^^^^^^
help: remove the extra argument
    |
202 -     client.add_authorized_analytics(&admin, &analytics, &0u64);
202 +     client.add_authorized_analytics(&admin, &analytics);
    |

error[E0061]: this method takes 8 arguments but 7 arguments were supplied
   --> contracts\attestation\src\anomaly_test.rs:206:12
    |
206 |     client.submit_attestation(&business, &period, &root, &1700000000u64, &1u32, &None, &0u64);
    |            ^^^^^^^^^^^^^^^^^^                                                          ----- argument #7 of type 
`&core::option::Option<u64>` is missing
    |
note: method defined here
   --> contracts\attestation\src\lib.rs:183:12
    |
183 |     pub fn submit_attestation(
    |            ^^^^^^^^^^^^^^^^^^
...
191 |         expiry_timestamp: Option<u64>,
    |         -----------------------------
help: provide the argument
    |
206 |     client.submit_attestation(&business, &period, &root, &1700000000u64, &1u32, &None, /* 
&core::option::Option<u64> */, &0u64);
    |                                                                                        
+++++++++++++++++++++++++++++++++

error[E0061]: this method takes 5 arguments but 6 arguments were supplied
   --> contracts\attestation\src\anomaly_test.rs:207:12
    |
207 |     client.set_anomaly(&analytics, &business, &period, &0u32, &95u32, &0u64);
    |            ^^^^^^^^^^^                                                ----- unexpected argument #6 of type `&u64`
    |
note: method defined here
   --> contracts\attestation\src\lib.rs:575:12
    |
575 |     pub fn set_anomaly(
    |            ^^^^^^^^^^^
help: remove the extra argument
    |
207 -     client.set_anomaly(&analytics, &business, &period, &0u32, &95u32, &0u64);
207 +     client.set_anomaly(&analytics, &business, &period, &0u32, &95u32);
    |

error[E0599]: no method named `get_anomaly_escalation` found for struct `AttestationContractClient<'a>` in the current 
scope
   --> contracts\attestation\src\anomaly_test.rs:208:23
    |
208 |     assert_eq!(client.get_anomaly_escalation(&business), Some(3u32));
    |                       ^^^^^^^^^^^^^^^^^^^^^^
    |
   ::: contracts\attestation\src\lib.rs:74:1
    |
 74 | #[contract]
    | ----------- method `get_anomaly_escalation` not found for this struct
    |
help: there is a method `get_anomaly` with a similar name, but with different arguments
   --> contracts\attestation\src\lib.rs:77:1
    |
 77 | #[contractimpl]
    | ^^^^^^^^^^^^^^^
    = note: this error originates in the attribute macro `soroban_sdk::contractclient` (in Nightly builds, run with -Z 
macro-backtrace for more info)

error[E0599]: no method named `clear_anomaly_escalation` found for struct `AttestationContractClient<'a>` in the 
current scope
   --> contracts\attestation\src\anomaly_test.rs:209:12
    |
209 |     client.clear_anomaly_escalation(&admin, &business);
    |            ^^^^^^^^^^^^^^^^^^^^^^^^ method not found in `AttestationContractClient<'_>`
    |
   ::: contracts\attestation\src\lib.rs:74:1
    |
 74 | #[contract]
    | ----------- method `clear_anomaly_escalation` not found for this struct

error[E0599]: no method named `get_anomaly_escalation` found for struct `AttestationContractClient<'a>` in the current 
scope
   --> contracts\attestation\src\anomaly_test.rs:210:23
    |
210 |     assert_eq!(client.get_anomaly_escalation(&business), None);
    |                       ^^^^^^^^^^^^^^^^^^^^^^
    |
   ::: contracts\attestation\src\lib.rs:74:1
    |
 74 | #[contract]
    | ----------- method `get_anomaly_escalation` not found for this struct
    |
help: there is a method `get_anomaly` with a similar name, but with different arguments
   --> contracts\attestation\src\lib.rs:77:1
    |
 77 | #[contractimpl]
    | ^^^^^^^^^^^^^^^
    = note: this error originates in the attribute macro `soroban_sdk::contractclient` (in Nightly builds, run with -Z 
macro-backtrace for more info)

error[E0061]: this method takes 2 arguments but 3 arguments were supplied
   --> contracts\attestation\src\anomaly_test.rs:219:12
    |
219 |     client.add_authorized_analytics(&admin, &analytics, &0u64);
    |            ^^^^^^^^^^^^^^^^^^^^^^^^                     ----- unexpected argument #3 of type `&u64`
    |
note: method defined here
   --> contracts\attestation\src\lib.rs:547:12
    |
547 |     pub fn add_authorized_analytics(env: Env, caller: Address, analytics: Address) {
    |            ^^^^^^^^^^^^^^^^^^^^^^^^
help: remove the extra argument
    |
219 -     client.add_authorized_analytics(&admin, &analytics, &0u64);
219 +     client.add_authorized_analytics(&admin, &analytics);
    |

error[E0061]: this method takes 8 arguments but 7 arguments were supplied
   --> contracts\attestation\src\anomaly_test.rs:224:12
    |
224 |     client.submit_attestation(&business, &period, &root, &1700000000u64, &1u32, &None, &0u64);
    |            ^^^^^^^^^^^^^^^^^^                                                          ----- argument #7 of type 
`&core::option::Option<u64>` is missing
    |
note: method defined here
   --> contracts\attestation\src\lib.rs:183:12
    |
183 |     pub fn submit_attestation(
    |            ^^^^^^^^^^^^^^^^^^
...
191 |         expiry_timestamp: Option<u64>,
    |         -----------------------------
help: provide the argument
    |
224 |     client.submit_attestation(&business, &period, &root, &1700000000u64, &1u32, &None, /* 
&core::option::Option<u64> */, &0u64);
    |                                                                                        
+++++++++++++++++++++++++++++++++

error[E0061]: this method takes 5 arguments but 6 arguments were supplied
   --> contracts\attestation\src\anomaly_test.rs:225:12
    |
225 |     client.set_anomaly(&analytics, &business, &period, &0u32, &95u32, &0u64);
    |            ^^^^^^^^^^^                                                ----- unexpected argument #6 of type `&u64`
    |
note: method defined here
   --> contracts\attestation\src\lib.rs:575:12
    |
575 |     pub fn set_anomaly(
    |            ^^^^^^^^^^^
help: remove the extra argument
    |
225 -     client.set_anomaly(&analytics, &business, &period, &0u32, &95u32, &0u64);
225 +     client.set_anomaly(&analytics, &business, &period, &0u32, &95u32);
    |

error[E0599]: no method named `clear_anomaly_escalation` found for struct `AttestationContractClient<'a>` in the 
current scope
   --> contracts\attestation\src\anomaly_test.rs:226:12
    |
226 |     client.clear_anomaly_escalation(&unauthorized, &business);
    |            ^^^^^^^^^^^^^^^^^^^^^^^^ method not found in `AttestationContractClient<'_>`
    |
   ::: contracts\attestation\src\lib.rs:74:1
    |
 74 | #[contract]
    | ----------- method `clear_anomaly_escalation` not found for this struct

error[E0061]: this method takes 8 arguments but 7 arguments were supplied
   --> contracts\attestation\src\anomaly_test.rs:236:12
    |
236 |     client.submit_attestation(&business, &period, &root, &1700000000u64, &1u32, &None, &0u64);
    |            ^^^^^^^^^^^^^^^^^^                                                          ----- argument #7 of type 
`&core::option::Option<u64>` is missing
    |
note: method defined here
   --> contracts\attestation\src\lib.rs:183:12
    |
183 |     pub fn submit_attestation(
    |            ^^^^^^^^^^^^^^^^^^
...
191 |         expiry_timestamp: Option<u64>,
    |         -----------------------------
help: provide the argument
    |
236 |     client.submit_attestation(&business, &period, &root, &1700000000u64, &1u32, &None, /* 
&core::option::Option<u64> */, &0u64);
    |                                                                                        
+++++++++++++++++++++++++++++++++

error[E0061]: this method takes 2 arguments but 1 argument was supplied
   --> contracts\attestation\src\anomaly_test.rs:248:12
    |
248 |     client.initialize(&admin);
    |            ^^^^^^^^^^-------- argument #2 of type `&u64` is missing
    |
note: method defined here
   --> contracts\attestation\src\lib.rs:79:12
    |
 79 |     pub fn initialize(env: Env, admin: Address, _nonce: u64) {
    |            ^^^^^^^^^^                           -----------
help: provide the argument
    |
248 |     client.initialize(&admin, /* &u64 */);
    |                             ++++++++++++

error[E0061]: this method takes 8 arguments but 7 arguments were supplied
   --> contracts\attestation\src\anomaly_test.rs:254:12
    |
254 |     client.submit_attestation(&business, &period, &root, &timestamp, &version, &None, &0u64);
    |            ^^^^^^^^^^^^^^^^^^                                                         ----- argument #7 of type 
`&core::option::Option<u64>` is missing
    |
note: method defined here
   --> contracts\attestation\src\lib.rs:183:12
    |
183 |     pub fn submit_attestation(
    |            ^^^^^^^^^^^^^^^^^^
...
191 |         expiry_timestamp: Option<u64>,
    |         -----------------------------
help: provide the argument
    |
254 |     client.submit_attestation(&business, &period, &root, &timestamp, &version, &None, /* 
&core::option::Option<u64> */, &0u64);
    |                                                                                       
+++++++++++++++++++++++++++++++++

error[E0061]: this method takes 2 arguments but 3 arguments were supplied
   --> contracts\attestation\src\anomaly_test.rs:268:12
    |
268 |     client.add_authorized_analytics(&admin, &analytics, &0u64);
    |            ^^^^^^^^^^^^^^^^^^^^^^^^                     ----- unexpected argument #3 of type `&u64`
    |
note: method defined here
   --> contracts\attestation\src\lib.rs:547:12
    |
547 |     pub fn add_authorized_analytics(env: Env, caller: Address, analytics: Address) {
    |            ^^^^^^^^^^^^^^^^^^^^^^^^
help: remove the extra argument
    |
268 -     client.add_authorized_analytics(&admin, &analytics, &0u64);
268 +     client.add_authorized_analytics(&admin, &analytics);
    |

error[E0061]: this method takes 8 arguments but 7 arguments were supplied
   --> contracts\attestation\src\anomaly_test.rs:274:12
    |
274 |     client.submit_attestation(&business, &period, &root, &timestamp, &version, &None, &0u64);
    |            ^^^^^^^^^^^^^^^^^^                                                         ----- argument #7 of type 
`&core::option::Option<u64>` is missing
    |
note: method defined here
   --> contracts\attestation\src\lib.rs:183:12
    |
183 |     pub fn submit_attestation(
    |            ^^^^^^^^^^^^^^^^^^
...
191 |         expiry_timestamp: Option<u64>,
    |         -----------------------------
help: provide the argument
    |
274 |     client.submit_attestation(&business, &period, &root, &timestamp, &version, &None, /* 
&core::option::Option<u64> */, &0u64);
    |                                                                                       
+++++++++++++++++++++++++++++++++

error[E0061]: this method takes 5 arguments but 6 arguments were supplied
   --> contracts\attestation\src\anomaly_test.rs:275:12
    |
275 |     client.set_anomaly(&analytics, &business, &period, &0xFFu32, &75u32, &0u64);
    |            ^^^^^^^^^^^                                                   ----- unexpected argument #6 of type 
`&u64`
    |
note: method defined here
   --> contracts\attestation\src\lib.rs:575:12
    |
575 |     pub fn set_anomaly(
    |            ^^^^^^^^^^^
help: remove the extra argument
    |
275 -     client.set_anomaly(&analytics, &business, &period, &0xFFu32, &75u32, &0u64);
275 +     client.set_anomaly(&analytics, &business, &period, &0xFFu32, &75u32);
    |

error[E0061]: this method takes 2 arguments but 3 arguments were supplied
   --> contracts\attestation\src\anomaly_test.rs:292:12
    |
292 |     client.add_authorized_analytics(&admin, &analytics1, &0u64);
    |            ^^^^^^^^^^^^^^^^^^^^^^^^                      ----- unexpected argument #3 of type `&u64`
    |
note: method defined here
   --> contracts\attestation\src\lib.rs:547:12
    |
547 |     pub fn add_authorized_analytics(env: Env, caller: Address, analytics: Address) {
    |            ^^^^^^^^^^^^^^^^^^^^^^^^
help: remove the extra argument
    |
292 -     client.add_authorized_analytics(&admin, &analytics1, &0u64);
292 +     client.add_authorized_analytics(&admin, &analytics1);
    |

error[E0061]: this method takes 2 arguments but 3 arguments were supplied
   --> contracts\attestation\src\anomaly_test.rs:293:12
    |
293 |     client.add_authorized_analytics(&admin, &analytics2, &1u64);
    |            ^^^^^^^^^^^^^^^^^^^^^^^^                      ----- unexpected argument #3 of type `&u64`
    |
note: method defined here
   --> contracts\attestation\src\lib.rs:547:12
    |
547 |     pub fn add_authorized_analytics(env: Env, caller: Address, analytics: Address) {
    |            ^^^^^^^^^^^^^^^^^^^^^^^^
help: remove the extra argument
    |
293 -     client.add_authorized_analytics(&admin, &analytics2, &1u64);
293 +     client.add_authorized_analytics(&admin, &analytics2);
    |

error[E0061]: this method takes 8 arguments but 7 arguments were supplied
   --> contracts\attestation\src\anomaly_test.rs:297:12
    |
297 |     client.submit_attestation(&business, &period, &root, &1700000000u64, &1u32, &None, &0u64);
    |            ^^^^^^^^^^^^^^^^^^                                                          ----- argument #7 of type 
`&core::option::Option<u64>` is missing
    |
note: method defined here
   --> contracts\attestation\src\lib.rs:183:12
    |
183 |     pub fn submit_attestation(
    |            ^^^^^^^^^^^^^^^^^^
...
191 |         expiry_timestamp: Option<u64>,
    |         -----------------------------
help: provide the argument
    |
297 |     client.submit_attestation(&business, &period, &root, &1700000000u64, &1u32, &None, /* 
&core::option::Option<u64> */, &0u64);
    |                                                                                        
+++++++++++++++++++++++++++++++++

error[E0061]: this method takes 5 arguments but 6 arguments were supplied
   --> contracts\attestation\src\anomaly_test.rs:298:12
    |
298 |     client.set_anomaly(&analytics1, &business, &period, &1u32, &25u32, &0u64);
    |            ^^^^^^^^^^^                                                 ----- unexpected argument #6 of type 
`&u64`
    |
note: method defined here
   --> contracts\attestation\src\lib.rs:575:12
    |
575 |     pub fn set_anomaly(
    |            ^^^^^^^^^^^
help: remove the extra argument
    |
298 -     client.set_anomaly(&analytics1, &business, &period, &1u32, &25u32, &0u64);
298 +     client.set_anomaly(&analytics1, &business, &period, &1u32, &25u32);
    |

error[E0061]: this method takes 5 arguments but 6 arguments were supplied
   --> contracts\attestation\src\anomaly_test.rs:299:12
    |
299 |     client.set_anomaly(&analytics2, &business, &period, &2u32, &50u32, &1u64);
    |            ^^^^^^^^^^^                                                 ----- unexpected argument #6 of type 
`&u64`
    |
note: method defined here
   --> contracts\attestation\src\lib.rs:575:12
    |
575 |     pub fn set_anomaly(
    |            ^^^^^^^^^^^
help: remove the extra argument
    |
299 -     client.set_anomaly(&analytics2, &business, &period, &2u32, &50u32, &1u64);
299 +     client.set_anomaly(&analytics2, &business, &period, &2u32, &50u32);
    |

error[E0061]: this method takes 2 arguments but 3 arguments were supplied
   --> contracts\attestation\src\anomaly_test.rs:310:12
    |
310 |     client.add_authorized_analytics(&admin, &analytics, &0u64);
    |            ^^^^^^^^^^^^^^^^^^^^^^^^                     ----- unexpected argument #3 of type `&u64`
    |
note: method defined here
   --> contracts\attestation\src\lib.rs:547:12
    |
547 |     pub fn add_authorized_analytics(env: Env, caller: Address, analytics: Address) {
    |            ^^^^^^^^^^^^^^^^^^^^^^^^
help: remove the extra argument
    |
310 -     client.add_authorized_analytics(&admin, &analytics, &0u64);
310 +     client.add_authorized_analytics(&admin, &analytics);
    |

error[E0061]: this method takes 8 arguments but 7 arguments were supplied
   --> contracts\attestation\src\anomaly_test.rs:314:12
    |
314 |     client.submit_attestation(&business, &period, &root, &1700000000u64, &1u32, &None, &0u64);
    |            ^^^^^^^^^^^^^^^^^^                                                          ----- argument #7 of type 
`&core::option::Option<u64>` is missing
    |
note: method defined here
   --> contracts\attestation\src\lib.rs:183:12
    |
183 |     pub fn submit_attestation(
    |            ^^^^^^^^^^^^^^^^^^
...
191 |         expiry_timestamp: Option<u64>,
    |         -----------------------------
help: provide the argument
    |
314 |     client.submit_attestation(&business, &period, &root, &1700000000u64, &1u32, &None, /* 
&core::option::Option<u64> */, &0u64);
    |                                                                                        
+++++++++++++++++++++++++++++++++

error[E0061]: this method takes 5 arguments but 6 arguments were supplied
   --> contracts\attestation\src\anomaly_test.rs:315:12
    |
315 |     client.set_anomaly(&analytics, &business, &period, &1u32, &50u32, &0u64);
    |            ^^^^^^^^^^^                                                ----- unexpected argument #6 of type `&u64`
    |
note: method defined here
   --> contracts\attestation\src\lib.rs:575:12
    |
575 |     pub fn set_anomaly(
    |            ^^^^^^^^^^^
help: remove the extra argument
    |
315 -     client.set_anomaly(&analytics, &business, &period, &1u32, &50u32, &0u64);
315 +     client.set_anomaly(&analytics, &business, &period, &1u32, &50u32);
    |

error[E0061]: this method takes 2 arguments but 3 arguments were supplied
   --> contracts\attestation\src\anomaly_test.rs:316:12
    |
316 |     client.remove_authorized_analytics(&admin, &analytics, &1u64);
    |            ^^^^^^^^^^^^^^^^^^^^^^^^^^^                     ----- unexpected argument #3 of type `&u64`
    |
note: method defined here
   --> contracts\attestation\src\lib.rs:561:12
    |
561 |     pub fn remove_authorized_analytics(env: Env, caller: Address, analytics: Address) {
    |            ^^^^^^^^^^^^^^^^^^^^^^^^^^^
help: remove the extra argument
    |
316 -     client.remove_authorized_analytics(&admin, &analytics, &1u64);
316 +     client.remove_authorized_analytics(&admin, &analytics);
    |

error[E0061]: this method takes 2 arguments but 3 arguments were supplied
   --> contracts\attestation\src\anomaly_test.rs:328:12
    |
328 |     client.add_authorized_analytics(&admin, &analytics, &0u64);
    |            ^^^^^^^^^^^^^^^^^^^^^^^^                     ----- unexpected argument #3 of type `&u64`
    |
note: method defined here
   --> contracts\attestation\src\lib.rs:547:12
    |
547 |     pub fn add_authorized_analytics(env: Env, caller: Address, analytics: Address) {
    |            ^^^^^^^^^^^^^^^^^^^^^^^^
help: remove the extra argument
    |
328 -     client.add_authorized_analytics(&admin, &analytics, &0u64);
328 +     client.add_authorized_analytics(&admin, &analytics);
    |

error[E0061]: this method takes 8 arguments but 7 arguments were supplied
   --> contracts\attestation\src\anomaly_test.rs:332:12
    |
332 |     client.submit_attestation(&business, &period, &root, &1700000000u64, &1u32, &None, &0u64);
    |            ^^^^^^^^^^^^^^^^^^                                                          ----- argument #7 of type 
`&core::option::Option<u64>` is missing
    |
note: method defined here
   --> contracts\attestation\src\lib.rs:183:12
    |
183 |     pub fn submit_attestation(
    |            ^^^^^^^^^^^^^^^^^^
...
191 |         expiry_timestamp: Option<u64>,
    |         -----------------------------
help: provide the argument
    |
332 |     client.submit_attestation(&business, &period, &root, &1700000000u64, &1u32, &None, /* 
&core::option::Option<u64> */, &0u64);
    |                                                                                        
+++++++++++++++++++++++++++++++++

error[E0061]: this method takes 2 arguments but 3 arguments were supplied
   --> contracts\attestation\src\anomaly_test.rs:333:12
    |
333 |     client.remove_authorized_analytics(&admin, &analytics, &1u64);
    |            ^^^^^^^^^^^^^^^^^^^^^^^^^^^                     ----- unexpected argument #3 of type `&u64`
    |
note: method defined here
   --> contracts\attestation\src\lib.rs:561:12
    |
561 |     pub fn remove_authorized_analytics(env: Env, caller: Address, analytics: Address) {
    |            ^^^^^^^^^^^^^^^^^^^^^^^^^^^
help: remove the extra argument
    |
333 -     client.remove_authorized_analytics(&admin, &analytics, &1u64);
333 +     client.remove_authorized_analytics(&admin, &analytics);
    |

error[E0061]: this method takes 5 arguments but 6 arguments were supplied
   --> contracts\attestation\src\anomaly_test.rs:334:12
    |
334 |     client.set_anomaly(&analytics, &business, &period, &2u32, &60u32, &0u64);
    |            ^^^^^^^^^^^                                                ----- unexpected argument #6 of type `&u64`
    |
note: method defined here
   --> contracts\attestation\src\lib.rs:575:12
    |
575 |     pub fn set_anomaly(
    |            ^^^^^^^^^^^
help: remove the extra argument
    |
334 -     client.set_anomaly(&analytics, &business, &period, &2u32, &60u32, &0u64);
334 +     client.set_anomaly(&analytics, &business, &period, &2u32, &60u32);
    |

error[E0308]: mismatched types
   --> contracts\attestation\src\batch_submission_test.rs:112:9
    |
112 |       let (root, ts, ver, fee, _) = client
    |  _________^^^^^^^^^^^^^^^^^^^^^^^___-
    | |         |
    | |         expected a tuple with 6 elements, found one with 5 elements
113 | |         .get_attestation(&business, &String::from_str(&env, "2026-01"))
114 | |         .unwrap();
    | |_________________- this expression has type `(BytesN<32>, u64, u32, i128, Option<BytesN<32>>, Option<u64>)`
    |
    = note: expected tuple `(soroban_sdk::BytesN<32>, u64, u32, i128, core::option::Option<soroban_sdk::BytesN<32>>, 
core::option::Option<u64>)`
               found tuple `(_, _, _, _, _)`
    = note: the full name for the type has been written to 'C:\Users\ADMIN\Desktop\remmy-drips\Veritasor-Contracts\targ
et\debug\deps\veritasor_attestation-ab0736ca72a1453d.long-type-443871552347791910.txt'
    = note: consider using `--verbose` to print the full type name to the console

error[E0061]: this method takes 8 arguments but 6 arguments were supplied
   --> contracts\attestation\src\batch_submission_test.rs:267:12
    |
267 |       client.submit_attestation(
    |  ____________^^^^^^^^^^^^^^^^^^-
268 | |         &business,
269 | |         &String::from_str(&env, "2026-01"),
270 | |         &BytesN::from_array(&env, &[1u8; 32]),
...   |
273 | |         &None,
274 | |     );
    | |_____- two arguments of type `&core::option::Option<u64>` and `&u64` are missing
    |
note: method defined here
   --> contracts\attestation\src\lib.rs:183:12
    |
183 |     pub fn submit_attestation(
    |            ^^^^^^^^^^^^^^^^^^
...
191 |         expiry_timestamp: Option<u64>,
    |         -----------------------------
192 |         nonce: u64,
    |         ----------
help: provide the arguments
    |
267 |     client.submit_attestation(
...
273 |         &None,
274 ~         /* &core::option::Option<u64> */,
275 +         /* &u64 */,
276 ~     );
    |

error[E0061]: this method takes 4 arguments but 3 arguments were supplied
   --> contracts\attestation\src\batch_submission_test.rs:306:12
    |
306 |     client.grant_role(&admin, &admin, &ROLE_ADMIN);
    |            ^^^^^^^^^^----------------------------- argument #4 of type `&u64` is missing
    |
note: method defined here
   --> contracts\attestation\src\lib.rs:167:12
    |
167 |     pub fn grant_role(env: Env, caller: Address, account: Address, role: u32, _nonce: u64) {
    |            ^^^^^^^^^^                                                         -----------
help: provide the argument
    |
306 |     client.grant_role(&admin, &admin, &ROLE_ADMIN, /* &u64 */);
    |                                                  ++++++++++++

error[E0061]: this method takes 2 arguments but 1 argument was supplied
   --> contracts\attestation\src\batch_submission_test.rs:308:12
    |
308 |     client.pause(&admin);
    |            ^^^^^-------- argument #2 of type `&u64` is missing
    |
note: method defined here
   --> contracts\attestation\src\lib.rs:720:12
    |
720 |     pub fn pause(env: Env, caller: Address, _nonce: u64) {
    |            ^^^^^                            -----------
help: provide the argument
    |
308 |     client.pause(&admin, /* &u64 */);
    |                        ++++++++++++

error[E0061]: this method takes 8 arguments but 6 arguments were supplied
   --> contracts\attestation\src\batch_submission_test.rs:367:12
    |
367 |       client.submit_attestation(
    |  ____________^^^^^^^^^^^^^^^^^^-
368 | |         &business,
369 | |         &String::from_str(&env, "2026-01"),
370 | |         &BytesN::from_array(&env, &[1u8; 32]),
...   |
373 | |         &None,
374 | |     );
    | |_____- two arguments of type `&core::option::Option<u64>` and `&u64` are missing
    |
note: method defined here
   --> contracts\attestation\src\lib.rs:183:12
    |
183 |     pub fn submit_attestation(
    |            ^^^^^^^^^^^^^^^^^^
...
191 |         expiry_timestamp: Option<u64>,
    |         -----------------------------
192 |         nonce: u64,
    |         ----------
help: provide the arguments
    |
367 |     client.submit_attestation(
...
373 |         &None,
374 ~         /* &core::option::Option<u64> */,
375 +         /* &u64 */,
376 ~     );
    |

error[E0308]: mismatched types
   --> contracts\attestation\src\batch_submission_test.rs:471:9
    |
471 |       let (_, _, _, fee1, _) = t
    |  _________^^^^^^^^^^^^^^^^^^___-
    | |         |
    | |         expected a tuple with 6 elements, found one with 5 elements
472 | |         .client
473 | |         .get_attestation(&business, &String::from_str(&t.env, "2026-01"))
474 | |         .unwrap();
    | |_________________- this expression has type `(BytesN<32>, u64, u32, i128, Option<BytesN<32>>, Option<u64>)`
    |
    = note: expected tuple `(soroban_sdk::BytesN<32>, u64, u32, i128, core::option::Option<soroban_sdk::BytesN<32>>, 
core::option::Option<u64>)`
               found tuple `(_, _, _, _, _)`
    = note: the full name for the type has been written to 'C:\Users\ADMIN\Desktop\remmy-drips\Veritasor-Contracts\targ
et\debug\deps\veritasor_attestation-ab0736ca72a1453d.long-type-443871552347791910.txt'
    = note: consider using `--verbose` to print the full type name to the console

error[E0308]: mismatched types
   --> contracts\attestation\src\batch_submission_test.rs:475:9
    |
475 |       let (_, _, _, fee2, _) = t
    |  _________^^^^^^^^^^^^^^^^^^___-
    | |         |
    | |         expected a tuple with 6 elements, found one with 5 elements
476 | |         .client
477 | |         .get_attestation(&business, &String::from_str(&t.env, "2026-02"))
478 | |         .unwrap();
    | |_________________- this expression has type `(BytesN<32>, u64, u32, i128, Option<BytesN<32>>, Option<u64>)`
    |
    = note: expected tuple `(soroban_sdk::BytesN<32>, u64, u32, i128, core::option::Option<soroban_sdk::BytesN<32>>, 
core::option::Option<u64>)`
               found tuple `(_, _, _, _, _)`
    = note: the full name for the type has been written to 'C:\Users\ADMIN\Desktop\remmy-drips\Veritasor-Contracts\targ
et\debug\deps\veritasor_attestation-ab0736ca72a1453d.long-type-443871552347791910.txt'
    = note: consider using `--verbose` to print the full type name to the console

error[E0308]: mismatched types
   --> contracts\attestation\src\batch_submission_test.rs:479:9
    |
479 |       let (_, _, _, fee3, _) = t
    |  _________^^^^^^^^^^^^^^^^^^___-
    | |         |
    | |         expected a tuple with 6 elements, found one with 5 elements
480 | |         .client
481 | |         .get_attestation(&business, &String::from_str(&t.env, "2026-03"))
482 | |         .unwrap();
    | |_________________- this expression has type `(BytesN<32>, u64, u32, i128, Option<BytesN<32>>, Option<u64>)`
    |
    = note: expected tuple `(soroban_sdk::BytesN<32>, u64, u32, i128, core::option::Option<soroban_sdk::BytesN<32>>, 
core::option::Option<u64>)`
               found tuple `(_, _, _, _, _)`
    = note: the full name for the type has been written to 'C:\Users\ADMIN\Desktop\remmy-drips\Veritasor-Contracts\targ
et\debug\deps\veritasor_attestation-ab0736ca72a1453d.long-type-443871552347791910.txt'
    = note: consider using `--verbose` to print the full type name to the console

error[E0061]: this method takes 8 arguments but 6 arguments were supplied
   --> contracts\attestation\src\batch_submission_test.rs:509:14
    |
509 |             .submit_attestation(&business, &period, &root, &1_700_000_000, &1, &None);
    |              ^^^^^^^^^^^^^^^^^^------------------------------------------------------ two arguments of type 
`&core::option::Option<u64>` and `&u64` are missing
    |
note: method defined here
   --> contracts\attestation\src\lib.rs:183:12
    |
183 |     pub fn submit_attestation(
    |            ^^^^^^^^^^^^^^^^^^
...
191 |         expiry_timestamp: Option<u64>,
    |         -----------------------------
192 |         nonce: u64,
    |         ----------
help: provide the arguments
    |
509 |             .submit_attestation(&business, &period, &root, &1_700_000_000, &1, &None, /* 
&core::option::Option<u64> */, /* &u64 */);
    |                                                                                     
++++++++++++++++++++++++++++++++++++++++++++++

error[E0061]: this method takes 8 arguments but 6 arguments were supplied
   --> contracts\attestation\src\batch_submission_test.rs:647:18
    |
647 |           t.client.submit_attestation(
    |  __________________^^^^^^^^^^^^^^^^^^-
648 | |             &business,
649 | |             &String::from_str(&t.env, period),
650 | |             &root,
...   |
653 | |             &None,
654 | |         );
    | |_________- two arguments of type `&core::option::Option<u64>` and `&u64` are missing
    |
note: method defined here
   --> contracts\attestation\src\lib.rs:183:12
    |
183 |     pub fn submit_attestation(
    |            ^^^^^^^^^^^^^^^^^^
...
191 |         expiry_timestamp: Option<u64>,
    |         -----------------------------
192 |         nonce: u64,
    |         ----------
help: provide the arguments
    |
647 |         t.client.submit_attestation(
...
653 |             &None,
654 ~             /* &core::option::Option<u64> */,
655 +             /* &u64 */,
656 ~         );
    |

error[E0061]: this method takes 8 arguments but 6 arguments were supplied
   --> contracts\attestation\src\batch_submission_test.rs:806:12
    |
806 |       client.submit_attestation(
    |  ____________^^^^^^^^^^^^^^^^^^-
807 | |         &business,
808 | |         &String::from_str(&env, "2026-01"),
809 | |         &BytesN::from_array(&env, &[1u8; 32]),
...   |
812 | |         &None,
813 | |     );
    | |_____- two arguments of type `&core::option::Option<u64>` and `&u64` are missing
    |
note: method defined here
   --> contracts\attestation\src\lib.rs:183:12
    |
183 |     pub fn submit_attestation(
    |            ^^^^^^^^^^^^^^^^^^
...
191 |         expiry_timestamp: Option<u64>,
    |         -----------------------------
192 |         nonce: u64,
    |         ----------
help: provide the arguments
    |
806 |     client.submit_attestation(
...
812 |         &None,
813 ~         /* &core::option::Option<u64> */,
814 +         /* &u64 */,
815 ~     );
    |

error[E0061]: this method takes 8 arguments but 6 arguments were supplied
   --> contracts\attestation\src\batch_submission_test.rs:836:12
    |
836 |       client.submit_attestation(
    |  ____________^^^^^^^^^^^^^^^^^^-
837 | |         &business,
838 | |         &String::from_str(&env, "2026-03"),
839 | |         &BytesN::from_array(&env, &[3u8; 32]),
...   |
842 | |         &None,
843 | |     );
    | |_____- two arguments of type `&core::option::Option<u64>` and `&u64` are missing
    |
note: method defined here
   --> contracts\attestation\src\lib.rs:183:12
    |
183 |     pub fn submit_attestation(
    |            ^^^^^^^^^^^^^^^^^^
...
191 |         expiry_timestamp: Option<u64>,
    |         -----------------------------
192 |         nonce: u64,
    |         ----------
help: provide the arguments
    |
836 |     client.submit_attestation(
...
842 |         &None,
843 ~         /* &core::option::Option<u64> */,
844 +         /* &u64 */,
845 ~     );
    |

error[E0061]: this method takes 8 arguments but 6 arguments were supplied
   --> contracts\attestation\src\batch_submission_test.rs:866:12
    |
866 |       client.submit_attestation(
    |  ____________^^^^^^^^^^^^^^^^^^-
867 | |         &business,
868 | |         &String::from_str(&env, "2026-02"),
869 | |         &BytesN::from_array(&env, &[2u8; 32]),
...   |
872 | |         &None,
873 | |     );
    | |_____- two arguments of type `&core::option::Option<u64>` and `&u64` are missing
    |
note: method defined here
   --> contracts\attestation\src\lib.rs:183:12
    |
183 |     pub fn submit_attestation(
    |            ^^^^^^^^^^^^^^^^^^
...
191 |         expiry_timestamp: Option<u64>,
    |         -----------------------------
192 |         nonce: u64,
    |         ----------
help: provide the arguments
    |
866 |     client.submit_attestation(
...
872 |         &None,
873 ~         /* &core::option::Option<u64> */,
874 +         /* &u64 */,
875 ~     );
    |

error[E0061]: this method takes 8 arguments but 6 arguments were supplied
   --> contracts\attestation\src\batch_submission_test.rs:897:16
    |
897 |           client.submit_attestation(
    |  ________________^^^^^^^^^^^^^^^^^^-
898 | |             &business,
899 | |             &String::from_str(&env, &std::format!("2025-{:02}", i)),
900 | |             &BytesN::from_array(&env, &[i; 32]),
...   |
903 | |             &None,
904 | |         );
    | |_________- two arguments of type `&core::option::Option<u64>` and `&u64` are missing
    |
note: method defined here
   --> contracts\attestation\src\lib.rs:183:12
    |
183 |     pub fn submit_attestation(
    |            ^^^^^^^^^^^^^^^^^^
...
191 |         expiry_timestamp: Option<u64>,
    |         -----------------------------
192 |         nonce: u64,
    |         ----------
help: provide the arguments
    |
897 |         client.submit_attestation(
...
903 |             &None,
904 ~             /* &core::option::Option<u64> */,
905 +             /* &u64 */,
906 ~         );
    |

error[E0061]: this method takes 8 arguments but 6 arguments were supplied
   --> contracts\attestation\src\batch_submission_test.rs:948:12
    |
948 |       client.submit_attestation(
    |  ____________^^^^^^^^^^^^^^^^^^-
949 | |         &business2,
950 | |         &String::from_str(&env, "2026-01"),
951 | |         &BytesN::from_array(&env, &[2u8; 32]),
...   |
954 | |         &None,
955 | |     );
    | |_____- two arguments of type `&core::option::Option<u64>` and `&u64` are missing
    |
note: method defined here
   --> contracts\attestation\src\lib.rs:183:12
    |
183 |     pub fn submit_attestation(
    |            ^^^^^^^^^^^^^^^^^^
...
191 |         expiry_timestamp: Option<u64>,
    |         -----------------------------
192 |         nonce: u64,
    |         ----------
help: provide the arguments
    |
948 |     client.submit_attestation(
...
954 |         &None,
955 ~         /* &core::option::Option<u64> */,
956 +         /* &u64 */,
957 ~     );
    |

error[E0061]: this method takes 8 arguments but 6 arguments were supplied
   --> contracts\attestation\src\batch_submission_test.rs:979:12
    |
979 |       client.submit_attestation(
    |  ____________^^^^^^^^^^^^^^^^^^-
980 | |         &business,
981 | |         &String::from_str(&env, "2026-01"),
982 | |         &BytesN::from_array(&env, &[1u8; 32]),
...   |
985 | |         &None,
986 | |     );
    | |_____- two arguments of type `&core::option::Option<u64>` and `&u64` are missing
    |
note: method defined here
   --> contracts\attestation\src\lib.rs:183:12
    |
183 |     pub fn submit_attestation(
    |            ^^^^^^^^^^^^^^^^^^
...
191 |         expiry_timestamp: Option<u64>,
    |         -----------------------------
192 |         nonce: u64,
    |         ----------
help: provide the arguments
    |
979 |     client.submit_attestation(
...
985 |         &None,
986 ~         /* &core::option::Option<u64> */,
987 +         /* &u64 */,
988 ~     );
    |

error[E0369]: binary operation `==` cannot be applied to type `soroban_sdk::Val`
   --> contracts\attestation\src\events_test.rs:165:5
    |
165 |     assert_eq!(topics.get(0).unwrap(), TOPIC_ATTESTATION_SUBMITTED.into_val(&env));
    |     ^^^^^^^^^^^^^^^^^^^^^^^^^^^^^^^^^^^^^^^^^^^^^^^^^^^^^^^^^^^^^^^^^^^^^^^^^^^^^^
    |     |
    |     soroban_sdk::Val
    |     _
    |
note: `soroban_sdk::Val` does not implement `PartialEq<_>`
   --> C:\Users\ADMIN\.cargo\registry\src\index.crates.io-1949cf8c6b5b557f\soroban-env-common-22.1.3\src\val.rs:249:1
    |
249 | pub struct Val(u64);
    | ^^^^^^^^^^^^^^ `soroban_sdk::Val` is defined in another crate
    = note: this error originates in the macro `assert_eq` (in Nightly builds, run with -Z macro-backtrace for more 
info)

error[E0369]: binary operation `==` cannot be applied to type `soroban_sdk::Val`
   --> contracts\attestation\src\events_test.rs:166:5
    |
166 |     assert_eq!(topics.get(1).unwrap(), business.into_val(&env));
    |     ^^^^^^^^^^^^^^^^^^^^^^^^^^^^^^^^^^^^^^^^^^^^^^^^^^^^^^^^^^^
    |     |
    |     soroban_sdk::Val
    |     _
    |
note: `soroban_sdk::Val` does not implement `PartialEq<_>`
   --> C:\Users\ADMIN\.cargo\registry\src\index.crates.io-1949cf8c6b5b557f\soroban-env-common-22.1.3\src\val.rs:249:1
    |
249 | pub struct Val(u64);
    | ^^^^^^^^^^^^^^ `soroban_sdk::Val` is defined in another crate
    = note: this error originates in the macro `assert_eq` (in Nightly builds, run with -Z macro-backtrace for more 
info)

error[E0369]: binary operation `==` cannot be applied to type `soroban_sdk::Val`
   --> contracts\attestation\src\events_test.rs:221:5
    |
221 |     assert_eq!(topics.get(0).unwrap(), TOPIC_ATTESTATION_REVOKED.into_val(&env));
    |     ^^^^^^^^^^^^^^^^^^^^^^^^^^^^^^^^^^^^^^^^^^^^^^^^^^^^^^^^^^^^^^^^^^^^^^^^^^^^
    |     |
    |     soroban_sdk::Val
    |     _
    |
note: `soroban_sdk::Val` does not implement `PartialEq<_>`
   --> C:\Users\ADMIN\.cargo\registry\src\index.crates.io-1949cf8c6b5b557f\soroban-env-common-22.1.3\src\val.rs:249:1
    |
249 | pub struct Val(u64);
    | ^^^^^^^^^^^^^^ `soroban_sdk::Val` is defined in another crate
    = note: this error originates in the macro `assert_eq` (in Nightly builds, run with -Z macro-backtrace for more 
info)

error[E0369]: binary operation `==` cannot be applied to type `soroban_sdk::Val`
   --> contracts\attestation\src\events_test.rs:222:5
    |
222 |     assert_eq!(topics.get(1).unwrap(), business.into_val(&env));
    |     ^^^^^^^^^^^^^^^^^^^^^^^^^^^^^^^^^^^^^^^^^^^^^^^^^^^^^^^^^^^
    |     |
    |     soroban_sdk::Val
    |     _
    |
note: `soroban_sdk::Val` does not implement `PartialEq<_>`
   --> C:\Users\ADMIN\.cargo\registry\src\index.crates.io-1949cf8c6b5b557f\soroban-env-common-22.1.3\src\val.rs:249:1
    |
249 | pub struct Val(u64);
    | ^^^^^^^^^^^^^^ `soroban_sdk::Val` is defined in another crate
    = note: this error originates in the macro `assert_eq` (in Nightly builds, run with -Z macro-backtrace for more 
info)

error[E0369]: binary operation `==` cannot be applied to type `soroban_sdk::Val`
   --> contracts\attestation\src\events_test.rs:253:5
    |
253 |     assert_eq!(topics.get(0).unwrap(), TOPIC_ATTESTATION_MIGRATED.into_val(&env));
    |     ^^^^^^^^^^^^^^^^^^^^^^^^^^^^^^^^^^^^^^^^^^^^^^^^^^^^^^^^^^^^^^^^^^^^^^^^^^^^^
    |     |
    |     soroban_sdk::Val
    |     _
    |
note: `soroban_sdk::Val` does not implement `PartialEq<_>`
   --> C:\Users\ADMIN\.cargo\registry\src\index.crates.io-1949cf8c6b5b557f\soroban-env-common-22.1.3\src\val.rs:249:1
    |
249 | pub struct Val(u64);
    | ^^^^^^^^^^^^^^ `soroban_sdk::Val` is defined in another crate
    = note: this error originates in the macro `assert_eq` (in Nightly builds, run with -Z macro-backtrace for more 
info)

error[E0369]: binary operation `==` cannot be applied to type `soroban_sdk::Val`
   --> contracts\attestation\src\events_test.rs:254:5
    |
254 |     assert_eq!(topics.get(1).unwrap(), business.into_val(&env));
    |     ^^^^^^^^^^^^^^^^^^^^^^^^^^^^^^^^^^^^^^^^^^^^^^^^^^^^^^^^^^^
    |     |
    |     soroban_sdk::Val
    |     _
    |
note: `soroban_sdk::Val` does not implement `PartialEq<_>`
   --> C:\Users\ADMIN\.cargo\registry\src\index.crates.io-1949cf8c6b5b557f\soroban-env-common-22.1.3\src\val.rs:249:1
    |
249 | pub struct Val(u64);
    | ^^^^^^^^^^^^^^ `soroban_sdk::Val` is defined in another crate
    = note: this error originates in the macro `assert_eq` (in Nightly builds, run with -Z macro-backtrace for more 
info)

error[E0369]: binary operation `==` cannot be applied to type `soroban_sdk::Val`
   --> contracts\attestation\src\events_test.rs:282:5
    |
282 |     assert_eq!(topics.get(0).unwrap(), TOPIC_ROLE_GRANTED.into_val(&env));
    |     ^^^^^^^^^^^^^^^^^^^^^^^^^^^^^^^^^^^^^^^^^^^^^^^^^^^^^^^^^^^^^^^^^^^^^
    |     |
    |     soroban_sdk::Val
    |     _
    |
note: `soroban_sdk::Val` does not implement `PartialEq<_>`
   --> C:\Users\ADMIN\.cargo\registry\src\index.crates.io-1949cf8c6b5b557f\soroban-env-common-22.1.3\src\val.rs:249:1
    |
249 | pub struct Val(u64);
    | ^^^^^^^^^^^^^^ `soroban_sdk::Val` is defined in another crate
    = note: this error originates in the macro `assert_eq` (in Nightly builds, run with -Z macro-backtrace for more 
info)

error[E0369]: binary operation `==` cannot be applied to type `soroban_sdk::Val`
   --> contracts\attestation\src\events_test.rs:283:5
    |
283 |     assert_eq!(topics.get(1).unwrap(), account.into_val(&env));
    |     ^^^^^^^^^^^^^^^^^^^^^^^^^^^^^^^^^^^^^^^^^^^^^^^^^^^^^^^^^^
    |     |
    |     soroban_sdk::Val
    |     _
    |
note: `soroban_sdk::Val` does not implement `PartialEq<_>`
   --> C:\Users\ADMIN\.cargo\registry\src\index.crates.io-1949cf8c6b5b557f\soroban-env-common-22.1.3\src\val.rs:249:1
    |
249 | pub struct Val(u64);
    | ^^^^^^^^^^^^^^ `soroban_sdk::Val` is defined in another crate
    = note: this error originates in the macro `assert_eq` (in Nightly builds, run with -Z macro-backtrace for more 
info)

error[E0369]: binary operation `==` cannot be applied to type `soroban_sdk::Val`
   --> contracts\attestation\src\events_test.rs:303:5
    |
303 |     assert_eq!(topics.get(0).unwrap(), TOPIC_ROLE_REVOKED.into_val(&env));
    |     ^^^^^^^^^^^^^^^^^^^^^^^^^^^^^^^^^^^^^^^^^^^^^^^^^^^^^^^^^^^^^^^^^^^^^
    |     |
    |     soroban_sdk::Val
    |     _
    |
note: `soroban_sdk::Val` does not implement `PartialEq<_>`
   --> C:\Users\ADMIN\.cargo\registry\src\index.crates.io-1949cf8c6b5b557f\soroban-env-common-22.1.3\src\val.rs:249:1
    |
249 | pub struct Val(u64);
    | ^^^^^^^^^^^^^^ `soroban_sdk::Val` is defined in another crate
    = note: this error originates in the macro `assert_eq` (in Nightly builds, run with -Z macro-backtrace for more 
info)

error[E0369]: binary operation `==` cannot be applied to type `soroban_sdk::Val`
   --> contracts\attestation\src\events_test.rs:304:5
    |
304 |     assert_eq!(topics.get(1).unwrap(), account.into_val(&env));
    |     ^^^^^^^^^^^^^^^^^^^^^^^^^^^^^^^^^^^^^^^^^^^^^^^^^^^^^^^^^^
    |     |
    |     soroban_sdk::Val
    |     _
    |
note: `soroban_sdk::Val` does not implement `PartialEq<_>`
   --> C:\Users\ADMIN\.cargo\registry\src\index.crates.io-1949cf8c6b5b557f\soroban-env-common-22.1.3\src\val.rs:249:1
    |
249 | pub struct Val(u64);
    | ^^^^^^^^^^^^^^ `soroban_sdk::Val` is defined in another crate
    = note: this error originates in the macro `assert_eq` (in Nightly builds, run with -Z macro-backtrace for more 
info)

error[E0369]: binary operation `==` cannot be applied to type `soroban_sdk::Val`
   --> contracts\attestation\src\events_test.rs:326:5
    |
326 |     assert_eq!(topics.get(0).unwrap(), TOPIC_PAUSED.into_val(&env));
    |     ^^^^^^^^^^^^^^^^^^^^^^^^^^^^^^^^^^^^^^^^^^^^^^^^^^^^^^^^^^^^^^^
    |     |
    |     soroban_sdk::Val
    |     _
    |
note: `soroban_sdk::Val` does not implement `PartialEq<_>`
   --> C:\Users\ADMIN\.cargo\registry\src\index.crates.io-1949cf8c6b5b557f\soroban-env-common-22.1.3\src\val.rs:249:1
    |
249 | pub struct Val(u64);
    | ^^^^^^^^^^^^^^ `soroban_sdk::Val` is defined in another crate
    = note: this error originates in the macro `assert_eq` (in Nightly builds, run with -Z macro-backtrace for more 
info)

error[E0369]: binary operation `==` cannot be applied to type `soroban_sdk::Val`
   --> contracts\attestation\src\events_test.rs:342:5
    |
342 |     assert_eq!(topics.get(0).unwrap(), TOPIC_UNPAUSED.into_val(&env));
    |     ^^^^^^^^^^^^^^^^^^^^^^^^^^^^^^^^^^^^^^^^^^^^^^^^^^^^^^^^^^^^^^^^^
    |     |
    |     soroban_sdk::Val
    |     _
    |
note: `soroban_sdk::Val` does not implement `PartialEq<_>`
   --> C:\Users\ADMIN\.cargo\registry\src\index.crates.io-1949cf8c6b5b557f\soroban-env-common-22.1.3\src\val.rs:249:1
    |
249 | pub struct Val(u64);
    | ^^^^^^^^^^^^^^ `soroban_sdk::Val` is defined in another crate
    = note: this error originates in the macro `assert_eq` (in Nightly builds, run with -Z macro-backtrace for more 
info)

error[E0369]: binary operation `==` cannot be applied to type `soroban_sdk::Val`
   --> contracts\attestation\src\events_test.rs:366:5
    |
366 |     assert_eq!(topics.get(0).unwrap(), TOPIC_FEE_CONFIG.into_val(&env));
    |     ^^^^^^^^^^^^^^^^^^^^^^^^^^^^^^^^^^^^^^^^^^^^^^^^^^^^^^^^^^^^^^^^^^^
    |     |
    |     soroban_sdk::Val
    |     _
    |
note: `soroban_sdk::Val` does not implement `PartialEq<_>`
   --> C:\Users\ADMIN\.cargo\registry\src\index.crates.io-1949cf8c6b5b557f\soroban-env-common-22.1.3\src\val.rs:249:1
    |
249 | pub struct Val(u64);
    | ^^^^^^^^^^^^^^ `soroban_sdk::Val` is defined in another crate
    = note: this error originates in the macro `assert_eq` (in Nightly builds, run with -Z macro-backtrace for more 
info)

error[E0369]: binary operation `==` cannot be applied to type `soroban_sdk::Val`
   --> contracts\attestation\src\events_test.rs:412:5
    |
412 |     assert_eq!(topics.get(0).unwrap(), TOPIC_RATE_LIMIT.into_val(&env));
    |     ^^^^^^^^^^^^^^^^^^^^^^^^^^^^^^^^^^^^^^^^^^^^^^^^^^^^^^^^^^^^^^^^^^^
    |     |
    |     soroban_sdk::Val
    |     _
    |
note: `soroban_sdk::Val` does not implement `PartialEq<_>`
   --> C:\Users\ADMIN\.cargo\registry\src\index.crates.io-1949cf8c6b5b557f\soroban-env-common-22.1.3\src\val.rs:249:1
    |
249 | pub struct Val(u64);
    | ^^^^^^^^^^^^^^ `soroban_sdk::Val` is defined in another crate
    = note: this error originates in the macro `assert_eq` (in Nightly builds, run with -Z macro-backtrace for more 
info)

error[E0369]: binary operation `==` cannot be applied to type `soroban_sdk::Val`
   --> contracts\attestation\src\events_test.rs:453:5
    |
453 |     assert_eq!(topics.get(0).unwrap(), TOPIC_KEY_ROTATION_PROPOSED.into_val(&env));
    |     ^^^^^^^^^^^^^^^^^^^^^^^^^^^^^^^^^^^^^^^^^^^^^^^^^^^^^^^^^^^^^^^^^^^^^^^^^^^^^^
    |     |
    |     soroban_sdk::Val
    |     _
    |
note: `soroban_sdk::Val` does not implement `PartialEq<_>`
   --> C:\Users\ADMIN\.cargo\registry\src\index.crates.io-1949cf8c6b5b557f\soroban-env-common-22.1.3\src\val.rs:249:1
    |
249 | pub struct Val(u64);
    | ^^^^^^^^^^^^^^ `soroban_sdk::Val` is defined in another crate
    = note: this error originates in the macro `assert_eq` (in Nightly builds, run with -Z macro-backtrace for more 
info)

error[E0369]: binary operation `==` cannot be applied to type `soroban_sdk::Val`
   --> contracts\attestation\src\events_test.rs:473:5
    |
473 |     assert_eq!(topics.get(0).unwrap(), TOPIC_KEY_ROTATION_CONFIRMED.into_val(&env));
    |     ^^^^^^^^^^^^^^^^^^^^^^^^^^^^^^^^^^^^^^^^^^^^^^^^^^^^^^^^^^^^^^^^^^^^^^^^^^^^^^^
    |     |
    |     soroban_sdk::Val
    |     _
    |
note: `soroban_sdk::Val` does not implement `PartialEq<_>`
   --> C:\Users\ADMIN\.cargo\registry\src\index.crates.io-1949cf8c6b5b557f\soroban-env-common-22.1.3\src\val.rs:249:1
    |
249 | pub struct Val(u64);
    | ^^^^^^^^^^^^^^ `soroban_sdk::Val` is defined in another crate
    = note: this error originates in the macro `assert_eq` (in Nightly builds, run with -Z macro-backtrace for more 
info)

error[E0369]: binary operation `==` cannot be applied to type `soroban_sdk::Val`
   --> contracts\attestation\src\events_test.rs:505:5
    |
505 |     assert_eq!(topics.get(0).unwrap(), TOPIC_KEY_ROTATION_CANCELLED.into_val(&env));
    |     ^^^^^^^^^^^^^^^^^^^^^^^^^^^^^^^^^^^^^^^^^^^^^^^^^^^^^^^^^^^^^^^^^^^^^^^^^^^^^^^
    |     |
    |     soroban_sdk::Val
    |     _
    |
note: `soroban_sdk::Val` does not implement `PartialEq<_>`
   --> C:\Users\ADMIN\.cargo\registry\src\index.crates.io-1949cf8c6b5b557f\soroban-env-common-22.1.3\src\val.rs:249:1
    |
249 | pub struct Val(u64);
    | ^^^^^^^^^^^^^^ `soroban_sdk::Val` is defined in another crate
    = note: this error originates in the macro `assert_eq` (in Nightly builds, run with -Z macro-backtrace for more 
info)

error[E0369]: binary operation `==` cannot be applied to type `soroban_sdk::Val`
   --> contracts\attestation\src\events_test.rs:523:5
    |
523 |     assert_eq!(topics.get(0).unwrap(), TOPIC_KEY_ROTATION_EMERGENCY.into_val(&env));
    |     ^^^^^^^^^^^^^^^^^^^^^^^^^^^^^^^^^^^^^^^^^^^^^^^^^^^^^^^^^^^^^^^^^^^^^^^^^^^^^^^
    |     |
    |     soroban_sdk::Val
    |     _
    |
note: `soroban_sdk::Val` does not implement `PartialEq<_>`
   --> C:\Users\ADMIN\.cargo\registry\src\index.crates.io-1949cf8c6b5b557f\soroban-env-common-22.1.3\src\val.rs:249:1
    |
249 | pub struct Val(u64);
    | ^^^^^^^^^^^^^^ `soroban_sdk::Val` is defined in another crate
    = note: this error originates in the macro `assert_eq` (in Nightly builds, run with -Z macro-backtrace for more 
info)

error[E0369]: binary operation `==` cannot be applied to type `soroban_sdk::Val`
   --> contracts\attestation\src\events_test.rs:544:5
    |
544 |     assert_eq!(topics.get(0).unwrap(), TOPIC_BIZ_REGISTERED.into_val(&env));
    |     ^^^^^^^^^^^^^^^^^^^^^^^^^^^^^^^^^^^^^^^^^^^^^^^^^^^^^^^^^^^^^^^^^^^^^^^
    |     |
    |     soroban_sdk::Val
    |     _
    |
note: `soroban_sdk::Val` does not implement `PartialEq<_>`
   --> C:\Users\ADMIN\.cargo\registry\src\index.crates.io-1949cf8c6b5b557f\soroban-env-common-22.1.3\src\val.rs:249:1
    |
249 | pub struct Val(u64);
    | ^^^^^^^^^^^^^^ `soroban_sdk::Val` is defined in another crate
    = note: this error originates in the macro `assert_eq` (in Nightly builds, run with -Z macro-backtrace for more 
info)

error[E0369]: binary operation `==` cannot be applied to type `soroban_sdk::Val`
   --> contracts\attestation\src\events_test.rs:545:5
    |
545 |     assert_eq!(topics.get(1).unwrap(), business.into_val(&env));
    |     ^^^^^^^^^^^^^^^^^^^^^^^^^^^^^^^^^^^^^^^^^^^^^^^^^^^^^^^^^^^
    |     |
    |     soroban_sdk::Val
    |     _
    |
note: `soroban_sdk::Val` does not implement `PartialEq<_>`
   --> C:\Users\ADMIN\.cargo\registry\src\index.crates.io-1949cf8c6b5b557f\soroban-env-common-22.1.3\src\val.rs:249:1
    |
249 | pub struct Val(u64);
    | ^^^^^^^^^^^^^^ `soroban_sdk::Val` is defined in another crate
    = note: this error originates in the macro `assert_eq` (in Nightly builds, run with -Z macro-backtrace for more 
info)

error[E0369]: binary operation `==` cannot be applied to type `soroban_sdk::Val`
   --> contracts\attestation\src\events_test.rs:562:5
    |
562 |     assert_eq!(topics.get(0).unwrap(), TOPIC_BIZ_APPROVED.into_val(&env));
    |     ^^^^^^^^^^^^^^^^^^^^^^^^^^^^^^^^^^^^^^^^^^^^^^^^^^^^^^^^^^^^^^^^^^^^^
    |     |
    |     soroban_sdk::Val
    |     _
    |
note: `soroban_sdk::Val` does not implement `PartialEq<_>`
   --> C:\Users\ADMIN\.cargo\registry\src\index.crates.io-1949cf8c6b5b557f\soroban-env-common-22.1.3\src\val.rs:249:1
    |
249 | pub struct Val(u64);
    | ^^^^^^^^^^^^^^ `soroban_sdk::Val` is defined in another crate
    = note: this error originates in the macro `assert_eq` (in Nightly builds, run with -Z macro-backtrace for more 
info)

error[E0369]: binary operation `==` cannot be applied to type `soroban_sdk::Val`
   --> contracts\attestation\src\events_test.rs:563:5
    |
563 |     assert_eq!(topics.get(1).unwrap(), business.into_val(&env));
    |     ^^^^^^^^^^^^^^^^^^^^^^^^^^^^^^^^^^^^^^^^^^^^^^^^^^^^^^^^^^^
    |     |
    |     soroban_sdk::Val
    |     _
    |
note: `soroban_sdk::Val` does not implement `PartialEq<_>`
   --> C:\Users\ADMIN\.cargo\registry\src\index.crates.io-1949cf8c6b5b557f\soroban-env-common-22.1.3\src\val.rs:249:1
    |
249 | pub struct Val(u64);
    | ^^^^^^^^^^^^^^ `soroban_sdk::Val` is defined in another crate
    = note: this error originates in the macro `assert_eq` (in Nightly builds, run with -Z macro-backtrace for more 
info)

error[E0369]: binary operation `==` cannot be applied to type `soroban_sdk::Val`
   --> contracts\attestation\src\events_test.rs:582:5
    |
582 |     assert_eq!(topics.get(0).unwrap(), TOPIC_BIZ_SUSPENDED.into_val(&env));
    |     ^^^^^^^^^^^^^^^^^^^^^^^^^^^^^^^^^^^^^^^^^^^^^^^^^^^^^^^^^^^^^^^^^^^^^^
    |     |
    |     soroban_sdk::Val
    |     _
    |
note: `soroban_sdk::Val` does not implement `PartialEq<_>`
   --> C:\Users\ADMIN\.cargo\registry\src\index.crates.io-1949cf8c6b5b557f\soroban-env-common-22.1.3\src\val.rs:249:1
    |
249 | pub struct Val(u64);
    | ^^^^^^^^^^^^^^ `soroban_sdk::Val` is defined in another crate
    = note: this error originates in the macro `assert_eq` (in Nightly builds, run with -Z macro-backtrace for more 
info)

error[E0369]: binary operation `==` cannot be applied to type `soroban_sdk::Val`
   --> contracts\attestation\src\events_test.rs:583:5
    |
583 |     assert_eq!(topics.get(1).unwrap(), business.into_val(&env));
    |     ^^^^^^^^^^^^^^^^^^^^^^^^^^^^^^^^^^^^^^^^^^^^^^^^^^^^^^^^^^^
    |     |
    |     soroban_sdk::Val
    |     _
    |
note: `soroban_sdk::Val` does not implement `PartialEq<_>`
   --> C:\Users\ADMIN\.cargo\registry\src\index.crates.io-1949cf8c6b5b557f\soroban-env-common-22.1.3\src\val.rs:249:1
    |
249 | pub struct Val(u64);
    | ^^^^^^^^^^^^^^ `soroban_sdk::Val` is defined in another crate
    = note: this error originates in the macro `assert_eq` (in Nightly builds, run with -Z macro-backtrace for more 
info)

error[E0369]: binary operation `==` cannot be applied to type `soroban_sdk::Val`
   --> contracts\attestation\src\events_test.rs:602:5
    |
602 |     assert_eq!(topics.get(0).unwrap(), TOPIC_BIZ_REACTIVATE.into_val(&env));
    |     ^^^^^^^^^^^^^^^^^^^^^^^^^^^^^^^^^^^^^^^^^^^^^^^^^^^^^^^^^^^^^^^^^^^^^^^
    |     |
    |     soroban_sdk::Val
    |     _
    |
note: `soroban_sdk::Val` does not implement `PartialEq<_>`
   --> C:\Users\ADMIN\.cargo\registry\src\index.crates.io-1949cf8c6b5b557f\soroban-env-common-22.1.3\src\val.rs:249:1
    |
249 | pub struct Val(u64);
    | ^^^^^^^^^^^^^^ `soroban_sdk::Val` is defined in another crate
    = note: this error originates in the macro `assert_eq` (in Nightly builds, run with -Z macro-backtrace for more 
info)

error[E0369]: binary operation `==` cannot be applied to type `soroban_sdk::Val`
   --> contracts\attestation\src\events_test.rs:603:5
    |
603 |     assert_eq!(topics.get(1).unwrap(), business.into_val(&env));
    |     ^^^^^^^^^^^^^^^^^^^^^^^^^^^^^^^^^^^^^^^^^^^^^^^^^^^^^^^^^^^
    |     |
    |     soroban_sdk::Val
    |     _
    |
note: `soroban_sdk::Val` does not implement `PartialEq<_>`
   --> C:\Users\ADMIN\.cargo\registry\src\index.crates.io-1949cf8c6b5b557f\soroban-env-common-22.1.3\src\val.rs:249:1
    |
249 | pub struct Val(u64);
    | ^^^^^^^^^^^^^^ `soroban_sdk::Val` is defined in another crate
    = note: this error originates in the macro `assert_eq` (in Nightly builds, run with -Z macro-backtrace for more 
info)

error[E0061]: this method takes 4 arguments but 3 arguments were supplied
   --> contracts\attestation\src\registry_test.rs:61:21
    |
 61 |         self.client.grant_role(&self.admin, &b, &ROLE_BUSINESS);
    |                     ^^^^^^^^^^--------------------------------- argument #4 of type `&u64` is missing
    |
note: method defined here
   --> contracts\attestation\src\lib.rs:167:12
    |
167 |     pub fn grant_role(env: Env, caller: Address, account: Address, role: u32, _nonce: u64) {
    |            ^^^^^^^^^^                                                         -----------
help: provide the argument
    |
 61 |         self.client.grant_role(&self.admin, &b, &ROLE_BUSINESS, /* &u64 */);
    |                                                               ++++++++++++

error[E0599]: no method named `register_business` found for struct `AttestationContractClient<'a>` in the current scope
  --> contracts\attestation\src\registry_test.rs:62:21
   |
62 |         self.client.register_business(
   |         ------------^^^^^^^^^^^^^^^^^ method not found in `AttestationContractClient<'static>`
   |
  ::: contracts\attestation\src\lib.rs:74:1
   |
74 | #[contract]
   | ----------- method `register_business` not found for this struct

error[E0599]: no method named `approve_business` found for struct `AttestationContractClient<'a>` in the current scope
  --> contracts\attestation\src\registry_test.rs:74:21
   |
74 |         self.client.approve_business(&self.admin, &b);
   |                     ^^^^^^^^^^^^^^^^ method not found in `AttestationContractClient<'static>`
   |
  ::: contracts\attestation\src\lib.rs:74:1
   |
74 | #[contract]
   | ----------- method `approve_business` not found for this struct

error[E0599]: no method named `suspend_business` found for struct `AttestationContractClient<'a>` in the current scope
  --> contracts\attestation\src\registry_test.rs:82:14
   |
81 | /         self.client
82 | |             .suspend_business(&self.admin, &b, &symbol_short!("audit"));
   | |             -^^^^^^^^^^^^^^^^ method not found in `AttestationContractClient<'static>`
   | |_____________|
   |
   |
  ::: contracts\attestation\src\lib.rs:74:1
   |
74 |   #[contract]
   |   ----------- method `suspend_business` not found for this struct

error[E0061]: this method takes 4 arguments but 3 arguments were supplied
   --> contracts\attestation\src\registry_test.rs:93:16
    |
 93 |     ctx.client.grant_role(&ctx.admin, &business, &ROLE_BUSINESS);
    |                ^^^^^^^^^^--------------------------------------- argument #4 of type `&u64` is missing
    |
note: method defined here
   --> contracts\attestation\src\lib.rs:167:12
    |
167 |     pub fn grant_role(env: Env, caller: Address, account: Address, role: u32, _nonce: u64) {
    |            ^^^^^^^^^^                                                         -----------
help: provide the argument
    |
 93 |     ctx.client.grant_role(&ctx.admin, &business, &ROLE_BUSINESS, /* &u64 */);
    |                                                                ++++++++++++

error[E0599]: no method named `register_business` found for struct `AttestationContractClient<'a>` in the current scope
   --> contracts\attestation\src\registry_test.rs:101:10
    |
100 | /     ctx.client
101 | |         .register_business(&business, &name_hash, &jurisdiction, &tags);
    | |         -^^^^^^^^^^^^^^^^^ method not found in `AttestationContractClient<'static>`
    | |_________|
    |
    |
   ::: contracts\attestation\src\lib.rs:74:1
    |
 74 |   #[contract]
    |   ----------- method `register_business` not found for this struct

error[E0599]: no method named `get_business` found for struct `AttestationContractClient<'a>` in the current scope
   --> contracts\attestation\src\registry_test.rs:103:29
    |
103 |     let record = ctx.client.get_business(&business).unwrap();
    |                             ^^^^^^^^^^^^
    |
   ::: contracts\attestation\src\lib.rs:74:1
    |
 74 | #[contract]
    | ----------- method `get_business` not found for this struct
    |
help: there is a method `get_business_tier` with a similar name
    |
103 |     let record = ctx.client.get_business_tier(&business).unwrap();
    |                                         +++++

error[E0599]: no method named `get_business` found for struct `AttestationContractClient<'a>` in the current scope
   --> contracts\attestation\src\registry_test.rs:116:29
    |
116 |     let record = ctx.client.get_business(&business).unwrap();
    |                             ^^^^^^^^^^^^
    |
   ::: contracts\attestation\src\lib.rs:74:1
    |
 74 | #[contract]
    | ----------- method `get_business` not found for this struct
    |
help: there is a method `get_business_tier` with a similar name
    |
116 |     let record = ctx.client.get_business_tier(&business).unwrap();
    |                                         +++++

error[E0061]: this method takes 4 arguments but 3 arguments were supplied
   --> contracts\attestation\src\registry_test.rs:127:16
    |
127 |     ctx.client.grant_role(&ctx.admin, &business, &ROLE_BUSINESS);
    |                ^^^^^^^^^^--------------------------------------- argument #4 of type `&u64` is missing
    |
note: method defined here
   --> contracts\attestation\src\lib.rs:167:12
    |
167 |     pub fn grant_role(env: Env, caller: Address, account: Address, role: u32, _nonce: u64) {
    |            ^^^^^^^^^^                                                         -----------
help: provide the argument
    |
127 |     ctx.client.grant_role(&ctx.admin, &business, &ROLE_BUSINESS, /* &u64 */);
    |                                                                ++++++++++++

error[E0599]: no method named `register_business` found for struct `AttestationContractClient<'a>` in the current scope
   --> contracts\attestation\src\registry_test.rs:134:10
    |
133 | /     ctx.client
134 | |         .register_business(&business, &name_hash, &jurisdiction, &tags);
    | |         -^^^^^^^^^^^^^^^^^ method not found in `AttestationContractClient<'static>`
    | |_________|
    |
    |
   ::: contracts\attestation\src\lib.rs:74:1
    |
 74 |   #[contract]
    |   ----------- method `register_business` not found for this struct

error[E0599]: no method named `register_business` found for struct `AttestationContractClient<'a>` in the current scope
   --> contracts\attestation\src\registry_test.rs:136:10
    |
135 | /     ctx.client
136 | |         .register_business(&business, &name_hash, &jurisdiction, &tags);
    | |         -^^^^^^^^^^^^^^^^^ method not found in `AttestationContractClient<'static>`
    | |_________|
    |
    |
   ::: contracts\attestation\src\lib.rs:74:1
    |
 74 |   #[contract]
    |   ----------- method `register_business` not found for this struct

error[E0599]: no method named `register_business` found for struct `AttestationContractClient<'a>` in the current scope
   --> contracts\attestation\src\registry_test.rs:145:16
    |
145 |     ctx.client.register_business(
    |     -----------^^^^^^^^^^^^^^^^^ method not found in `AttestationContractClient<'static>`
    |
   ::: contracts\attestation\src\lib.rs:74:1
    |
 74 | #[contract]
    | ----------- method `register_business` not found for this struct

error[E0599]: no method named `get_business` found for struct `AttestationContractClient<'a>` in the current scope
   --> contracts\attestation\src\registry_test.rs:157:24
    |
157 |     assert!(ctx.client.get_business(&stranger).is_none());
    |                        ^^^^^^^^^^^^
    |
   ::: contracts\attestation\src\lib.rs:74:1
    |
 74 | #[contract]
    | ----------- method `get_business` not found for this struct
    |
help: there is a method `get_business_tier` with a similar name
    |
157 |     assert!(ctx.client.get_business_tier(&stranger).is_none());
    |                                    +++++

error[E0599]: no method named `get_business_status` found for struct `AttestationContractClient<'a>` in the current 
scope
   --> contracts\attestation\src\registry_test.rs:158:24
    |
158 |     assert!(ctx.client.get_business_status(&stranger).is_none());
    |                        ^^^^^^^^^^^^^^^^^^^
    |
   ::: contracts\attestation\src\lib.rs:74:1
    |
 74 | #[contract]
    | ----------- method `get_business_status` not found for this struct
    |
help: there is a method `get_business_tier` with a similar name
    |
158 -     assert!(ctx.client.get_business_status(&stranger).is_none());
158 +     assert!(ctx.client.get_business_tier(&stranger).is_none());
    |

error[E0599]: no method named `approve_business` found for struct `AttestationContractClient<'a>` in the current scope
   --> contracts\attestation\src\registry_test.rs:169:16
    |
169 |     ctx.client.approve_business(&ctx.admin, &business);
    |                ^^^^^^^^^^^^^^^^ method not found in `AttestationContractClient<'static>`
    |
   ::: contracts\attestation\src\lib.rs:74:1
    |
 74 | #[contract]
    | ----------- method `approve_business` not found for this struct

error[E0599]: no method named `get_business` found for struct `AttestationContractClient<'a>` in the current scope
   --> contracts\attestation\src\registry_test.rs:171:29
    |
171 |     let record = ctx.client.get_business(&business).unwrap();
    |                             ^^^^^^^^^^^^
    |
   ::: contracts\attestation\src\lib.rs:74:1
    |
 74 | #[contract]
    | ----------- method `get_business` not found for this struct
    |
help: there is a method `get_business_tier` with a similar name
    |
171 |     let record = ctx.client.get_business_tier(&business).unwrap();
    |                                         +++++

error[E0599]: no method named `approve_business` found for struct `AttestationContractClient<'a>` in the current scope
   --> contracts\attestation\src\registry_test.rs:181:16
    |
181 |     ctx.client.approve_business(&ctx.admin, &business);
    |                ^^^^^^^^^^^^^^^^ method not found in `AttestationContractClient<'static>`
    |
   ::: contracts\attestation\src\lib.rs:74:1
    |
 74 | #[contract]
    | ----------- method `approve_business` not found for this struct

error[E0599]: no method named `approve_business` found for struct `AttestationContractClient<'a>` in the current scope
   --> contracts\attestation\src\registry_test.rs:189:16
    |
189 |     ctx.client.approve_business(&ctx.admin, &business);
    |                ^^^^^^^^^^^^^^^^ method not found in `AttestationContractClient<'static>`
    |
   ::: contracts\attestation\src\lib.rs:74:1
    |
 74 | #[contract]
    | ----------- method `approve_business` not found for this struct

error[E0599]: no method named `approve_business` found for struct `AttestationContractClient<'a>` in the current scope
   --> contracts\attestation\src\registry_test.rs:197:10
    |
196 | /     ctx.client
197 | |         .approve_business(&ctx.admin, &Address::generate(&ctx.env));
    | |         -^^^^^^^^^^^^^^^^ method not found in `AttestationContractClient<'static>`
    | |_________|
    |
    |
   ::: contracts\attestation\src\lib.rs:74:1
    |
 74 |   #[contract]
    |   ----------- method `approve_business` not found for this struct

error[E0599]: no method named `approve_business` found for struct `AttestationContractClient<'a>` in the current scope
   --> contracts\attestation\src\registry_test.rs:206:16
    |
206 |     ctx.client.approve_business(&non_admin, &business);
    |                ^^^^^^^^^^^^^^^^ method not found in `AttestationContractClient<'static>`
    |
   ::: contracts\attestation\src\lib.rs:74:1
    |
 74 | #[contract]
    | ----------- method `approve_business` not found for this struct

error[E0599]: no method named `suspend_business` found for struct `AttestationContractClient<'a>` in the current scope
   --> contracts\attestation\src\registry_test.rs:218:10
    |
217 | /     ctx.client
218 | |         .suspend_business(&ctx.admin, &business, &symbol_short!("fraud"));
    | |         -^^^^^^^^^^^^^^^^ method not found in `AttestationContractClient<'static>`
    | |_________|
    |
    |
   ::: contracts\attestation\src\lib.rs:74:1
    |
 74 |   #[contract]
    |   ----------- method `suspend_business` not found for this struct

error[E0599]: no method named `get_business` found for struct `AttestationContractClient<'a>` in the current scope
   --> contracts\attestation\src\registry_test.rs:220:29
    |
220 |     let record = ctx.client.get_business(&business).unwrap();
    |                             ^^^^^^^^^^^^
    |
   ::: contracts\attestation\src\lib.rs:74:1
    |
 74 | #[contract]
    | ----------- method `get_business` not found for this struct
    |
help: there is a method `get_business_tier` with a similar name
    |
220 |     let record = ctx.client.get_business_tier(&business).unwrap();
    |                                         +++++

error[E0599]: no method named `suspend_business` found for struct `AttestationContractClient<'a>` in the current scope
   --> contracts\attestation\src\registry_test.rs:231:10
    |
230 | /     ctx.client
231 | |         .suspend_business(&ctx.admin, &business, &symbol_short!("reason"));
    | |         -^^^^^^^^^^^^^^^^ method not found in `AttestationContractClient<'static>`
    | |_________|
    |
    |
   ::: contracts\attestation\src\lib.rs:74:1
    |
 74 |   #[contract]
    |   ----------- method `suspend_business` not found for this struct

error[E0599]: no method named `suspend_business` found for struct `AttestationContractClient<'a>` in the current scope
   --> contracts\attestation\src\registry_test.rs:240:10
    |
239 | /     ctx.client
240 | |         .suspend_business(&ctx.admin, &business, &symbol_short!("reason"));
    | |         -^^^^^^^^^^^^^^^^ method not found in `AttestationContractClient<'static>`
    | |_________|
    |
    |
   ::: contracts\attestation\src\lib.rs:74:1
    |
 74 |   #[contract]
    |   ----------- method `suspend_business` not found for this struct

error[E0599]: no method named `suspend_business` found for struct `AttestationContractClient<'a>` in the current scope
   --> contracts\attestation\src\registry_test.rs:247:16
    |
247 |     ctx.client.suspend_business(
    |     -----------^^^^^^^^^^^^^^^^ method not found in `AttestationContractClient<'static>`
    |
   ::: contracts\attestation\src\lib.rs:74:1
    |
 74 | #[contract]
    | ----------- method `suspend_business` not found for this struct

error[E0599]: no method named `suspend_business` found for struct `AttestationContractClient<'a>` in the current scope
   --> contracts\attestation\src\registry_test.rs:261:10
    |
260 | /     ctx.client
261 | |         .suspend_business(&non_admin, &business, &symbol_short!("x"));
    | |         -^^^^^^^^^^^^^^^^ method not found in `AttestationContractClient<'static>`
    | |_________|
    |
    |
   ::: contracts\attestation\src\lib.rs:74:1
    |
 74 |   #[contract]
    |   ----------- method `suspend_business` not found for this struct

error[E0599]: no method named `reactivate_business` found for struct `AttestationContractClient<'a>` in the current 
scope
   --> contracts\attestation\src\registry_test.rs:272:16
    |
272 |     ctx.client.reactivate_business(&ctx.admin, &business);
    |                ^^^^^^^^^^^^^^^^^^^ method not found in `AttestationContractClient<'static>`
    |
   ::: contracts\attestation\src\lib.rs:74:1
    |
 74 | #[contract]
    | ----------- method `reactivate_business` not found for this struct

error[E0599]: no method named `get_business` found for struct `AttestationContractClient<'a>` in the current scope
   --> contracts\attestation\src\registry_test.rs:274:29
    |
274 |     let record = ctx.client.get_business(&business).unwrap();
    |                             ^^^^^^^^^^^^
    |
   ::: contracts\attestation\src\lib.rs:74:1
    |
 74 | #[contract]
    | ----------- method `get_business` not found for this struct
    |
help: there is a method `get_business_tier` with a similar name
    |
274 |     let record = ctx.client.get_business_tier(&business).unwrap();
    |                                         +++++

error[E0599]: no method named `reactivate_business` found for struct `AttestationContractClient<'a>` in the current 
scope
   --> contracts\attestation\src\registry_test.rs:284:16
    |
284 |     ctx.client.reactivate_business(&ctx.admin, &business);
    |                ^^^^^^^^^^^^^^^^^^^ method not found in `AttestationContractClient<'static>`
    |
   ::: contracts\attestation\src\lib.rs:74:1
    |
 74 | #[contract]
    | ----------- method `reactivate_business` not found for this struct

error[E0599]: no method named `reactivate_business` found for struct `AttestationContractClient<'a>` in the current 
scope
   --> contracts\attestation\src\registry_test.rs:292:16
    |
292 |     ctx.client.reactivate_business(&ctx.admin, &business);
    |                ^^^^^^^^^^^^^^^^^^^ method not found in `AttestationContractClient<'static>`
    |
   ::: contracts\attestation\src\lib.rs:74:1
    |
 74 | #[contract]
    | ----------- method `reactivate_business` not found for this struct

error[E0599]: no method named `reactivate_business` found for struct `AttestationContractClient<'a>` in the current 
scope
   --> contracts\attestation\src\registry_test.rs:300:10
    |
299 | /     ctx.client
300 | |         .reactivate_business(&ctx.admin, &Address::generate(&ctx.env));
    | |         -^^^^^^^^^^^^^^^^^^^ method not found in `AttestationContractClient<'static>`
    | |_________|
    |
    |
   ::: contracts\attestation\src\lib.rs:74:1
    |
 74 |   #[contract]
    |   ----------- method `reactivate_business` not found for this struct

error[E0599]: no method named `reactivate_business` found for struct `AttestationContractClient<'a>` in the current 
scope
   --> contracts\attestation\src\registry_test.rs:309:16
    |
309 |     ctx.client.reactivate_business(&non_admin, &business);
    |                ^^^^^^^^^^^^^^^^^^^ method not found in `AttestationContractClient<'static>`
    |
   ::: contracts\attestation\src\lib.rs:74:1
    |
 74 | #[contract]
    | ----------- method `reactivate_business` not found for this struct

error[E0599]: no method named `get_business_status` found for struct `AttestationContractClient<'a>` in the current 
scope
   --> contracts\attestation\src\registry_test.rs:320:20
    |
320 |         ctx.client.get_business_status(&business),
    |                    ^^^^^^^^^^^^^^^^^^^
    |
   ::: contracts\attestation\src\lib.rs:74:1
    |
 74 | #[contract]
    | ----------- method `get_business_status` not found for this struct
    |
help: there is a method `get_business_tier` with a similar name
    |
320 -         ctx.client.get_business_status(&business),
320 +         ctx.client.get_business_tier(&business),
    |

error[E0599]: no method named `is_business_active` found for struct `AttestationContractClient<'a>` in the current 
scope
   --> contracts\attestation\src\registry_test.rs:323:25
    |
323 |     assert!(!ctx.client.is_business_active(&business));
    |                         ^^^^^^^^^^^^^^^^^^ method not found in `AttestationContractClient<'static>`
    |
   ::: contracts\attestation\src\lib.rs:74:1
    |
 74 | #[contract]
    | ----------- method `is_business_active` not found for this struct

error[E0599]: no method named `approve_business` found for struct `AttestationContractClient<'a>` in the current scope
   --> contracts\attestation\src\registry_test.rs:325:16
    |
325 |     ctx.client.approve_business(&ctx.admin, &business);
    |                ^^^^^^^^^^^^^^^^ method not found in `AttestationContractClient<'static>`
    |
   ::: contracts\attestation\src\lib.rs:74:1
    |
 74 | #[contract]
    | ----------- method `approve_business` not found for this struct

error[E0599]: no method named `get_business_status` found for struct `AttestationContractClient<'a>` in the current 
scope
   --> contracts\attestation\src\registry_test.rs:327:20
    |
327 |         ctx.client.get_business_status(&business),
    |                    ^^^^^^^^^^^^^^^^^^^
    |
   ::: contracts\attestation\src\lib.rs:74:1
    |
 74 | #[contract]
    | ----------- method `get_business_status` not found for this struct
    |
help: there is a method `get_business_tier` with a similar name
    |
327 -         ctx.client.get_business_status(&business),
327 +         ctx.client.get_business_tier(&business),
    |

error[E0599]: no method named `is_business_active` found for struct `AttestationContractClient<'a>` in the current 
scope
   --> contracts\attestation\src\registry_test.rs:330:24
    |
330 |     assert!(ctx.client.is_business_active(&business));
    |                        ^^^^^^^^^^^^^^^^^^ method not found in `AttestationContractClient<'static>`
    |
   ::: contracts\attestation\src\lib.rs:74:1
    |
 74 | #[contract]
    | ----------- method `is_business_active` not found for this struct

error[E0599]: no method named `suspend_business` found for struct `AttestationContractClient<'a>` in the current scope
   --> contracts\attestation\src\registry_test.rs:333:10
    |
332 | /     ctx.client
333 | |         .suspend_business(&ctx.admin, &business, &symbol_short!("audit"));
    | |         -^^^^^^^^^^^^^^^^ method not found in `AttestationContractClient<'static>`
    | |_________|
    |
    |
   ::: contracts\attestation\src\lib.rs:74:1
    |
 74 |   #[contract]
    |   ----------- method `suspend_business` not found for this struct

error[E0599]: no method named `get_business_status` found for struct `AttestationContractClient<'a>` in the current 
scope
   --> contracts\attestation\src\registry_test.rs:335:20
    |
335 |         ctx.client.get_business_status(&business),
    |                    ^^^^^^^^^^^^^^^^^^^
    |
   ::: contracts\attestation\src\lib.rs:74:1
    |
 74 | #[contract]
    | ----------- method `get_business_status` not found for this struct
    |
help: there is a method `get_business_tier` with a similar name
    |
335 -         ctx.client.get_business_status(&business),
335 +         ctx.client.get_business_tier(&business),
    |

error[E0599]: no method named `is_business_active` found for struct `AttestationContractClient<'a>` in the current 
scope
   --> contracts\attestation\src\registry_test.rs:338:25
    |
338 |     assert!(!ctx.client.is_business_active(&business));
    |                         ^^^^^^^^^^^^^^^^^^ method not found in `AttestationContractClient<'static>`
    |
   ::: contracts\attestation\src\lib.rs:74:1
    |
 74 | #[contract]
    | ----------- method `is_business_active` not found for this struct

error[E0599]: no method named `reactivate_business` found for struct `AttestationContractClient<'a>` in the current 
scope
   --> contracts\attestation\src\registry_test.rs:340:16
    |
340 |     ctx.client.reactivate_business(&ctx.admin, &business);
    |                ^^^^^^^^^^^^^^^^^^^ method not found in `AttestationContractClient<'static>`
    |
   ::: contracts\attestation\src\lib.rs:74:1
    |
 74 | #[contract]
    | ----------- method `reactivate_business` not found for this struct

error[E0599]: no method named `is_business_active` found for struct `AttestationContractClient<'a>` in the current 
scope
   --> contracts\attestation\src\registry_test.rs:341:24
    |
341 |     assert!(ctx.client.is_business_active(&business));
    |                        ^^^^^^^^^^^^^^^^^^ method not found in `AttestationContractClient<'static>`
    |
   ::: contracts\attestation\src\lib.rs:74:1
    |
 74 | #[contract]
    | ----------- method `is_business_active` not found for this struct

error[E0599]: no method named `suspend_business` found for struct `AttestationContractClient<'a>` in the current scope
   --> contracts\attestation\src\registry_test.rs:345:10
    |
344 | /     ctx.client
345 | |         .suspend_business(&ctx.admin, &business, &symbol_short!("review"));
    | |         -^^^^^^^^^^^^^^^^ method not found in `AttestationContractClient<'static>`
    | |_________|
    |
    |
   ::: contracts\attestation\src\lib.rs:74:1
    |
 74 |   #[contract]
    |   ----------- method `suspend_business` not found for this struct

error[E0599]: no method named `reactivate_business` found for struct `AttestationContractClient<'a>` in the current 
scope
   --> contracts\attestation\src\registry_test.rs:346:16
    |
346 |     ctx.client.reactivate_business(&ctx.admin, &business);
    |                ^^^^^^^^^^^^^^^^^^^ method not found in `AttestationContractClient<'static>`
    |
   ::: contracts\attestation\src\lib.rs:74:1
    |
 74 | #[contract]
    | ----------- method `reactivate_business` not found for this struct

error[E0599]: no method named `is_business_active` found for struct `AttestationContractClient<'a>` in the current 
scope
   --> contracts\attestation\src\registry_test.rs:347:24
    |
347 |     assert!(ctx.client.is_business_active(&business));
    |                        ^^^^^^^^^^^^^^^^^^ method not found in `AttestationContractClient<'static>`
    |
   ::: contracts\attestation\src\lib.rs:74:1
    |
 74 | #[contract]
    | ----------- method `is_business_active` not found for this struct

error[E0599]: no method named `is_business_active` found for struct `AttestationContractClient<'a>` in the current 
scope
   --> contracts\attestation\src\registry_test.rs:355:25
    |
355 |     assert!(!ctx.client.is_business_active(&Address::generate(&ctx.env)));
    |                         ^^^^^^^^^^^^^^^^^^ method not found in `AttestationContractClient<'static>`
    |
   ::: contracts\attestation\src\lib.rs:74:1
    |
 74 | #[contract]
    | ----------- method `is_business_active` not found for this struct

error[E0599]: no method named `is_business_active` found for struct `AttestationContractClient<'a>` in the current 
scope
   --> contracts\attestation\src\registry_test.rs:361:25
    |
361 |     assert!(!ctx.client.is_business_active(&ctx.pending()));
    |                         ^^^^^^^^^^^^^^^^^^ method not found in `AttestationContractClient<'static>`
    |
   ::: contracts\attestation\src\lib.rs:74:1
    |
 74 | #[contract]
    | ----------- method `is_business_active` not found for this struct

error[E0599]: no method named `is_business_active` found for struct `AttestationContractClient<'a>` in the current 
scope
   --> contracts\attestation\src\registry_test.rs:367:24
    |
367 |     assert!(ctx.client.is_business_active(&ctx.active()));
    |                        ^^^^^^^^^^^^^^^^^^ method not found in `AttestationContractClient<'static>`
    |
   ::: contracts\attestation\src\lib.rs:74:1
    |
 74 | #[contract]
    | ----------- method `is_business_active` not found for this struct

error[E0599]: no method named `is_business_active` found for struct `AttestationContractClient<'a>` in the current 
scope
   --> contracts\attestation\src\registry_test.rs:373:25
    |
373 |     assert!(!ctx.client.is_business_active(&ctx.suspended()));
    |                         ^^^^^^^^^^^^^^^^^^ method not found in `AttestationContractClient<'static>`
    |
   ::: contracts\attestation\src\lib.rs:74:1
    |
 74 | #[contract]
    | ----------- method `is_business_active` not found for this struct

error[E0599]: no method named `update_business_tags` found for struct `AttestationContractClient<'a>` in the current 
scope
   --> contracts\attestation\src\registry_test.rs:387:10
    |
386 | /     ctx.client
387 | |         .update_business_tags(&ctx.admin, &business, &new_tags);
    | |         -^^^^^^^^^^^^^^^^^^^^ method not found in `AttestationContractClient<'static>`
    | |_________|
    |
    |
   ::: contracts\attestation\src\lib.rs:74:1
    |
 74 |   #[contract]
    |   ----------- method `update_business_tags` not found for this struct

error[E0599]: no method named `get_business` found for struct `AttestationContractClient<'a>` in the current scope
   --> contracts\attestation\src\registry_test.rs:389:27
    |
389 |     assert_eq!(ctx.client.get_business(&business).unwrap().tags.len(), 2);
    |                           ^^^^^^^^^^^^
    |
   ::: contracts\attestation\src\lib.rs:74:1
    |
 74 | #[contract]
    | ----------- method `get_business` not found for this struct
    |
help: there is a method `get_business_tier` with a similar name
    |
389 |     assert_eq!(ctx.client.get_business_tier(&business).unwrap().tags.len(), 2);
    |                                       +++++

error[E0599]: no method named `update_business_tags` found for struct `AttestationContractClient<'a>` in the current 
scope
   --> contracts\attestation\src\registry_test.rs:402:16
    |
402 |     ctx.client.update_business_tags(&ctx.admin, &pending, &tags);
    |                ^^^^^^^^^^^^^^^^^^^^ method not found in `AttestationContractClient<'static>`
    |
   ::: contracts\attestation\src\lib.rs:74:1
    |
 74 | #[contract]
    | ----------- method `update_business_tags` not found for this struct

error[E0599]: no method named `update_business_tags` found for struct `AttestationContractClient<'a>` in the current 
scope
   --> contracts\attestation\src\registry_test.rs:403:16
    |
403 |     ctx.client.update_business_tags(&ctx.admin, &active, &tags);
    |                ^^^^^^^^^^^^^^^^^^^^ method not found in `AttestationContractClient<'static>`
    |
   ::: contracts\attestation\src\lib.rs:74:1
    |
 74 | #[contract]
    | ----------- method `update_business_tags` not found for this struct

error[E0599]: no method named `update_business_tags` found for struct `AttestationContractClient<'a>` in the current 
scope
   --> contracts\attestation\src\registry_test.rs:405:10
    |
404 | /     ctx.client
405 | |         .update_business_tags(&ctx.admin, &suspended, &tags);
    | |         -^^^^^^^^^^^^^^^^^^^^ method not found in `AttestationContractClient<'static>`
    | |_________|
    |
    |
   ::: contracts\attestation\src\lib.rs:74:1
    |
 74 |   #[contract]
    |   ----------- method `update_business_tags` not found for this struct

error[E0599]: no method named `update_business_tags` found for struct `AttestationContractClient<'a>` in the current 
scope
   --> contracts\attestation\src\registry_test.rs:415:10
    |
414 | /     ctx.client
415 | |         .update_business_tags(&non_admin, &business, &Vec::new(&ctx.env));
    | |         -^^^^^^^^^^^^^^^^^^^^ method not found in `AttestationContractClient<'static>`
    | |_________|
    |
    |
   ::: contracts\attestation\src\lib.rs:74:1
    |
 74 |   #[contract]
    |   ----------- method `update_business_tags` not found for this struct

error[E0061]: this method takes 4 arguments but 3 arguments were supplied
   --> contracts\attestation\src\registry_test.rs:424:16
    |
424 |     ctx.client.grant_role(&ctx.admin, &business, &ROLE_BUSINESS);
    |                ^^^^^^^^^^--------------------------------------- argument #4 of type `&u64` is missing
    |
note: method defined here
   --> contracts\attestation\src\lib.rs:167:12
    |
167 |     pub fn grant_role(env: Env, caller: Address, account: Address, role: u32, _nonce: u64) {
    |            ^^^^^^^^^^                                                         -----------
help: provide the argument
    |
424 |     ctx.client.grant_role(&ctx.admin, &business, &ROLE_BUSINESS, /* &u64 */);
    |                                                                ++++++++++++

error[E0599]: no method named `register_business` found for struct `AttestationContractClient<'a>` in the current scope
   --> contracts\attestation\src\registry_test.rs:432:10
    |
431 | /     ctx.client
432 | |         .register_business(&business, &name_hash, &jurisdiction, &tags);
    | |         -^^^^^^^^^^^^^^^^^ method not found in `AttestationContractClient<'static>`
    | |_________|
    |
    |
   ::: contracts\attestation\src\lib.rs:74:1
    |
 74 |   #[contract]
    |   ----------- method `register_business` not found for this struct

error[E0599]: no method named `approve_business` found for struct `AttestationContractClient<'a>` in the current scope
   --> contracts\attestation\src\registry_test.rs:433:16
    |
433 |     ctx.client.approve_business(&ctx.admin, &business);
    |                ^^^^^^^^^^^^^^^^ method not found in `AttestationContractClient<'static>`
    |
   ::: contracts\attestation\src\lib.rs:74:1
    |
 74 | #[contract]
    | ----------- method `approve_business` not found for this struct

error[E0599]: no method named `suspend_business` found for struct `AttestationContractClient<'a>` in the current scope
   --> contracts\attestation\src\registry_test.rs:435:10
    |
434 | /     ctx.client
435 | |         .suspend_business(&ctx.admin, &business, &symbol_short!("review"));
    | |         -^^^^^^^^^^^^^^^^ method not found in `AttestationContractClient<'static>`
    | |_________|
    |
    |
   ::: contracts\attestation\src\lib.rs:74:1
    |
 74 |   #[contract]
    |   ----------- method `suspend_business` not found for this struct

error[E0599]: no method named `reactivate_business` found for struct `AttestationContractClient<'a>` in the current 
scope
   --> contracts\attestation\src\registry_test.rs:436:16
    |
436 |     ctx.client.reactivate_business(&ctx.admin, &business);
    |                ^^^^^^^^^^^^^^^^^^^ method not found in `AttestationContractClient<'static>`
    |
   ::: contracts\attestation\src\lib.rs:74:1
    |
 74 | #[contract]
    | ----------- method `reactivate_business` not found for this struct

error[E0599]: no method named `get_business` found for struct `AttestationContractClient<'a>` in the current scope
   --> contracts\attestation\src\registry_test.rs:438:29
    |
438 |     let record = ctx.client.get_business(&business).unwrap();
    |                             ^^^^^^^^^^^^
    |
   ::: contracts\attestation\src\lib.rs:74:1
    |
 74 | #[contract]
    | ----------- method `get_business` not found for this struct
    |
help: there is a method `get_business_tier` with a similar name
    |
438 |     let record = ctx.client.get_business_tier(&business).unwrap();
    |                                         +++++

error[E0599]: no method named `suspend_business` found for struct `AttestationContractClient<'a>` in the current scope
   --> contracts\attestation\src\registry_test.rs:456:10
    |
455 | /     ctx.client
456 | |         .suspend_business(&ctx.admin, &b2, &symbol_short!("test"));
    | |         -^^^^^^^^^^^^^^^^ method not found in `AttestationContractClient<'static>`
    | |_________|
    |
    |
   ::: contracts\attestation\src\lib.rs:74:1
    |
 74 |   #[contract]
    |   ----------- method `suspend_business` not found for this struct

error[E0599]: no method named `get_business_status` found for struct `AttestationContractClient<'a>` in the current 
scope
   --> contracts\attestation\src\registry_test.rs:459:20
    |
459 |         ctx.client.get_business_status(&b1),
    |                    ^^^^^^^^^^^^^^^^^^^
    |
   ::: contracts\attestation\src\lib.rs:74:1
    |
 74 | #[contract]
    | ----------- method `get_business_status` not found for this struct
    |
help: there is a method `get_business_tier` with a similar name
    |
459 -         ctx.client.get_business_status(&b1),
459 +         ctx.client.get_business_tier(&b1),
    |

error[E0599]: no method named `get_business_status` found for struct `AttestationContractClient<'a>` in the current 
scope
   --> contracts\attestation\src\registry_test.rs:463:20
    |
463 |         ctx.client.get_business_status(&b2),
    |                    ^^^^^^^^^^^^^^^^^^^
    |
   ::: contracts\attestation\src\lib.rs:74:1
    |
 74 | #[contract]
    | ----------- method `get_business_status` not found for this struct
    |
help: there is a method `get_business_tier` with a similar name
    |
463 -         ctx.client.get_business_status(&b2),
463 +         ctx.client.get_business_tier(&b2),
    |

error[E0599]: no method named `get_business_status` found for struct `AttestationContractClient<'a>` in the current 
scope
   --> contracts\attestation\src\registry_test.rs:467:20
    |
467 |         ctx.client.get_business_status(&b3),
    |                    ^^^^^^^^^^^^^^^^^^^
    |
   ::: contracts\attestation\src\lib.rs:74:1
    |
 74 | #[contract]
    | ----------- method `get_business_status` not found for this struct
    |
help: there is a method `get_business_tier` with a similar name
    |
467 -         ctx.client.get_business_status(&b3),
467 +         ctx.client.get_business_tier(&b3),
    |

error[E0599]: no method named `is_business_active` found for struct `AttestationContractClient<'a>` in the current 
scope
   --> contracts\attestation\src\registry_test.rs:471:24
    |
471 |     assert!(ctx.client.is_business_active(&b1));
    |                        ^^^^^^^^^^^^^^^^^^ method not found in `AttestationContractClient<'static>`
    |
   ::: contracts\attestation\src\lib.rs:74:1
    |
 74 | #[contract]
    | ----------- method `is_business_active` not found for this struct

error[E0599]: no method named `is_business_active` found for struct `AttestationContractClient<'a>` in the current 
scope
   --> contracts\attestation\src\registry_test.rs:472:25
    |
472 |     assert!(!ctx.client.is_business_active(&b2));
    |                         ^^^^^^^^^^^^^^^^^^ method not found in `AttestationContractClient<'static>`
    |
   ::: contracts\attestation\src\lib.rs:74:1
    |
 74 | #[contract]
    | ----------- method `is_business_active` not found for this struct

error[E0599]: no method named `is_business_active` found for struct `AttestationContractClient<'a>` in the current 
scope
   --> contracts\attestation\src\registry_test.rs:473:25
    |
473 |     assert!(!ctx.client.is_business_active(&b3));
    |                         ^^^^^^^^^^^^^^^^^^ method not found in `AttestationContractClient<'static>`
    |
   ::: contracts\attestation\src\lib.rs:74:1
    |
 74 | #[contract]
    | ----------- method `is_business_active` not found for this struct

error[E0599]: no method named `is_business_active` found for struct `AttestationContractClient<'a>` in the current 
scope
   --> contracts\attestation\src\registry_test.rs:486:25
    |
486 |     assert!(!ctx.client.is_business_active(&Address::generate(&ctx.env)));
    |                         ^^^^^^^^^^^^^^^^^^ method not found in `AttestationContractClient<'static>`
    |
   ::: contracts\attestation\src\lib.rs:74:1
    |
 74 | #[contract]
    | ----------- method `is_business_active` not found for this struct

error[E0599]: no method named `is_business_active` found for struct `AttestationContractClient<'a>` in the current 
scope
   --> contracts\attestation\src\registry_test.rs:490:25
    |
490 |     assert!(!ctx.client.is_business_active(&business));
    |                         ^^^^^^^^^^^^^^^^^^ method not found in `AttestationContractClient<'static>`
    |
   ::: contracts\attestation\src\lib.rs:74:1
    |
 74 | #[contract]
    | ----------- method `is_business_active` not found for this struct

error[E0599]: no method named `approve_business` found for struct `AttestationContractClient<'a>` in the current scope
   --> contracts\attestation\src\registry_test.rs:493:16
    |
493 |     ctx.client.approve_business(&ctx.admin, &business);
    |                ^^^^^^^^^^^^^^^^ method not found in `AttestationContractClient<'static>`
    |
   ::: contracts\attestation\src\lib.rs:74:1
    |
 74 | #[contract]
    | ----------- method `approve_business` not found for this struct

error[E0599]: no method named `is_business_active` found for struct `AttestationContractClient<'a>` in the current 
scope
   --> contracts\attestation\src\registry_test.rs:494:24
    |
494 |     assert!(ctx.client.is_business_active(&business));
    |                        ^^^^^^^^^^^^^^^^^^ method not found in `AttestationContractClient<'static>`
    |
   ::: contracts\attestation\src\lib.rs:74:1
    |
 74 | #[contract]
    | ----------- method `is_business_active` not found for this struct

error[E0599]: no method named `suspend_business` found for struct `AttestationContractClient<'a>` in the current scope
   --> contracts\attestation\src\registry_test.rs:498:10
    |
497 | /     ctx.client
498 | |         .suspend_business(&ctx.admin, &business, &symbol_short!("check"));
    | |         -^^^^^^^^^^^^^^^^ method not found in `AttestationContractClient<'static>`
    | |_________|
    |
    |
   ::: contracts\attestation\src\lib.rs:74:1
    |
 74 |   #[contract]
    |   ----------- method `suspend_business` not found for this struct

error[E0599]: no method named `is_business_active` found for struct `AttestationContractClient<'a>` in the current 
scope
   --> contracts\attestation\src\registry_test.rs:499:25
    |
499 |     assert!(!ctx.client.is_business_active(&business));
    |                         ^^^^^^^^^^^^^^^^^^ method not found in `AttestationContractClient<'static>`
    |
   ::: contracts\attestation\src\lib.rs:74:1
    |
 74 | #[contract]
    | ----------- method `is_business_active` not found for this struct

error[E0599]: no method named `reactivate_business` found for struct `AttestationContractClient<'a>` in the current 
scope
   --> contracts\attestation\src\registry_test.rs:502:16
    |
502 |     ctx.client.reactivate_business(&ctx.admin, &business);
    |                ^^^^^^^^^^^^^^^^^^^ method not found in `AttestationContractClient<'static>`
    |
   ::: contracts\attestation\src\lib.rs:74:1
    |
 74 | #[contract]
    | ----------- method `reactivate_business` not found for this struct

error[E0599]: no method named `is_business_active` found for struct `AttestationContractClient<'a>` in the current 
scope
   --> contracts\attestation\src\registry_test.rs:503:24
    |
503 |     assert!(ctx.client.is_business_active(&business));
    |                        ^^^^^^^^^^^^^^^^^^ method not found in `AttestationContractClient<'static>`
    |
   ::: contracts\attestation\src\lib.rs:74:1
    |
 74 | #[contract]
    | ----------- method `is_business_active` not found for this struct

error[E0599]: no method named `is_business_active` found for struct `AttestationContractClient<'a>` in the current 
scope
   --> contracts\attestation\src\registry_test.rs:514:24
    |
514 |     assert!(ctx.client.is_business_active(&allowed));
    |                        ^^^^^^^^^^^^^^^^^^ method not found in `AttestationContractClient<'static>`
    |
   ::: contracts\attestation\src\lib.rs:74:1
    |
 74 | #[contract]
    | ----------- method `is_business_active` not found for this struct

error[E0599]: no method named `is_business_active` found for struct `AttestationContractClient<'a>` in the current 
scope
   --> contracts\attestation\src\registry_test.rs:515:25
    |
515 |     assert!(!ctx.client.is_business_active(&blocked));
    |                         ^^^^^^^^^^^^^^^^^^ method not found in `AttestationContractClient<'static>`
    |
   ::: contracts\attestation\src\lib.rs:74:1
    |
 74 | #[contract]
    | ----------- method `is_business_active` not found for this struct

error[E0599]: no method named `is_business_active` found for struct `AttestationContractClient<'a>` in the current 
scope
   --> contracts\attestation\src\registry_test.rs:516:25
    |
516 |     assert!(!ctx.client.is_business_active(&unknown));
    |                         ^^^^^^^^^^^^^^^^^^ method not found in `AttestationContractClient<'static>`
    |
   ::: contracts\attestation\src\lib.rs:74:1
    |
 74 | #[contract]
    | ----------- method `is_business_active` not found for this struct

error[E0599]: no method named `get_attestation_metadata` found for struct `AttestationContractClient<'a>` in the 
current scope
  --> contracts\attestation\src\extended_metadata_test.rs:38:10
   |
37 |       assert!(client
   |  _____________-
38 | |         .get_attestation_metadata(&business, &period)
   | |_________-^^^^^^^^^^^^^^^^^^^^^^^^
   |
  ::: contracts\attestation\src\lib.rs:74:1
   |
74 |   #[contract]
   |   ----------- method `get_attestation_metadata` not found for this struct
   |
help: there is a method `get_attestation` with a similar name
   |
38 -         .get_attestation_metadata(&business, &period)
38 +         .get_attestation(&business, &period)
   |

error[E0599]: no method named `submit_attestation_with_metadata` found for struct `AttestationContractClient<'a>` in 
the current scope
  --> contracts\attestation\src\extended_metadata_test.rs:50:12
   |
50 |     client.submit_attestation_with_metadata(
   |     -------^^^^^^^^^^^^^^^^^^^^^^^^^^^^^^^^
   |
  ::: contracts\attestation\src\lib.rs:74:1
   |
74 | #[contract]
   | ----------- method `submit_attestation_with_metadata` not found for this struct
   |
help: there is a method `submit_attestation` with a similar name
   |
50 -     client.submit_attestation_with_metadata(
50 +     client.submit_attestation(
   |

error[E0599]: no method named `get_attestation_metadata` found for struct `AttestationContractClient<'a>` in the 
current scope
  --> contracts\attestation\src\extended_metadata_test.rs:61:23
   |
61 |     let meta = client.get_attestation_metadata(&business, &period).unwrap();
   |                       ^^^^^^^^^^^^^^^^^^^^^^^^
   |
  ::: contracts\attestation\src\lib.rs:74:1
   |
74 | #[contract]
   | ----------- method `get_attestation_metadata` not found for this struct
   |
help: there is a method `get_attestation` with a similar name
   |
61 -     let meta = client.get_attestation_metadata(&business, &period).unwrap();
61 +     let meta = client.get_attestation(&business, &period).unwrap();
   |

error[E0599]: no method named `submit_attestation_with_metadata` found for struct `AttestationContractClient<'a>` in 
the current scope
  --> contracts\attestation\src\extended_metadata_test.rs:74:12
   |
74 |     client.submit_attestation_with_metadata(
   |     -------^^^^^^^^^^^^^^^^^^^^^^^^^^^^^^^^
   |
  ::: contracts\attestation\src\lib.rs:74:1
   |
74 | #[contract]
   | ----------- method `submit_attestation_with_metadata` not found for this struct
   |
help: there is a method `submit_attestation` with a similar name
   |
74 -     client.submit_attestation_with_metadata(
74 +     client.submit_attestation(
   |

error[E0599]: no method named `get_attestation_metadata` found for struct `AttestationContractClient<'a>` in the 
current scope
  --> contracts\attestation\src\extended_metadata_test.rs:85:23
   |
85 |     let meta = client.get_attestation_metadata(&business, &period).unwrap();
   |                       ^^^^^^^^^^^^^^^^^^^^^^^^
   |
  ::: contracts\attestation\src\lib.rs:74:1
   |
74 | #[contract]
   | ----------- method `get_attestation_metadata` not found for this struct
   |
help: there is a method `get_attestation` with a similar name
   |
85 -     let meta = client.get_attestation_metadata(&business, &period).unwrap();
85 +     let meta = client.get_attestation(&business, &period).unwrap();
   |

error[E0599]: no method named `submit_attestation_with_metadata` found for struct `AttestationContractClient<'a>` in 
the current scope
  --> contracts\attestation\src\extended_metadata_test.rs:98:12
   |
98 |     client.submit_attestation_with_metadata(
   |     -------^^^^^^^^^^^^^^^^^^^^^^^^^^^^^^^^
   |
  ::: contracts\attestation\src\lib.rs:74:1
   |
74 | #[contract]
   | ----------- method `submit_attestation_with_metadata` not found for this struct
   |
help: there is a method `submit_attestation` with a similar name
   |
98 -     client.submit_attestation_with_metadata(
98 +     client.submit_attestation(
   |

error[E0599]: no method named `get_attestation_metadata` found for struct `AttestationContractClient<'a>` in the 
current scope
   --> contracts\attestation\src\extended_metadata_test.rs:109:23
    |
109 |     let meta = client.get_attestation_metadata(&business, &period).unwrap();
    |                       ^^^^^^^^^^^^^^^^^^^^^^^^
    |
   ::: contracts\attestation\src\lib.rs:74:1
    |
 74 | #[contract]
    | ----------- method `get_attestation_metadata` not found for this struct
    |
help: there is a method `get_attestation` with a similar name
    |
109 -     let meta = client.get_attestation_metadata(&business, &period).unwrap();
109 +     let meta = client.get_attestation(&business, &period).unwrap();
    |

error[E0599]: no method named `submit_attestation_with_metadata` found for struct `AttestationContractClient<'a>` in 
the current scope
   --> contracts\attestation\src\extended_metadata_test.rs:122:12
    |
122 |     client.submit_attestation_with_metadata(
    |     -------^^^^^^^^^^^^^^^^^^^^^^^^^^^^^^^^
    |
   ::: contracts\attestation\src\lib.rs:74:1
    |
 74 | #[contract]
    | ----------- method `submit_attestation_with_metadata` not found for this struct
    |
help: there is a method `submit_attestation` with a similar name
    |
122 -     client.submit_attestation_with_metadata(
122 +     client.submit_attestation(
    |

error[E0599]: no method named `submit_attestation_with_metadata` found for struct `AttestationContractClient<'a>` in 
the current scope
   --> contracts\attestation\src\extended_metadata_test.rs:143:12
    |
143 |     client.submit_attestation_with_metadata(
    |     -------^^^^^^^^^^^^^^^^^^^^^^^^^^^^^^^^
    |
   ::: contracts\attestation\src\lib.rs:74:1
    |
 74 | #[contract]
    | ----------- method `submit_attestation_with_metadata` not found for this struct
    |
help: there is a method `submit_attestation` with a similar name
    |
143 -     client.submit_attestation_with_metadata(
143 +     client.submit_attestation(
    |

error[E0599]: no method named `submit_attestation_with_metadata` found for struct `AttestationContractClient<'a>` in 
the current scope
   --> contracts\attestation\src\extended_metadata_test.rs:163:12
    |
163 |     client.submit_attestation_with_metadata(
    |     -------^^^^^^^^^^^^^^^^^^^^^^^^^^^^^^^^
    |
   ::: contracts\attestation\src\lib.rs:74:1
    |
 74 | #[contract]
    | ----------- method `submit_attestation_with_metadata` not found for this struct
    |
help: there is a method `submit_attestation` with a similar name
    |
163 -     client.submit_attestation_with_metadata(
163 +     client.submit_attestation(
    |

error[E0599]: no method named `get_attestation_metadata` found for struct `AttestationContractClient<'a>` in the 
current scope
   --> contracts\attestation\src\extended_metadata_test.rs:173:23
    |
173 |     let meta = client.get_attestation_metadata(&business, &period).unwrap();
    |                       ^^^^^^^^^^^^^^^^^^^^^^^^
    |
   ::: contracts\attestation\src\lib.rs:74:1
    |
 74 | #[contract]
    | ----------- method `get_attestation_metadata` not found for this struct
    |
help: there is a method `get_attestation` with a similar name
    |
173 -     let meta = client.get_attestation_metadata(&business, &period).unwrap();
173 +     let meta = client.get_attestation(&business, &period).unwrap();
    |

error[E0599]: no method named `get_attestation_metadata` found for struct `AttestationContractClient<'a>` in the 
current scope
   --> contracts\attestation\src\extended_metadata_test.rs:197:10
    |
196 |       assert!(client
    |  _____________-
197 | |         .get_attestation_metadata(&business, &period)
    | |_________-^^^^^^^^^^^^^^^^^^^^^^^^
    |
   ::: contracts\attestation\src\lib.rs:74:1
    |
 74 |   #[contract]
    |   ----------- method `get_attestation_metadata` not found for this struct
    |
help: there is a method `get_attestation` with a similar name
    |
197 -         .get_attestation_metadata(&business, &period)
197 +         .get_attestation(&business, &period)
    |

error[E0599]: no method named `submit_attestation_with_metadata` found for struct `AttestationContractClient<'a>` in 
the current scope
   --> contracts\attestation\src\extended_metadata_test.rs:207:12
    |
207 |     client.submit_attestation_with_metadata(
    |     -------^^^^^^^^^^^^^^^^^^^^^^^^^^^^^^^^
    |
   ::: contracts\attestation\src\lib.rs:74:1
    |
 74 | #[contract]
    | ----------- method `submit_attestation_with_metadata` not found for this struct
    |
help: there is a method `submit_attestation` with a similar name
    |
207 -     client.submit_attestation_with_metadata(
207 +     client.submit_attestation(
    |

error[E0599]: no method named `submit_attestation_with_metadata` found for struct `AttestationContractClient<'a>` in 
the current scope
   --> contracts\attestation\src\extended_metadata_test.rs:217:12
    |
217 |     client.submit_attestation_with_metadata(
    |     -------^^^^^^^^^^^^^^^^^^^^^^^^^^^^^^^^
    |
   ::: contracts\attestation\src\lib.rs:74:1
    |
 74 | #[contract]
    | ----------- method `submit_attestation_with_metadata` not found for this struct
    |
help: there is a method `submit_attestation` with a similar name
    |
217 -     client.submit_attestation_with_metadata(
217 +     client.submit_attestation(
    |

error[E0599]: no method named `get_attestation_metadata` found for struct `AttestationContractClient<'a>` in the 
current scope
   --> contracts\attestation\src\extended_metadata_test.rs:229:10
    |
228 |       let m1 = client
    |  ______________-
229 | |         .get_attestation_metadata(&business, &String::from_str(&env, "2026-01"))
    | |_________-^^^^^^^^^^^^^^^^^^^^^^^^
    |
   ::: contracts\attestation\src\lib.rs:74:1
    |
 74 |   #[contract]
    |   ----------- method `get_attestation_metadata` not found for this struct
    |
help: there is a method `get_attestation` with a similar name
    |
229 -         .get_attestation_metadata(&business, &String::from_str(&env, "2026-01"))
229 +         .get_attestation(&business, &String::from_str(&env, "2026-01"))
    |

error[E0599]: no method named `get_attestation_metadata` found for struct `AttestationContractClient<'a>` in the 
current scope
   --> contracts\attestation\src\extended_metadata_test.rs:232:10
    |
231 |       let m2 = client
    |  ______________-
232 | |         .get_attestation_metadata(&business, &String::from_str(&env, "2026-02"))
    | |_________-^^^^^^^^^^^^^^^^^^^^^^^^
    |
   ::: contracts\attestation\src\lib.rs:74:1
    |
 74 |   #[contract]
    |   ----------- method `get_attestation_metadata` not found for this struct
    |
help: there is a method `get_attestation` with a similar name
    |
232 -         .get_attestation_metadata(&business, &String::from_str(&env, "2026-02"))
232 +         .get_attestation(&business, &String::from_str(&env, "2026-02"))
    |

error[E0599]: no method named `submit_attestation_with_metadata` found for struct `AttestationContractClient<'a>` in 
the current scope
   --> contracts\attestation\src\extended_metadata_test.rs:247:12
    |
247 |     client.submit_attestation_with_metadata(
    |     -------^^^^^^^^^^^^^^^^^^^^^^^^^^^^^^^^
    |
   ::: contracts\attestation\src\lib.rs:74:1
    |
 74 | #[contract]
    | ----------- method `submit_attestation_with_metadata` not found for this struct
    |
help: there is a method `submit_attestation` with a similar name
    |
247 -     client.submit_attestation_with_metadata(
247 +     client.submit_attestation(
    |

error[E0061]: this method takes 2 arguments but 1 argument was supplied
   --> contracts\attestation\src\pause_test.rs:28:12
    |
 28 |     client.pause(&admin);
    |            ^^^^^-------- argument #2 of type `&u64` is missing
    |
note: method defined here
   --> contracts\attestation\src\lib.rs:720:12
    |
720 |     pub fn pause(env: Env, caller: Address, _nonce: u64) {
    |            ^^^^^                            -----------
help: provide the argument
    |
 28 |     client.pause(&admin, /* &u64 */);
    |                        ++++++++++++

error[E0061]: this method takes 2 arguments but 1 argument was supplied
   --> contracts\attestation\src\pause_test.rs:31:12
    |
 31 |     client.unpause(&admin);
    |            ^^^^^^^-------- argument #2 of type `&u64` is missing
    |
note: method defined here
   --> contracts\attestation\src\lib.rs:726:12
    |
726 |     pub fn unpause(env: Env, caller: Address, _nonce: u64) {
    |            ^^^^^^^                            -----------
help: provide the argument
    |
 31 |     client.unpause(&admin, /* &u64 */);
    |                          ++++++++++++

error[E0061]: this method takes 8 arguments but 6 arguments were supplied
   --> contracts\attestation\src\pause_test.rs:34:12
    |
 34 |     client.submit_attestation(&business, &period, &root, &timestamp, &version, &None);
    |            ^^^^^^^^^^^^^^^^^^-------------------------------------------------------- two arguments of type 
`&core::option::Option<u64>` and `&u64` are missing
    |
note: method defined here
   --> contracts\attestation\src\lib.rs:183:12
    |
183 |     pub fn submit_attestation(
    |            ^^^^^^^^^^^^^^^^^^
...
191 |         expiry_timestamp: Option<u64>,
    |         -----------------------------
192 |         nonce: u64,
    |         ----------
help: provide the arguments
    |
 34 |     client.submit_attestation(&business, &period, &root, &timestamp, &version, &None, /* 
&core::option::Option<u64> */, /* &u64 */);
    |                                                                                     
++++++++++++++++++++++++++++++++++++++++++++++

error[E0308]: mismatched types
  --> contracts\attestation\src\pause_test.rs:36:9
   |
36 |     let (stored_root, stored_ts, stored_ver, stored_fee, _) =
   |         ^^^^^^^^^^^^^^^^^^^^^^^^^^^^^^^^^^^^^^^^^^^^^^^^^^^ expected a tuple with 6 elements, found one with 5 
elements
37 |         client.get_attestation(&business, &period).unwrap();
   |         --------------------------------------------------- this expression has type `(BytesN<32>, u64, u32, 
i128, Option<BytesN<32>>, Option<u64>)`
   |
   = note: expected tuple `(soroban_sdk::BytesN<32>, u64, u32, i128, core::option::Option<soroban_sdk::BytesN<32>>, 
core::option::Option<u64>)`
              found tuple `(_, _, _, _, _)`
   = note: the full name for the type has been written to 'C:\Users\ADMIN\Desktop\remmy-drips\Veritasor-Contracts\targe
t\debug\deps\veritasor_attestation-ab0736ca72a1453d.long-type-443871552347791910.txt'
   = note: consider using `--verbose` to print the full type name to the console

error[E0061]: this method takes 2 arguments but 1 argument was supplied
   --> contracts\attestation\src\pause_test.rs:55:12
    |
 55 |     client.pause(&admin);
    |            ^^^^^-------- argument #2 of type `&u64` is missing
    |
note: method defined here
   --> contracts\attestation\src\lib.rs:720:12
    |
720 |     pub fn pause(env: Env, caller: Address, _nonce: u64) {
    |            ^^^^^                            -----------
help: provide the argument
    |
 55 |     client.pause(&admin, /* &u64 */);
    |                        ++++++++++++

error[E0061]: this method takes 8 arguments but 6 arguments were supplied
   --> contracts\attestation\src\pause_test.rs:57:12
    |
 57 |     client.submit_attestation(&business, &period, &root, &timestamp, &version, &None);
    |            ^^^^^^^^^^^^^^^^^^-------------------------------------------------------- two arguments of type 
`&core::option::Option<u64>` and `&u64` are missing
    |
note: method defined here
   --> contracts\attestation\src\lib.rs:183:12
    |
183 |     pub fn submit_attestation(
    |            ^^^^^^^^^^^^^^^^^^
...
191 |         expiry_timestamp: Option<u64>,
    |         -----------------------------
192 |         nonce: u64,
    |         ----------
help: provide the arguments
    |
 57 |     client.submit_attestation(&business, &period, &root, &timestamp, &version, &None, /* 
&core::option::Option<u64> */, /* &u64 */);
    |                                                                                     
++++++++++++++++++++++++++++++++++++++++++++++

error[E0308]: mismatched types
  --> contracts\attestation\src\pause_test.rs:59:9
   |
59 |     let (stored_root, stored_ts, stored_ver, stored_fee, _) =
   |         ^^^^^^^^^^^^^^^^^^^^^^^^^^^^^^^^^^^^^^^^^^^^^^^^^^^ expected a tuple with 6 elements, found one with 5 
elements
60 |         client.get_attestation(&business, &period).unwrap();
   |         --------------------------------------------------- this expression has type `(BytesN<32>, u64, u32, 
i128, Option<BytesN<32>>, Option<u64>)`
   |
   = note: expected tuple `(soroban_sdk::BytesN<32>, u64, u32, i128, core::option::Option<soroban_sdk::BytesN<32>>, 
core::option::Option<u64>)`
              found tuple `(_, _, _, _, _)`
   = note: the full name for the type has been written to 'C:\Users\ADMIN\Desktop\remmy-drips\Veritasor-Contracts\targe
t\debug\deps\veritasor_attestation-ab0736ca72a1453d.long-type-443871552347791910.txt'
   = note: consider using `--verbose` to print the full type name to the console

error[E0061]: this method takes 2 arguments but 1 argument was supplied
   --> contracts\attestation\src\pause_test.rs:78:12
    |
 78 |     client.pause(&admin);
    |            ^^^^^-------- argument #2 of type `&u64` is missing
    |
note: method defined here
   --> contracts\attestation\src\lib.rs:720:12
    |
720 |     pub fn pause(env: Env, caller: Address, _nonce: u64) {
    |            ^^^^^                            -----------
help: provide the argument
    |
 78 |     client.pause(&admin, /* &u64 */);
    |                        ++++++++++++

error[E0061]: this method takes 2 arguments but 1 argument was supplied
   --> contracts\attestation\src\pause_test.rs:81:12
    |
 81 |     client.unpause(&admin);
    |            ^^^^^^^-------- argument #2 of type `&u64` is missing
    |
note: method defined here
   --> contracts\attestation\src\lib.rs:726:12
    |
726 |     pub fn unpause(env: Env, caller: Address, _nonce: u64) {
    |            ^^^^^^^                            -----------
help: provide the argument
    |
 81 |     client.unpause(&admin, /* &u64 */);
    |                          ++++++++++++

error[E0061]: this method takes 8 arguments but 6 arguments were supplied
   --> contracts\attestation\src\pause_test.rs:84:12
    |
 84 |     client.submit_attestation(&business, &period, &root, &timestamp, &version, &None);
    |            ^^^^^^^^^^^^^^^^^^-------------------------------------------------------- two arguments of type 
`&core::option::Option<u64>` and `&u64` are missing
    |
note: method defined here
   --> contracts\attestation\src\lib.rs:183:12
    |
183 |     pub fn submit_attestation(
    |            ^^^^^^^^^^^^^^^^^^
...
191 |         expiry_timestamp: Option<u64>,
    |         -----------------------------
192 |         nonce: u64,
    |         ----------
help: provide the arguments
    |
 84 |     client.submit_attestation(&business, &period, &root, &timestamp, &version, &None, /* 
&core::option::Option<u64> */, /* &u64 */);
    |                                                                                     
++++++++++++++++++++++++++++++++++++++++++++++

error[E0061]: this method takes 5 arguments but 4 arguments were supplied
   --> contracts\attestation\src\pause_test.rs:87:12
    |
 87 |     client.revoke_attestation(&admin, &business, &period, &reason);
    |            ^^^^^^^^^^^^^^^^^^------------------------------------- argument #5 of type `&u64` is missing
    |
note: method defined here
   --> contracts\attestation\src\lib.rs:618:12
    |
618 |     pub fn revoke_attestation(
    |            ^^^^^^^^^^^^^^^^^^
...
624 |         _nonce: u64,
    |         -----------
help: provide the argument
    |
 87 |     client.revoke_attestation(&admin, &business, &period, &reason, /* &u64 */);
    |                                                                  ++++++++++++

error[E0061]: this method takes 2 arguments but 1 argument was supplied
   --> contracts\attestation\src\pause_test.rs:103:12
    |
103 |     client.pause(&admin);
    |            ^^^^^-------- argument #2 of type `&u64` is missing
    |
note: method defined here
   --> contracts\attestation\src\lib.rs:720:12
    |
720 |     pub fn pause(env: Env, caller: Address, _nonce: u64) {
    |            ^^^^^                            -----------
help: provide the argument
    |
103 |     client.pause(&admin, /* &u64 */);
    |                        ++++++++++++

error[E0061]: this method takes 2 arguments but 1 argument was supplied
   --> contracts\attestation\src\pause_test.rs:106:12
    |
106 |     client.unpause(&admin);
    |            ^^^^^^^-------- argument #2 of type `&u64` is missing
    |
note: method defined here
   --> contracts\attestation\src\lib.rs:726:12
    |
726 |     pub fn unpause(env: Env, caller: Address, _nonce: u64) {
    |            ^^^^^^^                            -----------
help: provide the argument
    |
106 |     client.unpause(&admin, /* &u64 */);
    |                          ++++++++++++

error[E0061]: this method takes 8 arguments but 6 arguments were supplied
   --> contracts\attestation\src\pause_test.rs:109:12
    |
109 |     client.submit_attestation(&business, &period, &root, &timestamp, &version, &None);
    |            ^^^^^^^^^^^^^^^^^^-------------------------------------------------------- two arguments of type 
`&core::option::Option<u64>` and `&u64` are missing
    |
note: method defined here
   --> contracts\attestation\src\lib.rs:183:12
    |
183 |     pub fn submit_attestation(
    |            ^^^^^^^^^^^^^^^^^^
...
191 |         expiry_timestamp: Option<u64>,
    |         -----------------------------
192 |         nonce: u64,
    |         ----------
help: provide the arguments
    |
109 |     client.submit_attestation(&business, &period, &root, &timestamp, &version, &None, /* 
&core::option::Option<u64> */, /* &u64 */);
    |                                                                                     
++++++++++++++++++++++++++++++++++++++++++++++

error[E0061]: this method takes 2 arguments but 1 argument was supplied
   --> contracts\attestation\src\pause_test.rs:111:12
    |
111 |     client.pause(&admin);
    |            ^^^^^-------- argument #2 of type `&u64` is missing
    |
note: method defined here
   --> contracts\attestation\src\lib.rs:720:12
    |
720 |     pub fn pause(env: Env, caller: Address, _nonce: u64) {
    |            ^^^^^                            -----------
help: provide the argument
    |
111 |     client.pause(&admin, /* &u64 */);
    |                        ++++++++++++

error[E0061]: this method takes 5 arguments but 4 arguments were supplied
   --> contracts\attestation\src\pause_test.rs:115:12
    |
115 |     client.revoke_attestation(&admin, &business, &period, &reason);
    |            ^^^^^^^^^^^^^^^^^^------------------------------------- argument #5 of type `&u64` is missing
    |
note: method defined here
   --> contracts\attestation\src\lib.rs:618:12
    |
618 |     pub fn revoke_attestation(
    |            ^^^^^^^^^^^^^^^^^^
...
624 |         _nonce: u64,
    |         -----------
help: provide the argument
    |
115 |     client.revoke_attestation(&admin, &business, &period, &reason, /* &u64 */);
    |                                                                  ++++++++++++

error[E0061]: this method takes 2 arguments but 1 argument was supplied
   --> contracts\attestation\src\pause_test.rs:128:12
    |
128 |     client.pause(&admin);
    |            ^^^^^-------- argument #2 of type `&u64` is missing
    |
note: method defined here
   --> contracts\attestation\src\lib.rs:720:12
    |
720 |     pub fn pause(env: Env, caller: Address, _nonce: u64) {
    |            ^^^^^                            -----------
help: provide the argument
    |
128 |     client.pause(&admin, /* &u64 */);
    |                        ++++++++++++

error[E0061]: this method takes 2 arguments but 1 argument was supplied
   --> contracts\attestation\src\pause_test.rs:131:12
    |
131 |     client.unpause(&admin);
    |            ^^^^^^^-------- argument #2 of type `&u64` is missing
    |
note: method defined here
   --> contracts\attestation\src\lib.rs:726:12
    |
726 |     pub fn unpause(env: Env, caller: Address, _nonce: u64) {
    |            ^^^^^^^                            -----------
help: provide the argument
    |
131 |     client.unpause(&admin, /* &u64 */);
    |                          ++++++++++++

error[E0061]: this method takes 8 arguments but 6 arguments were supplied
   --> contracts\attestation\src\pause_test.rs:134:12
    |
134 |     client.submit_attestation(&business, &period, &root, &timestamp, &version, &None);
    |            ^^^^^^^^^^^^^^^^^^-------------------------------------------------------- two arguments of type 
`&core::option::Option<u64>` and `&u64` are missing
    |
note: method defined here
   --> contracts\attestation\src\lib.rs:183:12
    |
183 |     pub fn submit_attestation(
    |            ^^^^^^^^^^^^^^^^^^
...
191 |         expiry_timestamp: Option<u64>,
    |         -----------------------------
192 |         nonce: u64,
    |         ----------
help: provide the arguments
    |
134 |     client.submit_attestation(&business, &period, &root, &timestamp, &version, &None, /* 
&core::option::Option<u64> */, /* &u64 */);
    |                                                                                     
++++++++++++++++++++++++++++++++++++++++++++++

error[E0061]: this method takes 6 arguments but 5 arguments were supplied
   --> contracts\attestation\src\pause_test.rs:137:12
    |
137 |     client.migrate_attestation(&admin, &business, &period, &new_root, &2u32);
    |            ^^^^^^^^^^^^^^^^^^^---------------------------------------------- argument #6 of type `&u64` is 
missing
    |
note: method defined here
   --> contracts\attestation\src\lib.rs:336:12
    |
336 |     pub fn migrate_attestation(
    |            ^^^^^^^^^^^^^^^^^^^
...
343 |         _nonce: u64,
    |         -----------
help: provide the argument
    |
137 |     client.migrate_attestation(&admin, &business, &period, &new_root, &2u32, /* &u64 */);
    |                                                                            ++++++++++++

error[E0308]: mismatched types
   --> contracts\attestation\src\pause_test.rs:139:9
    |
139 |     let (stored_root, stored_ts, stored_ver, stored_fee, _) =
    |         ^^^^^^^^^^^^^^^^^^^^^^^^^^^^^^^^^^^^^^^^^^^^^^^^^^^ expected a tuple with 6 elements, found one with 5 
elements
140 |         client.get_attestation(&business, &period).unwrap();
    |         --------------------------------------------------- this expression has type `(BytesN<32>, u64, u32, 
i128, Option<BytesN<32>>, Option<u64>)`
    |
    = note: expected tuple `(soroban_sdk::BytesN<32>, u64, u32, i128, core::option::Option<soroban_sdk::BytesN<32>>, 
core::option::Option<u64>)`
               found tuple `(_, _, _, _, _)`
    = note: the full name for the type has been written to 'C:\Users\ADMIN\Desktop\remmy-drips\Veritasor-Contracts\targ
et\debug\deps\veritasor_attestation-ab0736ca72a1453d.long-type-443871552347791910.txt'
    = note: consider using `--verbose` to print the full type name to the console

error[E0061]: this method takes 2 arguments but 1 argument was supplied
   --> contracts\attestation\src\pause_test.rs:158:12
    |
158 |     client.pause(&admin);
    |            ^^^^^-------- argument #2 of type `&u64` is missing
    |
note: method defined here
   --> contracts\attestation\src\lib.rs:720:12
    |
720 |     pub fn pause(env: Env, caller: Address, _nonce: u64) {
    |            ^^^^^                            -----------
help: provide the argument
    |
158 |     client.pause(&admin, /* &u64 */);
    |                        ++++++++++++

error[E0061]: this method takes 2 arguments but 1 argument was supplied
   --> contracts\attestation\src\pause_test.rs:161:12
    |
161 |     client.unpause(&admin);
    |            ^^^^^^^-------- argument #2 of type `&u64` is missing
    |
note: method defined here
   --> contracts\attestation\src\lib.rs:726:12
    |
726 |     pub fn unpause(env: Env, caller: Address, _nonce: u64) {
    |            ^^^^^^^                            -----------
help: provide the argument
    |
161 |     client.unpause(&admin, /* &u64 */);
    |                          ++++++++++++

error[E0061]: this method takes 8 arguments but 6 arguments were supplied
   --> contracts\attestation\src\pause_test.rs:164:12
    |
164 |     client.submit_attestation(&business, &period, &root, &timestamp, &version, &None);
    |            ^^^^^^^^^^^^^^^^^^-------------------------------------------------------- two arguments of type 
`&core::option::Option<u64>` and `&u64` are missing
    |
note: method defined here
   --> contracts\attestation\src\lib.rs:183:12
    |
183 |     pub fn submit_attestation(
    |            ^^^^^^^^^^^^^^^^^^
...
191 |         expiry_timestamp: Option<u64>,
    |         -----------------------------
192 |         nonce: u64,
    |         ----------
help: provide the arguments
    |
164 |     client.submit_attestation(&business, &period, &root, &timestamp, &version, &None, /* 
&core::option::Option<u64> */, /* &u64 */);
    |                                                                                     
++++++++++++++++++++++++++++++++++++++++++++++

error[E0061]: this method takes 2 arguments but 1 argument was supplied
   --> contracts\attestation\src\pause_test.rs:166:12
    |
166 |     client.pause(&admin);
    |            ^^^^^-------- argument #2 of type `&u64` is missing
    |
note: method defined here
   --> contracts\attestation\src\lib.rs:720:12
    |
720 |     pub fn pause(env: Env, caller: Address, _nonce: u64) {
    |            ^^^^^                            -----------
help: provide the argument
    |
166 |     client.pause(&admin, /* &u64 */);
    |                        ++++++++++++

error[E0061]: this method takes 6 arguments but 5 arguments were supplied
   --> contracts\attestation\src\pause_test.rs:170:12
    |
170 |     client.migrate_attestation(&admin, &business, &period, &new_root, &2u32);
    |            ^^^^^^^^^^^^^^^^^^^---------------------------------------------- argument #6 of type `&u64` is 
missing
    |
note: method defined here
   --> contracts\attestation\src\lib.rs:336:12
    |
336 |     pub fn migrate_attestation(
    |            ^^^^^^^^^^^^^^^^^^^
...
343 |         _nonce: u64,
    |         -----------
help: provide the argument
    |
170 |     client.migrate_attestation(&admin, &business, &period, &new_root, &2u32, /* &u64 */);
    |                                                                            ++++++++++++

error[E0308]: mismatched types
   --> contracts\attestation\src\pause_test.rs:172:9
    |
172 |     let (stored_root, stored_ts, stored_ver, stored_fee, _) =
    |         ^^^^^^^^^^^^^^^^^^^^^^^^^^^^^^^^^^^^^^^^^^^^^^^^^^^ expected a tuple with 6 elements, found one with 5 
elements
173 |         client.get_attestation(&business, &period).unwrap();
    |         --------------------------------------------------- this expression has type `(BytesN<32>, u64, u32, 
i128, Option<BytesN<32>>, Option<u64>)`
    |
    = note: expected tuple `(soroban_sdk::BytesN<32>, u64, u32, i128, core::option::Option<soroban_sdk::BytesN<32>>, 
core::option::Option<u64>)`
               found tuple `(_, _, _, _, _)`
    = note: the full name for the type has been written to 'C:\Users\ADMIN\Desktop\remmy-drips\Veritasor-Contracts\targ
et\debug\deps\veritasor_attestation-ab0736ca72a1453d.long-type-443871552347791910.txt'
    = note: consider using `--verbose` to print the full type name to the console

error[E0061]: this method takes 2 arguments but 1 argument was supplied
   --> contracts\attestation\src\pause_test.rs:186:12
    |
186 |     client.pause(&unauthorized);
    |            ^^^^^--------------- argument #2 of type `&u64` is missing
    |
note: method defined here
   --> contracts\attestation\src\lib.rs:720:12
    |
720 |     pub fn pause(env: Env, caller: Address, _nonce: u64) {
    |            ^^^^^                            -----------
help: provide the argument
    |
186 |     client.pause(&unauthorized, /* &u64 */);
    |                               ++++++++++++

error[E0061]: this method takes 2 arguments but 1 argument was supplied
   --> contracts\attestation\src\pause_test.rs:193:12
    |
193 |     client.pause(&admin);
    |            ^^^^^-------- argument #2 of type `&u64` is missing
    |
note: method defined here
   --> contracts\attestation\src\lib.rs:720:12
    |
720 |     pub fn pause(env: Env, caller: Address, _nonce: u64) {
    |            ^^^^^                            -----------
help: provide the argument
    |
193 |     client.pause(&admin, /* &u64 */);
    |                        ++++++++++++

error[E0061]: this method takes 2 arguments but 1 argument was supplied
   --> contracts\attestation\src\pause_test.rs:196:12
    |
196 |     client.pause(&admin);
    |            ^^^^^-------- argument #2 of type `&u64` is missing
    |
note: method defined here
   --> contracts\attestation\src\lib.rs:720:12
    |
720 |     pub fn pause(env: Env, caller: Address, _nonce: u64) {
    |            ^^^^^                            -----------
help: provide the argument
    |
196 |     client.pause(&admin, /* &u64 */);
    |                        ++++++++++++

error[E0061]: this method takes 8 arguments but 6 arguments were supplied
   --> contracts\attestation\src\pause_test.rs:210:12
    |
210 |     client.submit_attestation(&business, &period, &root, &timestamp, &version, &None);
    |            ^^^^^^^^^^^^^^^^^^-------------------------------------------------------- two arguments of type 
`&core::option::Option<u64>` and `&u64` are missing
    |
note: method defined here
   --> contracts\attestation\src\lib.rs:183:12
    |
183 |     pub fn submit_attestation(
    |            ^^^^^^^^^^^^^^^^^^
...
191 |         expiry_timestamp: Option<u64>,
    |         -----------------------------
192 |         nonce: u64,
    |         ----------
help: provide the arguments
    |
210 |     client.submit_attestation(&business, &period, &root, &timestamp, &version, &None, /* 
&core::option::Option<u64> */, /* &u64 */);
    |                                                                                     
++++++++++++++++++++++++++++++++++++++++++++++

error[E0061]: this method takes 2 arguments but 1 argument was supplied
   --> contracts\attestation\src\pause_test.rs:211:12
    |
211 |     client.pause(&admin);
    |            ^^^^^-------- argument #2 of type `&u64` is missing
    |
note: method defined here
   --> contracts\attestation\src\lib.rs:720:12
    |
720 |     pub fn pause(env: Env, caller: Address, _nonce: u64) {
    |            ^^^^^                            -----------
help: provide the argument
    |
211 |     client.pause(&admin, /* &u64 */);
    |                        ++++++++++++

error[E0308]: mismatched types
   --> contracts\attestation\src\pause_test.rs:214:9
    |
214 |     let (stored_root, stored_ts, stored_ver, stored_fee, _) =
    |         ^^^^^^^^^^^^^^^^^^^^^^^^^^^^^^^^^^^^^^^^^^^^^^^^^^^ expected a tuple with 6 elements, found one with 5 
elements
215 |         client.get_attestation(&business, &period).unwrap();
    |         --------------------------------------------------- this expression has type `(BytesN<32>, u64, u32, 
i128, Option<BytesN<32>>, Option<u64>)`
    |
    = note: expected tuple `(soroban_sdk::BytesN<32>, u64, u32, i128, core::option::Option<soroban_sdk::BytesN<32>>, 
core::option::Option<u64>)`
               found tuple `(_, _, _, _, _)`
    = note: the full name for the type has been written to 'C:\Users\ADMIN\Desktop\remmy-drips\Veritasor-Contracts\targ
et\debug\deps\veritasor_attestation-ab0736ca72a1453d.long-type-443871552347791910.txt'
    = note: consider using `--verbose` to print the full type name to the console

error[E0599]: no method named `configure_key_rotation` found for struct `AttestationContractClient<'a>` in the current 
scope
  --> contracts\attestation\src\key_rotation_test.rs:30:12
   |
30 |     client.configure_key_rotation(&10u32, &20u32, &5u32, &10u32);
   |            ^^^^^^^^^^^^^^^^^^^^^^
   |
  ::: contracts\attestation\src\lib.rs:74:1
   |
74 | #[contract]
   | ----------- method `configure_key_rotation` not found for this struct
   |
help: there is a method `configure_fees` with a similar name
   |
30 -     client.configure_key_rotation(&10u32, &20u32, &5u32, &10u32);
30 +     client.configure_fees(&10u32, &20u32, &5u32, &10u32);
   |

error[E0599]: no method named `configure_key_rotation` found for struct `AttestationContractClient<'a>` in the current 
scope
  --> contracts\attestation\src\key_rotation_test.rs:41:12
   |
41 |     client.configure_key_rotation(&10u32, &20u32, &5u32, &10u32);
   |            ^^^^^^^^^^^^^^^^^^^^^^
   |
  ::: contracts\attestation\src\lib.rs:74:1
   |
74 | #[contract]
   | ----------- method `configure_key_rotation` not found for this struct
   |
help: there is a method `configure_fees` with a similar name
   |
41 -     client.configure_key_rotation(&10u32, &20u32, &5u32, &10u32);
41 +     client.configure_fees(&10u32, &20u32, &5u32, &10u32);
   |

error[E0061]: this method takes 3 arguments but 2 arguments were supplied
   --> contracts\attestation\src\key_rotation_test.rs:50:12
    |
 50 |     client.initialize_multisig(&owners, &2u32);
    |            ^^^^^^^^^^^^^^^^^^^---------------- argument #3 of type `&u64` is missing
    |
note: method defined here
   --> contracts\attestation\src\lib.rs:837:12
    |
837 |     pub fn initialize_multisig(env: Env, owners: Vec<Address>, threshold: u32, _nonce: u64) {
    |            ^^^^^^^^^^^^^^^^^^^                                                 -----------
help: provide the argument
    |
 50 |     client.initialize_multisig(&owners, &2u32, /* &u64 */);
    |                                              ++++++++++++

error[E0599]: no method named `configure_key_rotation` found for struct `AttestationContractClient<'a>` in the current 
scope
  --> contracts\attestation\src\key_rotation_test.rs:61:12
   |
61 |     client.configure_key_rotation(&100u32, &200u32, &50u32, &100u32);
   |            ^^^^^^^^^^^^^^^^^^^^^^
   |
  ::: contracts\attestation\src\lib.rs:74:1
   |
74 | #[contract]
   | ----------- method `configure_key_rotation` not found for this struct
   |
help: there is a method `configure_fees` with a similar name
   |
61 -     client.configure_key_rotation(&100u32, &200u32, &50u32, &100u32);
61 +     client.configure_fees(&100u32, &200u32, &50u32, &100u32);
   |

error[E0599]: no method named `get_key_rotation_config` found for struct `AttestationContractClient<'a>` in the 
current scope
  --> contracts\attestation\src\key_rotation_test.rs:63:25
   |
63 |     let config = client.get_key_rotation_config();
   |                         ^^^^^^^^^^^^^^^^^^^^^^^ method not found in `AttestationContractClient<'_>`
   |
  ::: contracts\attestation\src\lib.rs:74:1
   |
74 | #[contract]
   | ----------- method `get_key_rotation_config` not found for this struct

error[E0599]: no method named `get_key_rotation_config` found for struct `AttestationContractClient<'a>` in the 
current scope
  --> contracts\attestation\src\key_rotation_test.rs:72:25
   |
72 |     let config = client.get_key_rotation_config();
   |                         ^^^^^^^^^^^^^^^^^^^^^^^ method not found in `AttestationContractClient<'_>`
   |
  ::: contracts\attestation\src\lib.rs:74:1
   |
74 | #[contract]
   | ----------- method `get_key_rotation_config` not found for this struct

error[E0599]: no method named `propose_key_rotation` found for struct `AttestationContractClient<'a>` in the current 
scope
  --> contracts\attestation\src\key_rotation_test.rs:88:12
   |
88 |     client.propose_key_rotation(&new_admin);
   |            ^^^^^^^^^^^^^^^^^^^^ method not found in `AttestationContractClient<'_>`
   |
  ::: contracts\attestation\src\lib.rs:74:1
   |
74 | #[contract]
   | ----------- method `propose_key_rotation` not found for this struct

error[E0599]: no method named `has_pending_key_rotation` found for struct `AttestationContractClient<'a>` in the 
current scope
  --> contracts\attestation\src\key_rotation_test.rs:90:20
   |
90 |     assert!(client.has_pending_key_rotation());
   |                    ^^^^^^^^^^^^^^^^^^^^^^^^ method not found in `AttestationContractClient<'_>`
   |
  ::: contracts\attestation\src\lib.rs:74:1
   |
74 | #[contract]
   | ----------- method `has_pending_key_rotation` not found for this struct

error[E0599]: no method named `get_pending_key_rotation` found for struct `AttestationContractClient<'a>` in the 
current scope
  --> contracts\attestation\src\key_rotation_test.rs:91:26
   |
91 |     let pending = client.get_pending_key_rotation().unwrap();
   |                          ^^^^^^^^^^^^^^^^^^^^^^^^ method not found in `AttestationContractClient<'_>`
   |
  ::: contracts\attestation\src\lib.rs:74:1
   |
74 | #[contract]
   | ----------- method `get_pending_key_rotation` not found for this struct

error[E0599]: no method named `propose_key_rotation` found for struct `AttestationContractClient<'a>` in the current 
scope
   --> contracts\attestation\src\key_rotation_test.rs:101:12
    |
101 |     client.propose_key_rotation(&new_admin);
    |            ^^^^^^^^^^^^^^^^^^^^ method not found in `AttestationContractClient<'_>`
    |
   ::: contracts\attestation\src\lib.rs:74:1
    |
 74 | #[contract]
    | ----------- method `propose_key_rotation` not found for this struct

error[E0599]: no method named `confirm_key_rotation` found for struct `AttestationContractClient<'a>` in the current 
scope
   --> contracts\attestation\src\key_rotation_test.rs:107:12
    |
107 |     client.confirm_key_rotation(&new_admin);
    |            ^^^^^^^^^^^^^^^^^^^^ method not found in `AttestationContractClient<'_>`
    |
   ::: contracts\attestation\src\lib.rs:74:1
    |
 74 | #[contract]
    | ----------- method `confirm_key_rotation` not found for this struct

error[E0599]: no method named `has_pending_key_rotation` found for struct `AttestationContractClient<'a>` in the 
current scope
   --> contracts\attestation\src\key_rotation_test.rs:113:21
    |
113 |     assert!(!client.has_pending_key_rotation());
    |                     ^^^^^^^^^^^^^^^^^^^^^^^^ method not found in `AttestationContractClient<'_>`
    |
   ::: contracts\attestation\src\lib.rs:74:1
    |
 74 | #[contract]
    | ----------- method `has_pending_key_rotation` not found for this struct

error[E0599]: no method named `get_key_rotation_count` found for struct `AttestationContractClient<'a>` in the current 
scope
   --> contracts\attestation\src\key_rotation_test.rs:121:23
    |
121 |     assert_eq!(client.get_key_rotation_count(), 0);
    |                       ^^^^^^^^^^^^^^^^^^^^^^
    |
   ::: contracts\attestation\src\lib.rs:74:1
    |
 74 | #[contract]
    | ----------- method `get_key_rotation_count` not found for this struct
    |
help: there is a method `get_approval_count` with a similar name, but with different arguments
   --> contracts\attestation\src\lib.rs:77:1
    |
 77 | #[contractimpl]
    | ^^^^^^^^^^^^^^^
    = note: this error originates in the attribute macro `soroban_sdk::contractclient` (in Nightly builds, run with -Z 
macro-backtrace for more info)

error[E0599]: no method named `propose_key_rotation` found for struct `AttestationContractClient<'a>` in the current 
scope
   --> contracts\attestation\src\key_rotation_test.rs:123:12
    |
123 |     client.propose_key_rotation(&new_admin);
    |            ^^^^^^^^^^^^^^^^^^^^ method not found in `AttestationContractClient<'_>`
    |
   ::: contracts\attestation\src\lib.rs:74:1
    |
 74 | #[contract]
    | ----------- method `propose_key_rotation` not found for this struct

error[E0599]: no method named `confirm_key_rotation` found for struct `AttestationContractClient<'a>` in the current 
scope
   --> contracts\attestation\src\key_rotation_test.rs:126:12
    |
126 |     client.confirm_key_rotation(&new_admin);
    |            ^^^^^^^^^^^^^^^^^^^^ method not found in `AttestationContractClient<'_>`
    |
   ::: contracts\attestation\src\lib.rs:74:1
    |
 74 | #[contract]
    | ----------- method `confirm_key_rotation` not found for this struct

error[E0599]: no method named `get_key_rotation_count` found for struct `AttestationContractClient<'a>` in the current 
scope
   --> contracts\attestation\src\key_rotation_test.rs:128:23
    |
128 |     assert_eq!(client.get_key_rotation_count(), 1);
    |                       ^^^^^^^^^^^^^^^^^^^^^^
    |
   ::: contracts\attestation\src\lib.rs:74:1
    |
 74 | #[contract]
    | ----------- method `get_key_rotation_count` not found for this struct
    |
help: there is a method `get_approval_count` with a similar name, but with different arguments
   --> contracts\attestation\src\lib.rs:77:1
    |
 77 | #[contractimpl]
    | ^^^^^^^^^^^^^^^
    = note: this error originates in the attribute macro `soroban_sdk::contractclient` (in Nightly builds, run with -Z 
macro-backtrace for more info)

error[E0599]: no method named `get_key_rotation_history` found for struct `AttestationContractClient<'a>` in the 
current scope
   --> contracts\attestation\src\key_rotation_test.rs:129:26
    |
129 |     let history = client.get_key_rotation_history();
    |                          ^^^^^^^^^^^^^^^^^^^^^^^^ method not found in `AttestationContractClient<'_>`
    |
   ::: contracts\attestation\src\lib.rs:74:1
    |
 74 | #[contract]
    | ----------- method `get_key_rotation_history` not found for this struct

error[E0599]: no method named `propose_key_rotation` found for struct `AttestationContractClient<'a>` in the current 
scope
   --> contracts\attestation\src\key_rotation_test.rs:139:12
    |
139 |     client.propose_key_rotation(&new_admin);
    |            ^^^^^^^^^^^^^^^^^^^^ method not found in `AttestationContractClient<'_>`
    |
   ::: contracts\attestation\src\lib.rs:74:1
    |
 74 | #[contract]
    | ----------- method `propose_key_rotation` not found for this struct

error[E0599]: no method named `has_pending_key_rotation` found for struct `AttestationContractClient<'a>` in the 
current scope
   --> contracts\attestation\src\key_rotation_test.rs:140:20
    |
140 |     assert!(client.has_pending_key_rotation());
    |                    ^^^^^^^^^^^^^^^^^^^^^^^^ method not found in `AttestationContractClient<'_>`
    |
   ::: contracts\attestation\src\lib.rs:74:1
    |
 74 | #[contract]
    | ----------- method `has_pending_key_rotation` not found for this struct

error[E0599]: no method named `cancel_key_rotation` found for struct `AttestationContractClient<'a>` in the current 
scope
   --> contracts\attestation\src\key_rotation_test.rs:142:12
    |
142 |     client.cancel_key_rotation();
    |            ^^^^^^^^^^^^^^^^^^^ method not found in `AttestationContractClient<'_>`
    |
   ::: contracts\attestation\src\lib.rs:74:1
    |
 74 | #[contract]
    | ----------- method `cancel_key_rotation` not found for this struct

error[E0599]: no method named `has_pending_key_rotation` found for struct `AttestationContractClient<'a>` in the 
current scope
   --> contracts\attestation\src\key_rotation_test.rs:143:21
    |
143 |     assert!(!client.has_pending_key_rotation());
    |                     ^^^^^^^^^^^^^^^^^^^^^^^^ method not found in `AttestationContractClient<'_>`
    |
   ::: contracts\attestation\src\lib.rs:74:1
    |
 74 | #[contract]
    | ----------- method `has_pending_key_rotation` not found for this struct

error[E0599]: no method named `propose_key_rotation` found for struct `AttestationContractClient<'a>` in the current 
scope
   --> contracts\attestation\src\key_rotation_test.rs:152:12
    |
152 |     client.propose_key_rotation(&new_admin);
    |            ^^^^^^^^^^^^^^^^^^^^ method not found in `AttestationContractClient<'_>`
    |
   ::: contracts\attestation\src\lib.rs:74:1
    |
 74 | #[contract]
    | ----------- method `propose_key_rotation` not found for this struct

error[E0599]: no method named `confirm_key_rotation` found for struct `AttestationContractClient<'a>` in the current 
scope
   --> contracts\attestation\src\key_rotation_test.rs:154:12
    |
154 |     client.confirm_key_rotation(&new_admin);
    |            ^^^^^^^^^^^^^^^^^^^^ method not found in `AttestationContractClient<'_>`
    |
   ::: contracts\attestation\src\lib.rs:74:1
    |
 74 | #[contract]
    | ----------- method `confirm_key_rotation` not found for this struct

error[E0599]: no method named `get_key_rotation_count` found for struct `AttestationContractClient<'a>` in the current 
scope
   --> contracts\attestation\src\key_rotation_test.rs:200:23
    |
200 |     assert_eq!(client.get_key_rotation_count(), 1);
    |                       ^^^^^^^^^^^^^^^^^^^^^^
    |
   ::: contracts\attestation\src\lib.rs:74:1
    |
 74 | #[contract]
    | ----------- method `get_key_rotation_count` not found for this struct
    |
help: there is a method `get_approval_count` with a similar name, but with different arguments
   --> contracts\attestation\src\lib.rs:77:1
    |
 77 | #[contractimpl]
    | ^^^^^^^^^^^^^^^
    = note: this error originates in the attribute macro `soroban_sdk::contractclient` (in Nightly builds, run with -Z 
macro-backtrace for more info)

error[E0599]: no method named `get_key_rotation_history` found for struct `AttestationContractClient<'a>` in the 
current scope
   --> contracts\attestation\src\key_rotation_test.rs:201:26
    |
201 |     let history = client.get_key_rotation_history();
    |                          ^^^^^^^^^^^^^^^^^^^^^^^^ method not found in `AttestationContractClient<'_>`
    |
   ::: contracts\attestation\src\lib.rs:74:1
    |
 74 | #[contract]
    | ----------- method `get_key_rotation_history` not found for this struct

error[E0599]: no method named `propose_key_rotation` found for struct `AttestationContractClient<'a>` in the current 
scope
   --> contracts\attestation\src\key_rotation_test.rs:214:12
    |
214 |     client.propose_key_rotation(&planned_new);
    |            ^^^^^^^^^^^^^^^^^^^^ method not found in `AttestationContractClient<'_>`
    |
   ::: contracts\attestation\src\lib.rs:74:1
    |
 74 | #[contract]
    | ----------- method `propose_key_rotation` not found for this struct

error[E0599]: no method named `has_pending_key_rotation` found for struct `AttestationContractClient<'a>` in the 
current scope
   --> contracts\attestation\src\key_rotation_test.rs:215:20
    |
215 |     assert!(client.has_pending_key_rotation());
    |                    ^^^^^^^^^^^^^^^^^^^^^^^^ method not found in `AttestationContractClient<'_>`
    |
   ::: contracts\attestation\src\lib.rs:74:1
    |
 74 | #[contract]
    | ----------- method `has_pending_key_rotation` not found for this struct

error[E0599]: no method named `has_pending_key_rotation` found for struct `AttestationContractClient<'a>` in the 
current scope
   --> contracts\attestation\src\key_rotation_test.rs:226:21
    |
226 |     assert!(!client.has_pending_key_rotation());
    |                     ^^^^^^^^^^^^^^^^^^^^^^^^ method not found in `AttestationContractClient<'_>`
    |
   ::: contracts\attestation\src\lib.rs:74:1
    |
 74 | #[contract]
    | ----------- method `has_pending_key_rotation` not found for this struct

error[E0599]: no method named `get_key_rotation_count` found for struct `AttestationContractClient<'a>` in the current 
scope
   --> contracts\attestation\src\key_rotation_test.rs:242:23
    |
242 |     assert_eq!(client.get_key_rotation_count(), 0);
    |                       ^^^^^^^^^^^^^^^^^^^^^^
    |
   ::: contracts\attestation\src\lib.rs:74:1
    |
 74 | #[contract]
    | ----------- method `get_key_rotation_count` not found for this struct
    |
help: there is a method `get_approval_count` with a similar name, but with different arguments
   --> contracts\attestation\src\lib.rs:77:1
    |
 77 | #[contractimpl]
    | ^^^^^^^^^^^^^^^
    = note: this error originates in the attribute macro `soroban_sdk::contractclient` (in Nightly builds, run with -Z 
macro-backtrace for more info)

error[E0599]: no method named `propose_key_rotation` found for struct `AttestationContractClient<'a>` in the current 
scope
   --> contracts\attestation\src\key_rotation_test.rs:245:12
    |
245 |     client.propose_key_rotation(&new_admin);
    |            ^^^^^^^^^^^^^^^^^^^^ method not found in `AttestationContractClient<'_>`
    |
   ::: contracts\attestation\src\lib.rs:74:1
    |
 74 | #[contract]
    | ----------- method `propose_key_rotation` not found for this struct

error[E0599]: no method named `has_pending_key_rotation` found for struct `AttestationContractClient<'a>` in the 
current scope
   --> contracts\attestation\src\key_rotation_test.rs:246:20
    |
246 |     assert!(client.has_pending_key_rotation());
    |                    ^^^^^^^^^^^^^^^^^^^^^^^^ method not found in `AttestationContractClient<'_>`
    |
   ::: contracts\attestation\src\lib.rs:74:1
    |
 74 | #[contract]
    | ----------- method `has_pending_key_rotation` not found for this struct

error[E0599]: no method named `confirm_key_rotation` found for struct `AttestationContractClient<'a>` in the current 
scope
   --> contracts\attestation\src\key_rotation_test.rs:253:12
    |
253 |     client.confirm_key_rotation(&new_admin);
    |            ^^^^^^^^^^^^^^^^^^^^ method not found in `AttestationContractClient<'_>`
    |
   ::: contracts\attestation\src\lib.rs:74:1
    |
 74 | #[contract]
    | ----------- method `confirm_key_rotation` not found for this struct

error[E0599]: no method named `has_pending_key_rotation` found for struct `AttestationContractClient<'a>` in the 
current scope
   --> contracts\attestation\src\key_rotation_test.rs:259:21
    |
259 |     assert!(!client.has_pending_key_rotation());
    |                     ^^^^^^^^^^^^^^^^^^^^^^^^ method not found in `AttestationContractClient<'_>`
    |
   ::: contracts\attestation\src\lib.rs:74:1
    |
 74 | #[contract]
    | ----------- method `has_pending_key_rotation` not found for this struct

error[E0599]: no method named `get_key_rotation_count` found for struct `AttestationContractClient<'a>` in the current 
scope
   --> contracts\attestation\src\key_rotation_test.rs:260:23
    |
260 |     assert_eq!(client.get_key_rotation_count(), 1);
    |                       ^^^^^^^^^^^^^^^^^^^^^^
    |
   ::: contracts\attestation\src\lib.rs:74:1
    |
 74 | #[contract]
    | ----------- method `get_key_rotation_count` not found for this struct
    |
help: there is a method `get_approval_count` with a similar name, but with different arguments
   --> contracts\attestation\src\lib.rs:77:1
    |
 77 | #[contractimpl]
    | ^^^^^^^^^^^^^^^
    = note: this error originates in the attribute macro `soroban_sdk::contractclient` (in Nightly builds, run with -Z 
macro-backtrace for more info)

error[E0061]: this method takes 4 arguments but 3 arguments were supplied
   --> contracts\attestation\src\key_rotation_test.rs:270:12
    |
270 |     client.grant_role(&admin, &operator, &crate::ROLE_OPERATOR);
    |            ^^^^^^^^^^------------------------------------------ argument #4 of type `&u64` is missing
    |
note: method defined here
   --> contracts\attestation\src\lib.rs:167:12
    |
167 |     pub fn grant_role(env: Env, caller: Address, account: Address, role: u32, _nonce: u64) {
    |            ^^^^^^^^^^                                                         -----------
help: provide the argument
    |
270 |     client.grant_role(&admin, &operator, &crate::ROLE_OPERATOR, /* &u64 */);
    |                                                               ++++++++++++

error[E0599]: no method named `propose_key_rotation` found for struct `AttestationContractClient<'a>` in the current 
scope
   --> contracts\attestation\src\key_rotation_test.rs:274:12
    |
274 |     client.propose_key_rotation(&new_admin);
    |            ^^^^^^^^^^^^^^^^^^^^ method not found in `AttestationContractClient<'_>`
    |
   ::: contracts\attestation\src\lib.rs:74:1
    |
 74 | #[contract]
    | ----------- method `propose_key_rotation` not found for this struct

error[E0599]: no method named `confirm_key_rotation` found for struct `AttestationContractClient<'a>` in the current 
scope
   --> contracts\attestation\src\key_rotation_test.rs:277:12
    |
277 |     client.confirm_key_rotation(&new_admin);
    |            ^^^^^^^^^^^^^^^^^^^^ method not found in `AttestationContractClient<'_>`
    |
   ::: contracts\attestation\src\lib.rs:74:1
    |
 74 | #[contract]
    | ----------- method `confirm_key_rotation` not found for this struct

error[E0599]: no method named `propose_key_rotation` found for struct `AttestationContractClient<'a>` in the current 
scope
   --> contracts\attestation\src\key_rotation_test.rs:289:12
    |
289 |     client.propose_key_rotation(&new_admin);
    |            ^^^^^^^^^^^^^^^^^^^^ method not found in `AttestationContractClient<'_>`
    |
   ::: contracts\attestation\src\lib.rs:74:1
    |
 74 | #[contract]
    | ----------- method `propose_key_rotation` not found for this struct

error[E0599]: no method named `confirm_key_rotation` found for struct `AttestationContractClient<'a>` in the current 
scope
   --> contracts\attestation\src\key_rotation_test.rs:292:12
    |
292 |     client.confirm_key_rotation(&new_admin);
    |            ^^^^^^^^^^^^^^^^^^^^ method not found in `AttestationContractClient<'_>`
    |
   ::: contracts\attestation\src\lib.rs:74:1
    |
 74 | #[contract]
    | ----------- method `confirm_key_rotation` not found for this struct

error[E0061]: this method takes 4 arguments but 3 arguments were supplied
   --> contracts\attestation\src\key_rotation_test.rs:296:12
    |
296 |     client.grant_role(&new_admin, &new_operator, &crate::ROLE_OPERATOR);
    |            ^^^^^^^^^^-------------------------------------------------- argument #4 of type `&u64` is missing
    |
note: method defined here
   --> contracts\attestation\src\lib.rs:167:12
    |
167 |     pub fn grant_role(env: Env, caller: Address, account: Address, role: u32, _nonce: u64) {
    |            ^^^^^^^^^^                                                         -----------
help: provide the argument
    |
296 |     client.grant_role(&new_admin, &new_operator, &crate::ROLE_OPERATOR, /* &u64 */);
    |                                                                       ++++++++++++

error[E0599]: no method named `propose_key_rotation` found for struct `AttestationContractClient<'a>` in the current 
scope
   --> contracts\attestation\src\key_rotation_test.rs:307:12
    |
307 |     client.propose_key_rotation(&admin_b);
    |            ^^^^^^^^^^^^^^^^^^^^ method not found in `AttestationContractClient<'_>`
    |
   ::: contracts\attestation\src\lib.rs:74:1
    |
 74 | #[contract]
    | ----------- method `propose_key_rotation` not found for this struct

error[E0599]: no method named `confirm_key_rotation` found for struct `AttestationContractClient<'a>` in the current 
scope
   --> contracts\attestation\src\key_rotation_test.rs:310:12
    |
310 |     client.confirm_key_rotation(&admin_b);
    |            ^^^^^^^^^^^^^^^^^^^^ method not found in `AttestationContractClient<'_>`
    |
   ::: contracts\attestation\src\lib.rs:74:1
    |
 74 | #[contract]
    | ----------- method `confirm_key_rotation` not found for this struct

error[E0599]: no method named `propose_key_rotation` found for struct `AttestationContractClient<'a>` in the current 
scope
   --> contracts\attestation\src\key_rotation_test.rs:319:12
    |
319 |     client.propose_key_rotation(&admin_c);
    |            ^^^^^^^^^^^^^^^^^^^^ method not found in `AttestationContractClient<'_>`
    |
   ::: contracts\attestation\src\lib.rs:74:1
    |
 74 | #[contract]
    | ----------- method `propose_key_rotation` not found for this struct

error[E0599]: no method named `confirm_key_rotation` found for struct `AttestationContractClient<'a>` in the current 
scope
   --> contracts\attestation\src\key_rotation_test.rs:322:12
    |
322 |     client.confirm_key_rotation(&admin_c);
    |            ^^^^^^^^^^^^^^^^^^^^ method not found in `AttestationContractClient<'_>`
    |
   ::: contracts\attestation\src\lib.rs:74:1
    |
 74 | #[contract]
    | ----------- method `confirm_key_rotation` not found for this struct

error[E0599]: no method named `get_key_rotation_count` found for struct `AttestationContractClient<'a>` in the current 
scope
   --> contracts\attestation\src\key_rotation_test.rs:326:23
    |
326 |     assert_eq!(client.get_key_rotation_count(), 2);
    |                       ^^^^^^^^^^^^^^^^^^^^^^
    |
   ::: contracts\attestation\src\lib.rs:74:1
    |
 74 | #[contract]
    | ----------- method `get_key_rotation_count` not found for this struct
    |
help: there is a method `get_approval_count` with a similar name, but with different arguments
   --> contracts\attestation\src\lib.rs:77:1
    |
 77 | #[contractimpl]
    | ^^^^^^^^^^^^^^^
    = note: this error originates in the attribute macro `soroban_sdk::contractclient` (in Nightly builds, run with -Z 
macro-backtrace for more info)

error[E0599]: no method named `propose_key_rotation` found for struct `AttestationContractClient<'a>` in the current 
scope
   --> contracts\attestation\src\key_rotation_test.rs:336:12
    |
336 |     client.propose_key_rotation(&wrong_admin);
    |            ^^^^^^^^^^^^^^^^^^^^ method not found in `AttestationContractClient<'_>`
    |
   ::: contracts\attestation\src\lib.rs:74:1
    |
 74 | #[contract]
    | ----------- method `propose_key_rotation` not found for this struct

error[E0599]: no method named `cancel_key_rotation` found for struct `AttestationContractClient<'a>` in the current 
scope
   --> contracts\attestation\src\key_rotation_test.rs:338:12
    |
338 |     client.cancel_key_rotation();
    |            ^^^^^^^^^^^^^^^^^^^ method not found in `AttestationContractClient<'_>`
    |
   ::: contracts\attestation\src\lib.rs:74:1
    |
 74 | #[contract]
    | ----------- method `cancel_key_rotation` not found for this struct

error[E0599]: no method named `has_pending_key_rotation` found for struct `AttestationContractClient<'a>` in the 
current scope
   --> contracts\attestation\src\key_rotation_test.rs:339:21
    |
339 |     assert!(!client.has_pending_key_rotation());
    |                     ^^^^^^^^^^^^^^^^^^^^^^^^ method not found in `AttestationContractClient<'_>`
    |
   ::: contracts\attestation\src\lib.rs:74:1
    |
 74 | #[contract]
    | ----------- method `has_pending_key_rotation` not found for this struct

error[E0599]: no method named `propose_key_rotation` found for struct `AttestationContractClient<'a>` in the current 
scope
   --> contracts\attestation\src\key_rotation_test.rs:342:12
    |
342 |     client.propose_key_rotation(&right_admin);
    |            ^^^^^^^^^^^^^^^^^^^^ method not found in `AttestationContractClient<'_>`
    |
   ::: contracts\attestation\src\lib.rs:74:1
    |
 74 | #[contract]
    | ----------- method `propose_key_rotation` not found for this struct

error[E0599]: no method named `confirm_key_rotation` found for struct `AttestationContractClient<'a>` in the current 
scope
   --> contracts\attestation\src\key_rotation_test.rs:345:12
    |
345 |     client.confirm_key_rotation(&right_admin);
    |            ^^^^^^^^^^^^^^^^^^^^ method not found in `AttestationContractClient<'_>`
    |
   ::: contracts\attestation\src\lib.rs:74:1
    |
 74 | #[contract]
    | ----------- method `confirm_key_rotation` not found for this struct

error[E0061]: this method takes 8 arguments but 7 arguments were supplied
   --> contracts\attestation\src\gas_benchmark_test.rs:178:12
    |
178 |     client.submit_attestation(&business, &period, &root, &1_700_000_000u64, &1u32, &None, &None);
    |            ^^^^^^^^^^^^^^^^^^------------------------------------------------------------------- argument #8 of 
type `&u64` is missing
    |
note: method defined here
   --> contracts\attestation\src\lib.rs:183:12
    |
183 |     pub fn submit_attestation(
    |            ^^^^^^^^^^^^^^^^^^
...
192 |         nonce: u64,
    |         ----------
help: provide the argument
    |
178 |     client.submit_attestation(&business, &period, &root, &1_700_000_000u64, &1u32, &None, &None, /* &u64 */);
    |                                                                                                ++++++++++++

error[E0061]: this method takes 8 arguments but 7 arguments were supplied
   --> contracts\attestation\src\gas_benchmark_test.rs:197:12
    |
197 |     client.submit_attestation(&business, &period, &root, &1_700_000_000u64, &1u32, &None, &None);
    |            ^^^^^^^^^^^^^^^^^^------------------------------------------------------------------- argument #8 of 
type `&u64` is missing
    |
note: method defined here
   --> contracts\attestation\src\lib.rs:183:12
    |
183 |     pub fn submit_attestation(
    |            ^^^^^^^^^^^^^^^^^^
...
192 |         nonce: u64,
    |         ----------
help: provide the argument
    |
197 |     client.submit_attestation(&business, &period, &root, &1_700_000_000u64, &1u32, &None, &None, /* &u64 */);
    |                                                                                                ++++++++++++

error[E0061]: this method takes 8 arguments but 7 arguments were supplied
   --> contracts\attestation\src\gas_benchmark_test.rs:213:12
    |
213 |     client.submit_attestation(&business, &period, &root, &1_700_000_000u64, &1u32, &None, &None);
    |            ^^^^^^^^^^^^^^^^^^------------------------------------------------------------------- argument #8 of 
type `&u64` is missing
    |
note: method defined here
   --> contracts\attestation\src\lib.rs:183:12
    |
183 |     pub fn submit_attestation(
    |            ^^^^^^^^^^^^^^^^^^
...
192 |         nonce: u64,
    |         ----------
help: provide the argument
    |
213 |     client.submit_attestation(&business, &period, &root, &1_700_000_000u64, &1u32, &None, &None, /* &u64 */);
    |                                                                                                ++++++++++++

error[E0061]: this method takes 8 arguments but 7 arguments were supplied
   --> contracts\attestation\src\gas_benchmark_test.rs:233:12
    |
233 |     client.submit_attestation(&business, &period, &root, &1_700_000_000u64, &1u32, &None, &None);
    |            ^^^^^^^^^^^^^^^^^^------------------------------------------------------------------- argument #8 of 
type `&u64` is missing
    |
note: method defined here
   --> contracts\attestation\src\lib.rs:183:12
    |
183 |     pub fn submit_attestation(
    |            ^^^^^^^^^^^^^^^^^^
...
192 |         nonce: u64,
    |         ----------
help: provide the argument
    |
233 |     client.submit_attestation(&business, &period, &root, &1_700_000_000u64, &1u32, &None, &None, /* &u64 */);
    |                                                                                                ++++++++++++

error[E0061]: this method takes 8 arguments but 7 arguments were supplied
   --> contracts\attestation\src\gas_benchmark_test.rs:255:12
    |
255 |     client.submit_attestation(&business, &period, &old_root, &1_700_000_000u64, &1u32, &None, &None);
    |            ^^^^^^^^^^^^^^^^^^----------------------------------------------------------------------- argument #8 
of type `&u64` is missing
    |
note: method defined here
   --> contracts\attestation\src\lib.rs:183:12
    |
183 |     pub fn submit_attestation(
    |            ^^^^^^^^^^^^^^^^^^
...
192 |         nonce: u64,
    |         ----------
help: provide the argument
    |
255 |     client.submit_attestation(&business, &period, &old_root, &1_700_000_000u64, &1u32, &None, &None, /* &u64 */);
    |                                                                                                    ++++++++++++

error[E0061]: this method takes 6 arguments but 5 arguments were supplied
   --> contracts\attestation\src\gas_benchmark_test.rs:258:12
    |
258 |     client.migrate_attestation(&admin, &business, &period, &new_root, &2u32);
    |            ^^^^^^^^^^^^^^^^^^^---------------------------------------------- argument #6 of type `&u64` is 
missing
    |
note: method defined here
   --> contracts\attestation\src\lib.rs:336:12
    |
336 |     pub fn migrate_attestation(
    |            ^^^^^^^^^^^^^^^^^^^
...
343 |         _nonce: u64,
    |         -----------
help: provide the argument
    |
258 |     client.migrate_attestation(&admin, &business, &period, &new_root, &2u32, /* &u64 */);
    |                                                                            ++++++++++++

error[E0061]: this method takes 8 arguments but 7 arguments were supplied
   --> contracts\attestation\src\gas_benchmark_test.rs:274:12
    |
274 |     client.submit_attestation(&business, &period, &root, &1_700_000_000u64, &1u32, &None, &None);
    |            ^^^^^^^^^^^^^^^^^^------------------------------------------------------------------- argument #8 of 
type `&u64` is missing
    |
note: method defined here
   --> contracts\attestation\src\lib.rs:183:12
    |
183 |     pub fn submit_attestation(
    |            ^^^^^^^^^^^^^^^^^^
...
192 |         nonce: u64,
    |         ----------
help: provide the argument
    |
274 |     client.submit_attestation(&business, &period, &root, &1_700_000_000u64, &1u32, &None, &None, /* &u64 */);
    |                                                                                                ++++++++++++

error[E0061]: this method takes 8 arguments but 7 arguments were supplied
   --> contracts\attestation\src\gas_benchmark_test.rs:316:16
    |
316 |         client.submit_attestation(&business, &period, &root, &1_700_000_000u64, &1u32, &None, &None);
    |                ^^^^^^^^^^^^^^^^^^------------------------------------------------------------------- argument #8 
of type `&u64` is missing
    |
note: method defined here
   --> contracts\attestation\src\lib.rs:183:12
    |
183 |     pub fn submit_attestation(
    |            ^^^^^^^^^^^^^^^^^^
...
192 |         nonce: u64,
    |         ----------
help: provide the argument
    |
316 |         client.submit_attestation(&business, &period, &root, &1_700_000_000u64, &1u32, &None, &None, /* &u64 */);
    |                                                                                                    ++++++++++++

error[E0061]: this method takes 8 arguments but 7 arguments were supplied
   --> contracts\attestation\src\gas_benchmark_test.rs:348:16
    |
348 |         client.submit_attestation(&business, &period, &root, &1_700_000_000u64, &1u32, &None, &None);
    |                ^^^^^^^^^^^^^^^^^^------------------------------------------------------------------- argument #8 
of type `&u64` is missing
    |
note: method defined here
   --> contracts\attestation\src\lib.rs:183:12
    |
183 |     pub fn submit_attestation(
    |            ^^^^^^^^^^^^^^^^^^
...
192 |         nonce: u64,
    |         ----------
help: provide the argument
    |
348 |         client.submit_attestation(&business, &period, &root, &1_700_000_000u64, &1u32, &None, &None, /* &u64 */);
    |                                                                                                    ++++++++++++

error[E0061]: this method takes 8 arguments but 7 arguments were supplied
   --> contracts\attestation\src\gas_benchmark_test.rs:380:12
    |
380 |     client.submit_attestation(&business, &period, &root, &1_700_000_000u64, &1u32, &None, &None);
    |            ^^^^^^^^^^^^^^^^^^------------------------------------------------------------------- argument #8 of 
type `&u64` is missing
    |
note: method defined here
   --> contracts\attestation\src\lib.rs:183:12
    |
183 |     pub fn submit_attestation(
    |            ^^^^^^^^^^^^^^^^^^
...
192 |         nonce: u64,
    |         ----------
help: provide the argument
    |
380 |     client.submit_attestation(&business, &period, &root, &1_700_000_000u64, &1u32, &None, &None, /* &u64 */);
    |                                                                                                ++++++++++++

error[E0061]: this method takes 8 arguments but 7 arguments were supplied
   --> contracts\attestation\src\gas_benchmark_test.rs:400:16
    |
400 |         client.submit_attestation(&business, &period, &root, &1_700_000_000u64, &1u32, &None, &None);
    |                ^^^^^^^^^^^^^^^^^^------------------------------------------------------------------- argument #8 
of type `&u64` is missing
    |
note: method defined here
   --> contracts\attestation\src\lib.rs:183:12
    |
183 |     pub fn submit_attestation(
    |            ^^^^^^^^^^^^^^^^^^
...
192 |         nonce: u64,
    |         ----------
help: provide the argument
    |
400 |         client.submit_attestation(&business, &period, &root, &1_700_000_000u64, &1u32, &None, &None, /* &u64 */);
    |                                                                                                    ++++++++++++

error[E0061]: this method takes 8 arguments but 7 arguments were supplied
   --> contracts\attestation\src\gas_benchmark_test.rs:408:12
    |
408 |     client.submit_attestation(&business, &period, &root, &1_700_000_000u64, &1u32, &None, &None);
    |            ^^^^^^^^^^^^^^^^^^------------------------------------------------------------------- argument #8 of 
type `&u64` is missing
    |
note: method defined here
   --> contracts\attestation\src\lib.rs:183:12
    |
183 |     pub fn submit_attestation(
    |            ^^^^^^^^^^^^^^^^^^
...
192 |         nonce: u64,
    |         ----------
help: provide the argument
    |
408 |     client.submit_attestation(&business, &period, &root, &1_700_000_000u64, &1u32, &None, &None, /* &u64 */);
    |                                                                                                ++++++++++++

error[E0061]: this method takes 8 arguments but 7 arguments were supplied
   --> contracts\attestation\src\gas_benchmark_test.rs:430:16
    |
430 |         client.submit_attestation(&business, &period, &root, &1_700_000_000u64, &1u32, &None, &None);
    |                ^^^^^^^^^^^^^^^^^^------------------------------------------------------------------- argument #8 
of type `&u64` is missing
    |
note: method defined here
   --> contracts\attestation\src\lib.rs:183:12
    |
183 |     pub fn submit_attestation(
    |            ^^^^^^^^^^^^^^^^^^
...
192 |         nonce: u64,
    |         ----------
help: provide the argument
    |
430 |         client.submit_attestation(&business, &period, &root, &1_700_000_000u64, &1u32, &None, &None, /* &u64 */);
    |                                                                                                    ++++++++++++

error[E0061]: this method takes 8 arguments but 7 arguments were supplied
   --> contracts\attestation\src\gas_benchmark_test.rs:438:12
    |
438 |     client.submit_attestation(&business, &period, &root, &1_700_000_000u64, &1u32, &None, &None);
    |            ^^^^^^^^^^^^^^^^^^------------------------------------------------------------------- argument #8 of 
type `&u64` is missing
    |
note: method defined here
   --> contracts\attestation\src\lib.rs:183:12
    |
183 |     pub fn submit_attestation(
    |            ^^^^^^^^^^^^^^^^^^
...
192 |         nonce: u64,
    |         ----------
help: provide the argument
    |
438 |     client.submit_attestation(&business, &period, &root, &1_700_000_000u64, &1u32, &None, &None, /* &u64 */);
    |                                                                                                ++++++++++++

error[E0061]: this method takes 8 arguments but 7 arguments were supplied
   --> contracts\attestation\src\gas_benchmark_test.rs:489:12
    |
489 |     client.submit_attestation(&business, &period, &root, &1_700_000_000u64, &1u32, &None, &None);
    |            ^^^^^^^^^^^^^^^^^^------------------------------------------------------------------- argument #8 of 
type `&u64` is missing
    |
note: method defined here
   --> contracts\attestation\src\lib.rs:183:12
    |
183 |     pub fn submit_attestation(
    |            ^^^^^^^^^^^^^^^^^^
...
192 |         nonce: u64,
    |         ----------
help: provide the argument
    |
489 |     client.submit_attestation(&business, &period, &root, &1_700_000_000u64, &1u32, &None, &None, /* &u64 */);
    |                                                                                                ++++++++++++

error[E0061]: this method takes 8 arguments but 7 arguments were supplied
   --> contracts\attestation\src\gas_benchmark_test.rs:518:12
    |
518 |     client.submit_attestation(&business, &period, &root, &1_700_000_000u64, &1u32, &None, &None);
    |            ^^^^^^^^^^^^^^^^^^------------------------------------------------------------------- argument #8 of 
type `&u64` is missing
    |
note: method defined here
   --> contracts\attestation\src\lib.rs:183:12
    |
183 |     pub fn submit_attestation(
    |            ^^^^^^^^^^^^^^^^^^
...
192 |         nonce: u64,
    |         ----------
help: provide the argument
    |
518 |     client.submit_attestation(&business, &period, &root, &1_700_000_000u64, &1u32, &None, &None, /* &u64 */);
    |                                                                                                ++++++++++++

error[E0061]: this method takes 8 arguments but 7 arguments were supplied
   --> contracts\attestation\src\gas_benchmark_test.rs:537:12
    |
537 |     client.submit_attestation(&business, &period, &root, &1_700_000_000u64, &1u32, &None, &None);
    |            ^^^^^^^^^^^^^^^^^^------------------------------------------------------------------- argument #8 of 
type `&u64` is missing
    |
note: method defined here
   --> contracts\attestation\src\lib.rs:183:12
    |
183 |     pub fn submit_attestation(
    |            ^^^^^^^^^^^^^^^^^^
...
192 |         nonce: u64,
    |         ----------
help: provide the argument
    |
537 |     client.submit_attestation(&business, &period, &root, &1_700_000_000u64, &1u32, &None, &None, /* &u64 */);
    |                                                                                                ++++++++++++

error[E0061]: this method takes 8 arguments but 7 arguments were supplied
   --> contracts\attestation\src\gas_benchmark_test.rs:599:12
    |
599 |     client.submit_attestation(&business, &period, &root, &1_700_000_000u64, &1u32, &None, &None);
    |            ^^^^^^^^^^^^^^^^^^------------------------------------------------------------------- argument #8 of 
type `&u64` is missing
    |
note: method defined here
   --> contracts\attestation\src\lib.rs:183:12
    |
183 |     pub fn submit_attestation(
    |            ^^^^^^^^^^^^^^^^^^
...
192 |         nonce: u64,
    |         ----------
help: provide the argument
    |
599 |     client.submit_attestation(&business, &period, &root, &1_700_000_000u64, &1u32, &None, &None, /* &u64 */);
    |                                                                                                ++++++++++++

error[E0061]: this method takes 8 arguments but 7 arguments were supplied
   --> contracts\attestation\src\gas_benchmark_test.rs:618:12
    |
618 |     client.submit_attestation(&business, &period, &root, &1_700_000_000u64, &1u32, &None, &None);
    |            ^^^^^^^^^^^^^^^^^^------------------------------------------------------------------- argument #8 of 
type `&u64` is missing
    |
note: method defined here
   --> contracts\attestation\src\lib.rs:183:12
    |
183 |     pub fn submit_attestation(
    |            ^^^^^^^^^^^^^^^^^^
...
192 |         nonce: u64,
    |         ----------
help: provide the argument
    |
618 |     client.submit_attestation(&business, &period, &root, &1_700_000_000u64, &1u32, &None, &None, /* &u64 */);
    |                                                                                                ++++++++++++

error[E0061]: this method takes 8 arguments but 7 arguments were supplied
   --> contracts\attestation\src\gas_benchmark_test.rs:633:12
    |
633 |     client.submit_attestation(&business, &period, &root, &1_700_000_000u64, &1u32, &None, &None);
    |            ^^^^^^^^^^^^^^^^^^------------------------------------------------------------------- argument #8 of 
type `&u64` is missing
    |
note: method defined here
   --> contracts\attestation\src\lib.rs:183:12
    |
183 |     pub fn submit_attestation(
    |            ^^^^^^^^^^^^^^^^^^
...
192 |         nonce: u64,
    |         ----------
help: provide the argument
    |
633 |     client.submit_attestation(&business, &period, &root, &1_700_000_000u64, &1u32, &None, &None, /* &u64 */);
    |                                                                                                ++++++++++++

error[E0061]: this method takes 8 arguments but 7 arguments were supplied
   --> contracts\attestation\src\gas_benchmark_test.rs:653:12
    |
653 |     client.submit_attestation(&business, &period, &old_root, &1_700_000_000u64, &1u32, &None, &None);
    |            ^^^^^^^^^^^^^^^^^^----------------------------------------------------------------------- argument #8 
of type `&u64` is missing
    |
note: method defined here
   --> contracts\attestation\src\lib.rs:183:12
    |
183 |     pub fn submit_attestation(
    |            ^^^^^^^^^^^^^^^^^^
...
192 |         nonce: u64,
    |         ----------
help: provide the argument
    |
653 |     client.submit_attestation(&business, &period, &old_root, &1_700_000_000u64, &1u32, &None, &None, /* &u64 */);
    |                                                                                                    ++++++++++++

error[E0061]: this method takes 6 arguments but 5 arguments were supplied
   --> contracts\attestation\src\gas_benchmark_test.rs:656:12
    |
656 |     client.migrate_attestation(&admin, &business, &period, &new_root, &2u32);
    |            ^^^^^^^^^^^^^^^^^^^---------------------------------------------- argument #6 of type `&u64` is 
missing
    |
note: method defined here
   --> contracts\attestation\src\lib.rs:336:12
    |
336 |     pub fn migrate_attestation(
    |            ^^^^^^^^^^^^^^^^^^^
...
343 |         _nonce: u64,
    |         -----------
help: provide the argument
    |
656 |     client.migrate_attestation(&admin, &business, &period, &new_root, &2u32, /* &u64 */);
    |                                                                            ++++++++++++

error[E0061]: this method takes 8 arguments but 7 arguments were supplied
   --> contracts\attestation\src\gas_benchmark_test.rs:671:12
    |
671 |     client.submit_attestation(&business, &period, &root, &1_700_000_000u64, &1u32, &None, &None);
    |            ^^^^^^^^^^^^^^^^^^------------------------------------------------------------------- argument #8 of 
type `&u64` is missing
    |
note: method defined here
   --> contracts\attestation\src\lib.rs:183:12
    |
183 |     pub fn submit_attestation(
    |            ^^^^^^^^^^^^^^^^^^
...
192 |         nonce: u64,
    |         ----------
help: provide the argument
    |
671 |     client.submit_attestation(&business, &period, &root, &1_700_000_000u64, &1u32, &None, &None, /* &u64 */);
    |                                                                                                ++++++++++++

error[E0061]: this method takes 8 arguments but 7 arguments were supplied
   --> contracts\attestation\src\gas_benchmark_test.rs:705:12
    |
705 |     client.submit_attestation(&business, &period, &root, &1_700_000_000u64, &1u32, &None, &None);
    |            ^^^^^^^^^^^^^^^^^^------------------------------------------------------------------- argument #8 of 
type `&u64` is missing
    |
note: method defined here
   --> contracts\attestation\src\lib.rs:183:12
    |
183 |     pub fn submit_attestation(
    |            ^^^^^^^^^^^^^^^^^^
...
192 |         nonce: u64,
    |         ----------
help: provide the argument
    |
705 |     client.submit_attestation(&business, &period, &root, &1_700_000_000u64, &1u32, &None, &None, /* &u64 */);
    |                                                                                                ++++++++++++

error[E0061]: this method takes 8 arguments but 7 arguments were supplied
   --> contracts\attestation\src\gas_benchmark_test.rs:724:12
    |
724 |     client.submit_attestation(&business, &period, &root, &1_700_000_000u64, &1u32, &None, &None);
    |            ^^^^^^^^^^^^^^^^^^------------------------------------------------------------------- argument #8 of 
type `&u64` is missing
    |
note: method defined here
   --> contracts\attestation\src\lib.rs:183:12
    |
183 |     pub fn submit_attestation(
    |            ^^^^^^^^^^^^^^^^^^
...
192 |         nonce: u64,
    |         ----------
help: provide the argument
    |
724 |     client.submit_attestation(&business, &period, &root, &1_700_000_000u64, &1u32, &None, &None, /* &u64 */);
    |                                                                                                ++++++++++++

error[E0061]: this method takes 8 arguments but 7 arguments were supplied
   --> contracts\attestation\src\query_pagination_test.rs:39:16
    |
 39 |         client.submit_attestation(&business, &period, &root, &1700000000u64, &i, &None, &None);
    |                ^^^^^^^^^^^^^^^^^^------------------------------------------------------------- argument #8 of 
type `&u64` is missing
    |
note: method defined here
   --> contracts\attestation\src\lib.rs:183:12
    |
183 |     pub fn submit_attestation(
    |            ^^^^^^^^^^^^^^^^^^
...
192 |         nonce: u64,
    |         ----------
help: provide the argument
    |
 39 |         client.submit_attestation(&business, &period, &root, &1700000000u64, &i, &None, &None, /* &u64 */);
    |                                                                                              ++++++++++++

error[E0061]: this method takes 2 arguments but 1 argument was supplied
  --> contracts\attestation\src\query_pagination_test.rs:50:12
   |
50 |     client.initialize(&Address::generate(env));
   |            ^^^^^^^^^^------------------------- argument #2 of type `&u64` is missing
   |
note: method defined here
  --> contracts\attestation\src\lib.rs:79:12
   |
79 |     pub fn initialize(env: Env, admin: Address, _nonce: u64) {
   |            ^^^^^^^^^^                           -----------
help: provide the argument
   |
50 |     client.initialize(&Address::generate(env), /* &u64 */);
   |                                              ++++++++++++

error[E0061]: this method takes 2 arguments but 1 argument was supplied
  --> contracts\attestation\src\query_pagination_test.rs:73:12
   |
73 |     client.initialize(&Address::generate(env));
   |            ^^^^^^^^^^------------------------- argument #2 of type `&u64` is missing
   |
note: method defined here
  --> contracts\attestation\src\lib.rs:79:12
   |
79 |     pub fn initialize(env: Env, admin: Address, _nonce: u64) {
   |            ^^^^^^^^^^                           -----------
help: provide the argument
   |
73 |     client.initialize(&Address::generate(env), /* &u64 */);
   |                                              ++++++++++++

error[E0061]: this method takes 8 arguments but 7 arguments were supplied
   --> contracts\attestation\src\query_pagination_test.rs:281:16
    |
281 |         client.submit_attestation(&business, &period, &root, &1700000000u64, &1u32, &None, &None);
    |                ^^^^^^^^^^^^^^^^^^---------------------------------------------------------------- argument #8 of 
type `&u64` is missing
    |
note: method defined here
   --> contracts\attestation\src\lib.rs:183:12
    |
183 |     pub fn submit_attestation(
    |            ^^^^^^^^^^^^^^^^^^
...
192 |         nonce: u64,
    |         ----------
help: provide the argument
    |
281 |         client.submit_attestation(&business, &period, &root, &1700000000u64, &1u32, &None, &None, /* &u64 */);
    |                                                                                                 ++++++++++++

error[E0061]: this method takes 8 arguments but 7 arguments were supplied
   --> contracts\attestation\src\query_pagination_test.rs:362:12
    |
362 |     client.submit_attestation(&business, &period, &root, &1700000000u64, &1u32, &None, &None);
    |            ^^^^^^^^^^^^^^^^^^---------------------------------------------------------------- argument #8 of 
type `&u64` is missing
    |
note: method defined here
   --> contracts\attestation\src\lib.rs:183:12
    |
183 |     pub fn submit_attestation(
    |            ^^^^^^^^^^^^^^^^^^
...
192 |         nonce: u64,
    |         ----------
help: provide the argument
    |
362 |     client.submit_attestation(&business, &period, &root, &1700000000u64, &1u32, &None, &None, /* &u64 */);
    |                                                                                             ++++++++++++

error[E0061]: this method takes 8 arguments but 7 arguments were supplied
   --> contracts\attestation\src\query_pagination_test.rs:392:12
    |
392 |     client.submit_attestation(&business, &period, &root, &1700000000u64, &1u32, &None, &None);
    |            ^^^^^^^^^^^^^^^^^^---------------------------------------------------------------- argument #8 of 
type `&u64` is missing
    |
note: method defined here
   --> contracts\attestation\src\lib.rs:183:12
    |
183 |     pub fn submit_attestation(
    |            ^^^^^^^^^^^^^^^^^^
...
192 |         nonce: u64,
    |         ----------
help: provide the argument
    |
392 |     client.submit_attestation(&business, &period, &root, &1700000000u64, &1u32, &None, &None, /* &u64 */);
    |                                                                                             ++++++++++++

error[E0061]: this method takes 8 arguments but 7 arguments were supplied
   --> contracts\attestation\src\query_pagination_test.rs:408:12
    |
408 |       client.submit_attestation(
    |  ____________^^^^^^^^^^^^^^^^^^-
409 | |         &business,
410 | |         &p1,
411 | |         &BytesN::from_array(&env, &[1u8; 32]),
...   |
415 | |         &None,
416 | |     );
    | |_____- argument #8 of type `&u64` is missing
    |
note: method defined here
   --> contracts\attestation\src\lib.rs:183:12
    |
183 |     pub fn submit_attestation(
    |            ^^^^^^^^^^^^^^^^^^
...
192 |         nonce: u64,
    |         ----------
help: provide the argument
    |
408 |     client.submit_attestation(
...
415 |         &None,
416 ~         /* &u64 */,
417 ~     );
    |

error[E0061]: this method takes 8 arguments but 7 arguments were supplied
   --> contracts\attestation\src\query_pagination_test.rs:417:12
    |
417 |       client.submit_attestation(
    |  ____________^^^^^^^^^^^^^^^^^^-
418 | |         &business,
419 | |         &p3,
420 | |         &BytesN::from_array(&env, &[3u8; 32]),
...   |
424 | |         &None,
425 | |     );
    | |_____- argument #8 of type `&u64` is missing
    |
note: method defined here
   --> contracts\attestation\src\lib.rs:183:12
    |
183 |     pub fn submit_attestation(
    |            ^^^^^^^^^^^^^^^^^^
...
192 |         nonce: u64,
    |         ----------
help: provide the argument
    |
417 |     client.submit_attestation(
...
424 |         &None,
425 ~         /* &u64 */,
426 ~     );
    |

error[E0308]: mismatched types
   --> contracts\attestation\src\query_pagination_test.rs:466:64
    |
466 |         let expected_root = BytesN::from_array(&env, &[( (i+1)*10 as u8); 32]);
    |                                                                ^^^^^^^^ expected `u32`, found `u8`

error[E0308]: mismatched types
   --> contracts\attestation\src\query_pagination_test.rs:466:56
    |
466 |         let expected_root = BytesN::from_array(&env, &[( (i+1)*10 as u8); 32]);
    |                                                        ^^^^^^^^^^^^^^^^^ expected `u8`, found `u32`
    |
help: you can convert a `u32` to a `u8` and panic if the converted value doesn't fit
    |
466 |         let expected_root = BytesN::from_array(&env, &[(( (i+1)*10 as u8)).try_into().unwrap(); 32]);
    |                                                        +                 +++++++++++++++++++++

error[E0277]: cannot multiply `u32` by `u8`
   --> contracts\attestation\src\query_pagination_test.rs:466:63
    |
466 |         let expected_root = BytesN::from_array(&env, &[( (i+1)*10 as u8); 32]);
    |                                                               ^ no implementation for `u32 * u8`
    |
    = help: the trait `Mul<u8>` is not implemented for `u32`
    = help: the following other types implement trait `Mul<Rhs>`:
              `&u32` implements `Mul<&num_bigint::bigint::BigInt>`
              `&u32` implements `Mul<&num_bigint::biguint::BigUint>`
              `&u32` implements `Mul<num_bigint::bigint::BigInt>`
              `&u32` implements `Mul<num_bigint::biguint::BigUint>`
              `&u32` implements `Mul<u32>`
              `&u32` implements `Mul`
              `u32` implements `Mul<&num_bigint::bigint::BigInt>`
              `u32` implements `Mul<&num_bigint::biguint::BigUint>`
            and 6 others

error[E0308]: mismatched types
   --> contracts\attestation\src\query_pagination_test.rs:467:28
    |
467 |         assert_eq!(out.get(i as usize).unwrap().1, expected_root);
    |                        --- ^^^^^^^^^^ expected `u32`, found `usize`
    |                        |
    |                        arguments to this method are incorrect
    |
note: method defined here
   --> C:\Users\ADMIN\.cargo\registry\src\index.crates.io-1949cf8c6b5b557f\soroban-sdk-22.0.11\src\vec.rs:388:12
    |
388 |     pub fn get(&self, i: u32) -> Option<T> {
    |            ^^^
help: you can convert a `usize` to a `u32` and panic if the converted value doesn't fit
    |
467 |         assert_eq!(out.get((i as usize).try_into().unwrap()).unwrap().1, expected_root);
    |                            +          +++++++++++++++++++++

error[E0308]: mismatched types
   --> contracts\attestation\src\query_pagination_test.rs:495:36
    |
495 |         periods.set(i, periods.get(len as usize - 1 - i as usize).unwrap().clone());
    |                                --- ^^^^^^^^^^^^^^^^^^^^^^^^^^^^^ expected `u32`, found `usize`
    |                                |
    |                                arguments to this method are incorrect
    |
note: method defined here
   --> C:\Users\ADMIN\.cargo\registry\src\index.crates.io-1949cf8c6b5b557f\soroban-sdk-22.0.11\src\vec.rs:388:12
    |
388 |     pub fn get(&self, i: u32) -> Option<T> {
    |            ^^^
help: you can convert a `usize` to a `u32` and panic if the converted value doesn't fit
    |
495 |         periods.set(i, periods.get((len as usize - 1 - i as usize).try_into().unwrap()).unwrap().clone());
    |                                    +                             +++++++++++++++++++++

error[E0308]: mismatched types
   --> contracts\attestation\src\query_pagination_test.rs:496:21
    |
496 |         periods.set(len as usize - 1 - i as usize, temp);
    |                 --- ^^^^^^^^^^^^^^^^^^^^^^^^^^^^^ expected `u32`, found `usize`
    |                 |
    |                 arguments to this method are incorrect
    |
note: method defined here
   --> C:\Users\ADMIN\.cargo\registry\src\index.crates.io-1949cf8c6b5b557f\soroban-sdk-22.0.11\src\vec.rs:440:12
    |
440 |     pub fn set(&mut self, i: u32, v: T) {
    |            ^^^
help: you can convert a `usize` to a `u32` and panic if the converted value doesn't fit
    |
496 |         periods.set((len as usize - 1 - i as usize).try_into().unwrap(), temp);
    |                     +                             +++++++++++++++++++++

error[E0061]: this method takes 8 arguments but 6 arguments were supplied
   --> contracts\attestation\src\query_pagination_test.rs:512:12
    |
512 |     client.submit_attestation(&business, &p1, &BytesN::from_array(&env, &[1;32]), &1700000000u64, &1, &None);
    |            ^^^^^^^^^^^^^^^^^^------------------------------------------------------------------------------- two 
arguments of type `&core::option::Option<u64>` and `&u64` are missing
    |
note: method defined here
   --> contracts\attestation\src\lib.rs:183:12
    |
183 |     pub fn submit_attestation(
    |            ^^^^^^^^^^^^^^^^^^
...
191 |         expiry_timestamp: Option<u64>,
    |         -----------------------------
192 |         nonce: u64,
    |         ----------
help: provide the arguments
    |
512 |     client.submit_attestation(&business, &p1, &BytesN::from_array(&env, &[1;32]), &1700000000u64, &1, &None, /* 
&core::option::Option<u64> */, /* &u64 */);
    |                                                                                                            
++++++++++++++++++++++++++++++++++++++++++++++

error[E0599]: no method named `unwrap` found for tuple `(soroban_sdk::String, soroban_sdk::BytesN<32>, u64, u32, u32)` 
in the current scope
   --> contracts\attestation\src\query_pagination_test.rs:596:33
    |
596 |             all1.push_back(item.unwrap());
    |                                 ^^^^^^ method not found in `(soroban_sdk::String, soroban_sdk::BytesN<32>, u64, 
u32, u32)`

error[E0599]: no method named `unwrap` found for tuple `(soroban_sdk::String, soroban_sdk::BytesN<32>, u64, u32, u32)` 
in the current scope
   --> contracts\attestation\src\query_pagination_test.rs:607:33
    |
607 |             all2.push_back(item.unwrap());
    |                                 ^^^^^^ method not found in `(soroban_sdk::String, soroban_sdk::BytesN<32>, u64, 
u32, u32)`

error[E0061]: this method takes 8 arguments but 7 arguments were supplied
   --> contracts\attestation\src\expiry_test.rs:24:12
    |
 24 |     client.submit_attestation(&business, &period, &merkle_root, &1000, &1, &None, &None);
    |            ^^^^^^^^^^^^^^^^^^----------------------------------------------------------- argument #8 of type 
`&u64` is missing
    |
note: method defined here
   --> contracts\attestation\src\lib.rs:183:12
    |
183 |     pub fn submit_attestation(
    |            ^^^^^^^^^^^^^^^^^^
...
192 |         nonce: u64,
    |         ----------
help: provide the argument
    |
 24 |     client.submit_attestation(&business, &period, &merkle_root, &1000, &1, &None, &None, /* &u64 */);
    |                                                                                        ++++++++++++

error[E0061]: this method takes 8 arguments but 7 arguments were supplied
   --> contracts\attestation\src\expiry_test.rs:43:12
    |
 43 |       client.submit_attestation(
    |  ____________^^^^^^^^^^^^^^^^^^-
 44 | |         &business,
 45 | |         &period,
 46 | |         &root,
...   |
 50 | |         &Some(expiry_ts),
 51 | |     );
    | |_____- argument #8 of type `&u64` is missing
    |
note: method defined here
   --> contracts\attestation\src\lib.rs:183:12
    |
183 |     pub fn submit_attestation(
    |            ^^^^^^^^^^^^^^^^^^
...
192 |         nonce: u64,
    |         ----------
help: provide the argument
    |
 43 |     client.submit_attestation(
...
 50 |         &Some(expiry_ts),
 51 ~         /* &u64 */,
 52 ~     );
    |

error[E0061]: this method takes 8 arguments but 7 arguments were supplied
   --> contracts\attestation\src\expiry_test.rs:65:12
    |
 65 |     client.submit_attestation(&business, &period, &merkle_root, &1000, &1, &None, &None);
    |            ^^^^^^^^^^^^^^^^^^----------------------------------------------------------- argument #8 of type 
`&u64` is missing
    |
note: method defined here
   --> contracts\attestation\src\lib.rs:183:12
    |
183 |     pub fn submit_attestation(
    |            ^^^^^^^^^^^^^^^^^^
...
192 |         nonce: u64,
    |         ----------
help: provide the argument
    |
 65 |     client.submit_attestation(&business, &period, &merkle_root, &1000, &1, &None, &None, /* &u64 */);
    |                                                                                        ++++++++++++

error[E0061]: this method takes 8 arguments but 7 arguments were supplied
   --> contracts\attestation\src\expiry_test.rs:68:12
    |
 68 |       client.submit_attestation(
    |  ____________^^^^^^^^^^^^^^^^^^-
 69 | |         &business,
 70 | |         &period,
 71 | |         &root,
...   |
 75 | |         &Some(1_900u64),
 76 | |     );
    | |_____- argument #8 of type `&u64` is missing
    |
note: method defined here
   --> contracts\attestation\src\lib.rs:183:12
    |
183 |     pub fn submit_attestation(
    |            ^^^^^^^^^^^^^^^^^^
...
192 |         nonce: u64,
    |         ----------
help: provide the argument
    |
 68 |     client.submit_attestation(
...
 75 |         &Some(1_900u64),
 76 ~         /* &u64 */,
 77 ~     );
    |

error[E0061]: this method takes 8 arguments but 7 arguments were supplied
   --> contracts\attestation\src\expiry_test.rs:88:12
    |
 88 |       client.submit_attestation(
    |  ____________^^^^^^^^^^^^^^^^^^-
 89 | |         &business,
 90 | |         &period,
 91 | |         &root,
...   |
 95 | |         &Some(expiry_ts),
 96 | |     );
    | |_____- argument #8 of type `&u64` is missing
    |
note: method defined here
   --> contracts\attestation\src\lib.rs:183:12
    |
183 |     pub fn submit_attestation(
    |            ^^^^^^^^^^^^^^^^^^
...
192 |         nonce: u64,
    |         ----------
help: provide the argument
    |
 88 |     client.submit_attestation(
...
 95 |         &Some(expiry_ts),
 96 ~         /* &u64 */,
 97 ~     );
    |

error[E0061]: this method takes 8 arguments but 7 arguments were supplied
   --> contracts\attestation\src\expiry_test.rs:108:12
    |
108 |       client.submit_attestation(
    |  ____________^^^^^^^^^^^^^^^^^^-
109 | |         &business,
110 | |         &period,
111 | |         &root,
...   |
115 | |         &Some(expiry_ts),
116 | |     );
    | |_____- argument #8 of type `&u64` is missing
    |
note: method defined here
   --> contracts\attestation\src\lib.rs:183:12
    |
183 |     pub fn submit_attestation(
    |            ^^^^^^^^^^^^^^^^^^
...
192 |         nonce: u64,
    |         ----------
help: provide the argument
    |
108 |     client.submit_attestation(
...
115 |         &Some(expiry_ts),
116 ~         /* &u64 */,
117 ~     );
    |

error[E0061]: this method takes 8 arguments but 7 arguments were supplied
   --> contracts\attestation\src\expiry_test.rs:127:12
    |
127 |       client.submit_attestation(
    |  ____________^^^^^^^^^^^^^^^^^^-
128 | |         &business,
129 | |         &period,
130 | |         &root,
...   |
134 | |         &Some(expiry_ts),
135 | |     );
    | |_____- argument #8 of type `&u64` is missing
    |
note: method defined here
   --> contracts\attestation\src\lib.rs:183:12
    |
183 |     pub fn submit_attestation(
    |            ^^^^^^^^^^^^^^^^^^
...
192 |         nonce: u64,
    |         ----------
help: provide the argument
    |
127 |     client.submit_attestation(
...
134 |         &Some(expiry_ts),
135 ~         /* &u64 */,
136 ~     );
    |

error[E0061]: this method takes 8 arguments but 7 arguments were supplied
   --> contracts\attestation\src\expiry_test.rs:152:12
    |
152 |       client.submit_attestation(
    |  ____________^^^^^^^^^^^^^^^^^^-
153 | |         &business,
154 | |         &period,
155 | |         &root,
...   |
159 | |         &Some(expiry_ts),
160 | |     );
    | |_____- argument #8 of type `&u64` is missing
    |
note: method defined here
   --> contracts\attestation\src\lib.rs:183:12
    |
183 |     pub fn submit_attestation(
    |            ^^^^^^^^^^^^^^^^^^
...
192 |         nonce: u64,
    |         ----------
help: provide the argument
    |
152 |     client.submit_attestation(
...
159 |         &Some(expiry_ts),
160 ~         /* &u64 */,
161 ~     );
    |

error[E0061]: this method takes 8 arguments but 7 arguments were supplied
   --> contracts\attestation\src\expiry_test.rs:177:12
    |
177 |       client.submit_attestation(
    |  ____________^^^^^^^^^^^^^^^^^^-
178 | |         &business,
179 | |         &period,
180 | |         &root,
...   |
184 | |         &Some(expiry_ts),
185 | |     );
    | |_____- argument #8 of type `&u64` is missing
    |
note: method defined here
   --> contracts\attestation\src\lib.rs:183:12
    |
183 |     pub fn submit_attestation(
    |            ^^^^^^^^^^^^^^^^^^
...
192 |         nonce: u64,
    |         ----------
help: provide the argument
    |
177 |     client.submit_attestation(
...
184 |         &Some(expiry_ts),
185 ~         /* &u64 */,
186 ~     );
    |

error[E0061]: this method takes 8 arguments but 7 arguments were supplied
   --> contracts\attestation\src\expiry_test.rs:214:12
    |
214 |       client.submit_attestation(
    |  ____________^^^^^^^^^^^^^^^^^^-
215 | |         &business,
216 | |         &period,
217 | |         &merkle_root,
...   |
221 | |         &Some(near_max_expiry),
222 | |     );
    | |_____- argument #8 of type `&u64` is missing
    |
note: method defined here
   --> contracts\attestation\src\lib.rs:183:12
    |
183 |     pub fn submit_attestation(
    |            ^^^^^^^^^^^^^^^^^^
...
192 |         nonce: u64,
    |         ----------
help: provide the argument
    |
214 |     client.submit_attestation(
...
221 |         &Some(near_max_expiry),
222 ~         /* &u64 */,
223 ~     );
    |

error[E0061]: this method takes 8 arguments but 7 arguments were supplied
   --> contracts\attestation\src\expiry_test.rs:246:12
    |
246 |       client.submit_attestation(
    |  ____________^^^^^^^^^^^^^^^^^^-
247 | |         &business,
248 | |         &period,
249 | |         &merkle_root,
...   |
253 | |         &Some(max_expiry),
254 | |     );
    | |_____- argument #8 of type `&u64` is missing
    |
note: method defined here
   --> contracts\attestation\src\lib.rs:183:12
    |
183 |     pub fn submit_attestation(
    |            ^^^^^^^^^^^^^^^^^^
...
192 |         nonce: u64,
    |         ----------
help: provide the argument
    |
246 |     client.submit_attestation(
...
253 |         &Some(max_expiry),
254 ~         /* &u64 */,
255 ~     );
    |

error[E0061]: this method takes 8 arguments but 7 arguments were supplied
   --> contracts\attestation\src\expiry_test.rs:276:12
    |
276 |       client.submit_attestation(
    |  ____________^^^^^^^^^^^^^^^^^^-
277 | |         &business,
278 | |         &period,
279 | |         &merkle_root,
...   |
283 | |         &Some(max_expiry),
284 | |     );
    | |_____- argument #8 of type `&u64` is missing
    |
note: method defined here
   --> contracts\attestation\src\lib.rs:183:12
    |
183 |     pub fn submit_attestation(
    |            ^^^^^^^^^^^^^^^^^^
...
192 |         nonce: u64,
    |         ----------
help: provide the argument
    |
276 |     client.submit_attestation(
...
283 |         &Some(max_expiry),
284 ~         /* &u64 */,
285 ~     );
    |

error[E0061]: this method takes 8 arguments but 7 arguments were supplied
   --> contracts\attestation\src\expiry_test.rs:307:12
    |
307 |       client.submit_attestation(
    |  ____________^^^^^^^^^^^^^^^^^^-
308 | |         &business,
309 | |         &period,
310 | |         &merkle_root,
...   |
314 | |         &Some(zero_expiry),
315 | |     );
    | |_____- argument #8 of type `&u64` is missing
    |
note: method defined here
   --> contracts\attestation\src\lib.rs:183:12
    |
183 |     pub fn submit_attestation(
    |            ^^^^^^^^^^^^^^^^^^
...
192 |         nonce: u64,
    |         ----------
help: provide the argument
    |
307 |     client.submit_attestation(
...
314 |         &Some(zero_expiry),
315 ~         /* &u64 */,
316 ~     );
    |

error[E0061]: this method takes 8 arguments but 7 arguments were supplied
   --> contracts\attestation\src\expiry_test.rs:334:12
    |
334 |       client.submit_attestation(
    |  ____________^^^^^^^^^^^^^^^^^^-
335 | |         &business,
336 | |         &period,
337 | |         &merkle_root,
...   |
341 | |         &Some(small_expiry),
342 | |     );
    | |_____- argument #8 of type `&u64` is missing
    |
note: method defined here
   --> contracts\attestation\src\lib.rs:183:12
    |
183 |     pub fn submit_attestation(
    |            ^^^^^^^^^^^^^^^^^^
...
192 |         nonce: u64,
    |         ----------
help: provide the argument
    |
334 |     client.submit_attestation(
...
341 |         &Some(small_expiry),
342 ~         /* &u64 */,
343 ~     );
    |

error[E0061]: this method takes 8 arguments but 7 arguments were supplied
   --> contracts\attestation\src\expiry_test.rs:366:12
    |
366 |       client.submit_attestation(
    |  ____________^^^^^^^^^^^^^^^^^^-
367 | |         &business,
368 | |         &period,
369 | |         &merkle_root,
...   |
373 | |         &Some(expiry_ts),
374 | |     );
    | |_____- argument #8 of type `&u64` is missing
    |
note: method defined here
   --> contracts\attestation\src\lib.rs:183:12
    |
183 |     pub fn submit_attestation(
    |            ^^^^^^^^^^^^^^^^^^
...
192 |         nonce: u64,
    |         ----------
help: provide the argument
    |
366 |     client.submit_attestation(
...
373 |         &Some(expiry_ts),
374 ~         /* &u64 */,
375 ~     );
    |

error[E0061]: this method takes 8 arguments but 7 arguments were supplied
   --> contracts\attestation\src\expiry_test.rs:393:12
    |
393 |       client.submit_attestation(
    |  ____________^^^^^^^^^^^^^^^^^^-
394 | |         &business,
395 | |         &period,
396 | |         &merkle_root,
...   |
400 | |         &Some(expiry_ts),
401 | |     );
    | |_____- argument #8 of type `&u64` is missing
    |
note: method defined here
   --> contracts\attestation\src\lib.rs:183:12
    |
183 |     pub fn submit_attestation(
    |            ^^^^^^^^^^^^^^^^^^
...
192 |         nonce: u64,
    |         ----------
help: provide the argument
    |
393 |     client.submit_attestation(
...
400 |         &Some(expiry_ts),
401 ~         /* &u64 */,
402 ~     );
    |

error[E0061]: this method takes 8 arguments but 7 arguments were supplied
   --> contracts\attestation\src\expiry_test.rs:423:12
    |
423 |       client.submit_attestation(
    |  ____________^^^^^^^^^^^^^^^^^^-
424 | |         &business,
425 | |         &period,
426 | |         &merkle_root,
...   |
430 | |         &Some(expiry),
431 | |     );
    | |_____- argument #8 of type `&u64` is missing
    |
note: method defined here
   --> contracts\attestation\src\lib.rs:183:12
    |
183 |     pub fn submit_attestation(
    |            ^^^^^^^^^^^^^^^^^^
...
192 |         nonce: u64,
    |         ----------
help: provide the argument
    |
423 |     client.submit_attestation(
...
430 |         &Some(expiry),
431 ~         /* &u64 */,
432 ~     );
    |

error[E0061]: this method takes 8 arguments but 7 arguments were supplied
   --> contracts\attestation\src\expiry_test.rs:453:12
    |
453 |       client.submit_attestation(
    |  ____________^^^^^^^^^^^^^^^^^^-
454 | |         &business,
455 | |         &period,
456 | |         &merkle_root,
...   |
460 | |         &Some(large_expiry),
461 | |     );
    | |_____- argument #8 of type `&u64` is missing
    |
note: method defined here
   --> contracts\attestation\src\lib.rs:183:12
    |
183 |     pub fn submit_attestation(
    |            ^^^^^^^^^^^^^^^^^^
...
192 |         nonce: u64,
    |         ----------
help: provide the argument
    |
453 |     client.submit_attestation(
...
460 |         &Some(large_expiry),
461 ~         /* &u64 */,
462 ~     );
    |

error[E0061]: this method takes 8 arguments but 7 arguments were supplied
   --> contracts\attestation\src\expiry_test.rs:477:12
    |
477 |       client.submit_attestation(
    |  ____________^^^^^^^^^^^^^^^^^^-
478 | |         &business,
479 | |         &period,
480 | |         &merkle_root,
...   |
484 | |         &Some(large_expiry),
485 | |     );
    | |_____- argument #8 of type `&u64` is missing
    |
note: method defined here
   --> contracts\attestation\src\lib.rs:183:12
    |
183 |     pub fn submit_attestation(
    |            ^^^^^^^^^^^^^^^^^^
...
192 |         nonce: u64,
    |         ----------
help: provide the argument
    |
477 |     client.submit_attestation(
...
484 |         &Some(large_expiry),
485 ~         /* &u64 */,
486 ~     );
    |

error[E0061]: this method takes 8 arguments but 7 arguments were supplied
   --> contracts\attestation\src\expiry_test.rs:515:16
    |
515 |           client.submit_attestation(
    |  ________________^^^^^^^^^^^^^^^^^^-
516 | |             &business,
517 | |             &period,
518 | |             &merkle_root,
...   |
522 | |             &Some(expiry),
523 | |         );
    | |_________- argument #8 of type `&u64` is missing
    |
note: method defined here
   --> contracts\attestation\src\lib.rs:183:12
    |
183 |     pub fn submit_attestation(
    |            ^^^^^^^^^^^^^^^^^^
...
192 |         nonce: u64,
    |         ----------
help: provide the argument
    |
515 |         client.submit_attestation(
...
522 |             &Some(expiry),
523 ~             /* &u64 */,
524 ~         );
    |

error[E0061]: this method takes 8 arguments but 7 arguments were supplied
   --> contracts\attestation\src\expiry_test.rs:543:12
    |
543 |       client.submit_attestation(
    |  ____________^^^^^^^^^^^^^^^^^^-
544 | |         &business,
545 | |         &period,
546 | |         &merkle_root,
...   |
550 | |         &Some(expiry_ts),
551 | |     );
    | |_____- argument #8 of type `&u64` is missing
    |
note: method defined here
   --> contracts\attestation\src\lib.rs:183:12
    |
183 |     pub fn submit_attestation(
    |            ^^^^^^^^^^^^^^^^^^
...
192 |         nonce: u64,
    |         ----------
help: provide the argument
    |
543 |     client.submit_attestation(
...
550 |         &Some(expiry_ts),
551 ~         /* &u64 */,
552 ~     );
    |

error[E0061]: this method takes 8 arguments but 7 arguments were supplied
   --> contracts\attestation\src\expiry_test.rs:578:12
    |
578 |       client.submit_attestation(
    |  ____________^^^^^^^^^^^^^^^^^^-
579 | |         &business,
580 | |         &period,
581 | |         &merkle_root,
...   |
585 | |         &Some(expiry_ts),
586 | |     );
    | |_____- argument #8 of type `&u64` is missing
    |
note: method defined here
   --> contracts\attestation\src\lib.rs:183:12
    |
183 |     pub fn submit_attestation(
    |            ^^^^^^^^^^^^^^^^^^
...
192 |         nonce: u64,
    |         ----------
help: provide the argument
    |
578 |     client.submit_attestation(
...
585 |         &Some(expiry_ts),
586 ~         /* &u64 */,
587 ~     );
    |

error[E0061]: this method takes 8 arguments but 7 arguments were supplied
   --> contracts\attestation\src\expiry_test.rs:626:16
    |
626 |           client.submit_attestation(
    |  ________________^^^^^^^^^^^^^^^^^^-
627 | |             &business,
628 | |             &period,
629 | |             &merkle_root,
...   |
633 | |             &Some(expiry),
634 | |         );
    | |_________- argument #8 of type `&u64` is missing
    |
note: method defined here
   --> contracts\attestation\src\lib.rs:183:12
    |
183 |     pub fn submit_attestation(
    |            ^^^^^^^^^^^^^^^^^^
...
192 |         nonce: u64,
    |         ----------
help: provide the argument
    |
626 |         client.submit_attestation(
...
633 |             &Some(expiry),
634 ~             /* &u64 */,
635 ~         );
    |

error[E0061]: this method takes 8 arguments but 7 arguments were supplied
   --> contracts\attestation\src\expiry_test.rs:658:12
    |
658 |       client.submit_attestation(
    |  ____________^^^^^^^^^^^^^^^^^^-
659 | |         &business,
660 | |         &period,
661 | |         &merkle_root,
...   |
665 | |         &Some(past_expiry),
666 | |     );
    | |_____- argument #8 of type `&u64` is missing
    |
note: method defined here
   --> contracts\attestation\src\lib.rs:183:12
    |
183 |     pub fn submit_attestation(
    |            ^^^^^^^^^^^^^^^^^^
...
192 |         nonce: u64,
    |         ----------
help: provide the argument
    |
658 |     client.submit_attestation(
...
665 |         &Some(past_expiry),
666 ~         /* &u64 */,
667 ~     );
    |

error[E0282]: type annotations needed
   --> contracts\attestation\src\revocation_test.rs:190:16
    |
190 |     assert_eq!(revocation_after.unwrap().2, reason);
    |                ^^^^^^^^^^^^^^^^ cannot infer type

error[E0282]: type annotations needed
   --> contracts\attestation\src\revocation_test.rs:239:13
    |
239 |     assert!(attestation0.is_some());
    |             ^^^^^^^^^^^^ cannot infer type

error[E0282]: type annotations needed
   --> contracts\attestation\src\revocation_test.rs:240:13
    |
240 |     assert!(revocation0.is_none());
    |             ^^^^^^^^^^^ cannot infer type

error[E0282]: type annotations needed
   --> contracts\attestation\src\revocation_test.rs:244:13
    |
244 |     assert!(attestation1.is_some());
    |             ^^^^^^^^^^^^ cannot infer type

error[E0282]: type annotations needed
   --> contracts\attestation\src\revocation_test.rs:245:13
    |
245 |     assert!(revocation1.is_some());
    |             ^^^^^^^^^^^ cannot infer type

error[E0282]: type annotations needed
   --> contracts\attestation\src\revocation_test.rs:249:13
    |
249 |     assert!(attestation2.is_none());
    |             ^^^^^^^^^^^^ cannot infer type

error[E0282]: type annotations needed
   --> contracts\attestation\src\revocation_test.rs:250:13
    |
250 |     assert!(revocation2.is_none());
    |             ^^^^^^^^^^^ cannot infer type

error[E0282]: type annotations needed
   --> contracts\attestation\src\revocation_test.rs:254:13
    |
254 |     assert!(attestation3.is_some());
    |             ^^^^^^^^^^^^ cannot infer type

error[E0282]: type annotations needed
   --> contracts\attestation\src\revocation_test.rs:255:13
    |
255 |     assert!(revocation3.is_none());
    |             ^^^^^^^^^^^ cannot infer type

error[E0282]: type annotations needed
   --> contracts\attestation\src\revocation_test.rs:419:16
    |
419 |     assert_eq!(revocation.unwrap().2, revoke_reason);
    |                ^^^^^^^^^^ cannot infer type

warning: unused variable: `fee_paid`
  --> contracts\attestation\src\fees_test.rs:69:10
   |
69 |     let (fee_paid, _, _, _, _, _) = match t.client.get_attestation(&business, &period) {
   |          ^^^^^^^^ help: if this is intentional, prefix it with an underscore: `_fee_paid`
   |
   = note: `#[warn(unused_variables)]` (part of `#[warn(unused)]`) on by default

warning: unused variable: `next2`
   --> contracts\attestation\src\query_pagination_test.rs:482:17
    |
482 |     let (page2, next2) = client.get_attestations_page(&business, &periods, &None, &None, &STATUS_FILTER_ALL, 
&None, &15, &next1);
    |                 ^^^^^ help: if this is intentional, prefix it with an underscore: `_next2`

warning: unused variable: `client`
   --> contracts\attestation\src\query_pagination_test.rs:538:20
    |
538 |     let (business, client, periods) = setup_sparse_gaps(&env);
    |                    ^^^^^^ help: if this is intentional, prefix it with an underscore: `_client`

warning: unused variable: `periods`
   --> contracts\attestation\src\query_pagination_test.rs:538:28
    |
538 |     let (business, client, periods) = setup_sparse_gaps(&env);
    |                            ^^^^^^^ help: if this is intentional, prefix it with an underscore: `_periods`

Some errors have detailed explanations: E0061, E0277, E0282, E0308, E0369, E0425, E0432, E0433, E0599.
For more information about an error, try `rustc --explain E0061`.
warning: `veritasor-attestation` (lib test) generated 4 warnings
error: could not compile `veritasor-attestation` (lib test) due to 494 previous errors; 4 warnings emitted
